 Bameware Legacy

 Timestamp is 63b60567 (Thu Jan  5 01:01:59 2023)

 Preferred load address is 10000000

 Start         Length     Name                   Class
 0001:00000000 00000dd0H .text                   CODE
 0001:00000dd0 000005c0H .text$di                CODE
 0001:00001390 000abcc0H .text$mn                CODE
 0001:000ad050 00002d00H .text$x                 CODE
 0001:000afd50 000005f6H .text$yd                CODE
 0002:00000000 00000278H .idata$5                DATA
 0002:00000278 00000004H .00cfg                  DATA
 0002:0000027c 00000004H .CRT$XCA                DATA
 0002:00000280 00000024H .CRT$XCC                DATA
 0002:000002a4 00000008H .CRT$XCL                DATA
 0002:000002ac 00000088H .CRT$XCU                DATA
 0002:00000334 00000004H .CRT$XCZ                DATA
 0002:00000338 00000004H .CRT$XIA                DATA
 0002:0000033c 00000018H .CRT$XIC                DATA
 0002:00000354 00000004H .CRT$XIZ                DATA
 0002:00000358 00000004H .CRT$XLA                DATA
 0002:0000035c 00000004H .CRT$XLZ                DATA
 0002:00000360 00000004H .CRT$XPA                DATA
 0002:00000364 00000004H .CRT$XPB                DATA
 0002:00000368 00000008H .CRT$XPX                DATA
 0002:00000370 00000004H .CRT$XPXA               DATA
 0002:00000374 00000004H .CRT$XPZ                DATA
 0002:00000378 00000004H .CRT$XTA                DATA
 0002:0000037c 00000004H .CRT$XTZ                DATA
 0002:00000380 00000000H .gfids$y                DATA
 0002:00000380 00022338H .rdata                  DATA
 0002:000226b8 00000018H .rdata$T                DATA
 0002:000226d0 0000128cH .rdata$r                DATA
 0002:0002395c 000003e8H .rdata$zzzdbg           DATA
 0002:00023d44 00000004H .rtc$IAA                DATA
 0002:00023d48 00000004H .rtc$IZZ                DATA
 0002:00023d4c 00000004H .rtc$TAA                DATA
 0002:00023d50 00000004H .rtc$TZZ                DATA
 0002:00023d54 00000004H .tls                    DATA
 0002:00023d58 00000004H .tls$                   DATA
 0002:00023d5c 00000004H .tls$ZZZ                DATA
 0002:00023d60 00003904H .xdata$x                DATA
 0002:00027664 00000000H .edata                  DATA
 0002:00027664 000000a0H .idata$2                DATA
 0002:00027704 00000014H .idata$3                DATA
 0002:00027718 00000278H .idata$4                DATA
 0002:00027990 00000ad8H .idata$6                DATA
 0003:00000000 000192c0H .data                   DATA
 0003:000192c0 00000a28H .data$r                 DATA
 0003:00019ce8 000f9e1cH .bss                    DATA
 0004:00000000 00000060H .rsrc$01                DATA
 0004:00000060 00000180H .rsrc$02                DATA

  Address         Publics by Value              Rva+Base       Lib:Object

 0000:00000000       ___hybrid_auxiliary_iat    00000000     <absolute>
 0000:00000000       ___guard_longjmp_count     00000000     <absolute>
 0000:00000000       ___dynamic_value_reloc_table 00000000     <absolute>
 0000:00000000       ___guard_iat_count         00000000     <absolute>
 0000:00000000       ___hybrid_code_map         00000000     <absolute>
 0000:00000000       ___guard_fids_count        00000000     <absolute>
 0000:00000000       ___guard_longjmp_table     00000000     <absolute>
 0000:00000000       ___hybrid_code_map_count   00000000     <absolute>
 0000:00000000       ___volatile_metadata       00000000     <absolute>
 0000:00000000       __except_list              00000000     <absolute>
 0000:00000000       ___guard_fids_table        00000000     <absolute>
 0000:00000000       ___safe_se_handler_table   00000000     <absolute>
 0000:00000000       ___guard_iat_table         00000000     <absolute>
 0000:00000000       ___safe_se_handler_count   00000000     <absolute>
 0000:00000000       ___enclave_config          00000000     <absolute>
 0000:0000002c       __tls_array                0000002c     <absolute>
 0000:00000100       ___guard_flags             00000100     <absolute>
 0000:00000000       ___ImageBase               10000000     <linker-defined>
 0001:00000000       _DetourRemove@8            10001000 f   detours:detours.obj
 0001:00000160       ??0CDetourEnableWriteOnCodePage@@QAE@PAEJ@Z 10001160 f i detours:detours.obj
 0001:000001e0       ??1CDetourEnableWriteOnCodePage@@QAE@XZ 100011e0 f i detours:detours.obj
 0001:00000250       _DetourFunction@8          10001250 f   detours:detours.obj
 0001:00000540       ?SetPermission@CDetourEnableWriteOnCodePage@@QAEHK@Z 10001540 f i detours:detours.obj
 0001:00000580       ?IsValid@CDetourEnableWriteOnCodePage@@QAEHXZ 10001580 f i detours:detours.obj
 0001:00000620       ?DetourGenJmp@@YAPAEPAE00@Z 10001620 f i detours:detours.obj
 0001:00000660       ?DetourGenBreak@@YAPAEPAE@Z 10001660 f i detours:detours.obj
 0001:00000680       _DetourGetFinalCode@8      10001680 f   detours:detours.obj
 0001:000006f0       _DetourCopyInstruction@12  100016f0 f   detours:disasm.obj
 0001:00000720       ??0CDetourDis@@QAE@PAPAEPAJ@Z 10001720 f   detours:disasm.obj
 0001:000007a0       ?Set16BitOperand@CDetourDis@@IAEXXZ 100017a0 f   detours:disasm.obj
 0001:000007c0       ?Set32BitOperand@CDetourDis@@IAEXXZ 100017c0 f   detours:disasm.obj
 0001:000007e0       ?Set16BitAddress@CDetourDis@@IAEXXZ 100017e0 f   detours:disasm.obj
 0001:00000800       ?Set32BitAddress@CDetourDis@@IAEXXZ 10001800 f   detours:disasm.obj
 0001:00000820       ?CopyInstruction@CDetourDis@@QAEPAEPAE0@Z 10001820 f   detours:disasm.obj
 0001:00000880       ?CopyBytes@CDetourDis@@IAEPAEPBUCOPYENTRY@1@PAE1@Z 10001880 f   detours:disasm.obj
 0001:00000a60       ?CopyBytesPrefix@CDetourDis@@IAEPAEPBUCOPYENTRY@1@PAE1@Z 10001a60 f   detours:disasm.obj
 0001:00000ab0       ?AdjustTarget@CDetourDis@@IAEPAEPAE0JJ@Z 10001ab0 f   detours:disasm.obj
 0001:00000b90       ?Invalid@CDetourDis@@IAEPAEPBUCOPYENTRY@1@PAE1@Z 10001b90 f   detours:disasm.obj
 0001:00000bb0       ?Copy0F@CDetourDis@@IAEPAEPBUCOPYENTRY@1@PAE1@Z 10001bb0 f   detours:disasm.obj
 0001:00000c00       ?Copy66@CDetourDis@@IAEPAEPBUCOPYENTRY@1@PAE1@Z 10001c00 f   detours:disasm.obj
 0001:00000c30       ?Copy67@CDetourDis@@IAEPAEPBUCOPYENTRY@1@PAE1@Z 10001c30 f   detours:disasm.obj
 0001:00000c60       ?CopyF6@CDetourDis@@IAEPAEPBUCOPYENTRY@1@PAE1@Z 10001c60 f   detours:disasm.obj
 0001:00000cc0       ?CopyF7@CDetourDis@@IAEPAEPBUCOPYENTRY@1@PAE1@Z 10001cc0 f   detours:disasm.obj
 0001:00000d20       ?CopyFF@CDetourDis@@IAEPAEPBUCOPYENTRY@1@PAE1@Z 10001d20 f   detours:disasm.obj
 0001:00001390       ??$_Fputc@D@std@@YA_NDPAU_iobuf@@@Z 10002390 f i dll.obj
 0001:000013b0       ??$_Immortalize_impl@V_Iostream_error_category@std@@@std@@YGHPAX0PAPAX@Z 100023b0 f i dll.obj
 0001:000013d0       ??$use_facet@V?$codecvt@DDU_Mbstatet@@@std@@@std@@YAABV?$codecvt@DDU_Mbstatet@@@0@ABVlocale@0@@Z 100023d0 f i dll.obj
 0001:00001530       ??$use_facet@V?$ctype@D@std@@@std@@YAABV?$ctype@D@0@ABVlocale@0@@Z 10002530 f i dll.obj
 0001:000016b0       ??0?$basic_fstream@DU?$char_traits@D@std@@@std@@QAE@PBDHH@Z 100026b0 f i dll.obj
 0001:00001930       ??0?$basic_iostream@DU?$char_traits@D@std@@@std@@QAE@PAV?$basic_streambuf@DU?$char_traits@D@std@@@1@@Z 10002930 f i dll.obj
 0001:00001b00       ??0_Locinfo@std@@QAE@PBD@Z 10002b00 f i dll.obj
 0001:00001bc0       ??0_System_error@std@@IAE@Verror_code@1@ABV?$basic_string@DU?$char_traits@D@std@@V?$allocator@D@2@@1@@Z 10002bc0 f i dll.obj
 0001:00001d90       ??0_System_error@std@@QAE@ABV01@@Z 10002d90 f i dll.obj
 0001:00001de0       ??0exception@std@@QAE@ABV01@@Z 10002de0 f i dll.obj
 0001:00001e10       ??0failure@ios_base@std@@QAE@ABV012@@Z 10002e10 f i dll.obj
 0001:00001e60       ??0failure@ios_base@std@@QAE@PBDABVerror_code@2@@Z 10002e60 f i dll.obj
 0001:00001f30       ??0runtime_error@std@@QAE@ABV01@@Z 10002f30 f i dll.obj
 0001:00001f70       ??0runtime_error@std@@QAE@PBD@Z 10002f70 f i dll.obj
 0001:00001fd0       ??0system_error@std@@QAE@ABV01@@Z 10002fd0 f i dll.obj
 0001:00002020       ??1?$_Yarn@D@std@@QAE@XZ   10003020 f i dll.obj
 0001:00002020       ??1?$_Yarn@_W@std@@QAE@XZ  10003020 f i dll.obj
 0001:00002040       ??1?$basic_filebuf@DU?$char_traits@D@std@@@std@@UAE@XZ 10003040 f i dll.obj
 0001:000020f0       ??1?$basic_ios@DU?$char_traits@D@std@@@std@@UAE@XZ 100030f0 f i dll.obj
 0001:00002140       ??1?$basic_iostream@DU?$char_traits@D@std@@@std@@UAE@XZ 10003140 f i dll.obj
 0001:000021a0       ??1?$basic_istream@DU?$char_traits@D@std@@@std@@UAE@XZ 100031a0 f i dll.obj
 0001:000021c0       ?_Tidy_deallocate@?$basic_string@DU?$char_traits@D@std@@V?$allocator@D@2@@std@@QAEXXZ 100031c0 f i Misc.obj
 0001:000021c0       ??1?$basic_string@DU?$char_traits@D@std@@V?$allocator@D@2@@std@@QAE@XZ 100031c0 f i dll.obj
 0001:000021c0       ??1?$pair@V?$basic_string@DU?$char_traits@D@std@@V?$allocator@D@2@@std@@D@std@@QAE@XZ 100031c0 f i sounds.obj
 0001:00002210       ??1?$unique_ptr@V_Facet_base@std@@U?$default_delete@V_Facet_base@std@@@2@@std@@QAE@XZ 10003210 f i dll.obj
 0001:00002220       ??1_Locinfo@std@@QAE@XZ    10003220 f i dll.obj
 0001:000022f0       ??1_Sentry_base@?$basic_ostream@DU?$char_traits@D@std@@@std@@QAE@XZ 100032f0 f i dll.obj
 0001:000022f0       ??1_Sentry_base@?$basic_istream@DU?$char_traits@D@std@@@std@@QAE@XZ 100032f0 f i dll.obj
 0001:00002340       ??1out_of_range@std@@UAE@XZ 10003340 f i libcpmt:xthrow.obj
 0001:00002340       ??1failure@ios_base@std@@UAE@XZ 10003340 f i dll.obj
 0001:00002340       ??1bad_array_new_length@std@@UAE@XZ 10003340 f i LIBCMT:throw_bad_alloc.obj
 0001:00002340       ??1length_error@std@@UAE@XZ 10003340 f i libcpmt:xthrow.obj
 0001:00002340       ??1bad_alloc@std@@UAE@XZ   10003340 f i libcpmt:xthrow.obj
 0001:00002340       ??1bad_exception@std@@UAE@XZ 10003340 f i libvcruntime:frame.obj
 0001:00002340       ??1runtime_error@std@@UAE@XZ 10003340 f i dll.obj
 0001:00002340       ??1exception@std@@UAE@XZ   10003340 f i dll.obj
 0001:00002360       ??1facet@locale@std@@MAE@XZ 10003360 f i dll.obj
 0001:00002370       ??1locale@std@@QAE@XZ      10003370 f i dll.obj
 0001:000023c0       ??1sentry@?$basic_istream@DU?$char_traits@D@std@@@std@@QAE@XZ 100033c0 f i dll.obj
 0001:00002410       ??1sentry@?$basic_ostream@DU?$char_traits@D@std@@@std@@QAE@XZ 10003410 f i dll.obj
 0001:00002470       ??_D?$basic_fstream@DU?$char_traits@D@std@@@std@@QAEXXZ 10003470 f i dll.obj
 0001:0000252f       ??_E?$basic_fstream@DU?$char_traits@D@std@@@std@@$4PPPPPPPM@A@AEPAXI@Z 1000352f f i dll.obj
 0001:00002537       ??_E?$basic_iostream@DU?$char_traits@D@std@@@std@@$4PPPPPPPM@A@AEPAXI@Z 10003537 f i dll.obj
 0001:0000253f       ??_E?$basic_istream@DU?$char_traits@D@std@@@std@@$4PPPPPPPM@A@AEPAXI@Z 1000353f f i dll.obj
 0001:00002547       ??_E?$basic_ostream@DU?$char_traits@D@std@@@std@@$4PPPPPPPM@A@AEPAXI@Z 10003547 f i dll.obj
 0001:00002550       ??_G?$basic_filebuf@DU?$char_traits@D@std@@@std@@UAEPAXI@Z 10003550 f i dll.obj
 0001:00002550       ??_E?$basic_filebuf@DU?$char_traits@D@std@@@std@@UAEPAXI@Z 10003550 f i dll.obj
 0001:00002580       ??_E?$basic_fstream@DU?$char_traits@D@std@@@std@@UAEPAXI@Z 10003580 f i dll.obj
 0001:00002580       ??_G?$basic_fstream@DU?$char_traits@D@std@@@std@@UAEPAXI@Z 10003580 f i dll.obj
 0001:000025b0       ??_E?$basic_ios@DU?$char_traits@D@std@@@std@@UAEPAXI@Z 100035b0 f i dll.obj
 0001:000025b0       ??_G?$basic_ios@DU?$char_traits@D@std@@@std@@UAEPAXI@Z 100035b0 f i dll.obj
 0001:00002610       ??_E?$basic_iostream@DU?$char_traits@D@std@@@std@@UAEPAXI@Z 10003610 f i dll.obj
 0001:00002610       ??_G?$basic_iostream@DU?$char_traits@D@std@@@std@@UAEPAXI@Z 10003610 f i dll.obj
 0001:000026d0       ??_G?$basic_istream@DU?$char_traits@D@std@@@std@@UAEPAXI@Z 100036d0 f i dll.obj
 0001:000026d0       ??_E?$basic_istream@DU?$char_traits@D@std@@@std@@UAEPAXI@Z 100036d0 f i dll.obj
 0001:00002750       ??_G?$basic_ostream@DU?$char_traits@D@std@@@std@@UAEPAXI@Z 10003750 f i dll.obj
 0001:00002750       ??_E?$basic_ostream@DU?$char_traits@D@std@@@std@@UAEPAXI@Z 10003750 f i dll.obj
 0001:000027d0       ??_E?$basic_streambuf@DU?$char_traits@D@std@@@std@@UAEPAXI@Z 100037d0 f i dll.obj
 0001:000027d0       ??_G?$basic_streambuf@DU?$char_traits@D@std@@@std@@UAEPAXI@Z 100037d0 f i dll.obj
 0001:00002860       ??_G?$codecvt@DDU_Mbstatet@@@std@@MAEPAXI@Z 10003860 f i dll.obj
 0001:00002860       ??_G?$num_put@DV?$ostreambuf_iterator@DU?$char_traits@D@std@@@std@@@std@@MAEPAXI@Z 10003860 f i PPGUI_Commands.obj
 0001:00002860       ??_E?$codecvt@DDU_Mbstatet@@@std@@MAEPAXI@Z 10003860 f i dll.obj
 0001:00002860       ??_E?$num_put@DV?$ostreambuf_iterator@DU?$char_traits@D@std@@@std@@@std@@MAEPAXI@Z 10003860 f i PPGUI_Commands.obj
 0001:00002890       ??_E?$ctype@D@std@@MAEPAXI@Z 10003890 f i dll.obj
 0001:00002890       ??_G?$ctype@D@std@@MAEPAXI@Z 10003890 f i dll.obj
 0001:000028f0       ??_G_Facet_base@std@@UAEPAXI@Z 100038f0 f i dll.obj
 0001:000028f0       ??_E_Facet_base@std@@UAEPAXI@Z 100038f0 f i dll.obj
 0001:00002920       ??_G_Iostream_error_category@std@@UAEPAXI@Z 10003920 f i dll.obj
 0001:00002920       ??_E_Iostream_error_category@std@@UAEPAXI@Z 10003920 f i dll.obj
 0001:00002940       ??_G_System_error@std@@UAEPAXI@Z 10003940 f i dll.obj
 0001:00002940       ??_E_System_error@std@@UAEPAXI@Z 10003940 f i dll.obj
 0001:00002940       ??_Efailure@ios_base@std@@UAEPAXI@Z 10003940 f i dll.obj
 0001:00002940       ??_Gfailure@ios_base@std@@UAEPAXI@Z 10003940 f i dll.obj
 0001:00002940       ??_Esystem_error@std@@UAEPAXI@Z 10003940 f i dll.obj
 0001:00002940       ??_Gsystem_error@std@@UAEPAXI@Z 10003940 f i dll.obj
 0001:00002970       ??_Glogic_error@std@@UAEPAXI@Z 10003970 f i Autowall.obj
 0001:00002970       ??_Gexception@std@@UAEPAXI@Z 10003970 f i dll.obj
 0001:00002970       ??_Elogic_error@std@@UAEPAXI@Z 10003970 f i Autowall.obj
 0001:00002970       ??_Gruntime_error@std@@UAEPAXI@Z 10003970 f i dll.obj
 0001:00002970       ??_Eruntime_error@std@@UAEPAXI@Z 10003970 f i dll.obj
 0001:00002970       ??_Eexception@std@@UAEPAXI@Z 10003970 f i dll.obj
 0001:000029a0       ??_Gios_base@std@@UAEPAXI@Z 100039a0 f i dll.obj
 0001:000029a0       ??_Eios_base@std@@UAEPAXI@Z 100039a0 f i dll.obj
 0001:00002a00       ?BuildImportTable@CWin32PE@@IAEHPAUMEMORYMODULE@@@Z 10003a00 f   dll.obj
 0001:00002b70       ?CheckSize@CWin32PE@@IAEHII@Z 10003b70 f   dll.obj
 0001:00002ba0       ?FinalizeSection@CWin32PE@@IAEHPAUMEMORYMODULE@@PAUSECTIONFINALIZEDATA@@@Z 10003ba0 f   dll.obj
 0001:00002c40       ?FinalizeSections@CWin32PE@@IAEHPAUMEMORYMODULE@@@Z 10003c40 f   dll.obj
 0001:00002d90       ?GetProcAddressFromMemory@CLoad@@QAEP6GHXZPAXPBD@Z 10003d90 f   dll.obj
 0001:00002e60       ?LoadFromFile@CLoad@@QAEPAXPBD@Z 10003e60 f   dll.obj
 0001:00003100       ?MemLoadLibraryEx@CLoad@@AAEPAXPBXIP6APAXPBDPAX@ZP6AP6GHXZ212@ZP6AX22@Z2@Z 10004100 f   dll.obj
 0001:00003570       ?MemoryDefaultFreeLibrary@@YAXPAX0@Z 10004570 f   dll.obj
 0001:00003580       ?MemoryDefaultGetProcAddress@@YAP6GHXZPAXPBD0@Z 10004580 f   dll.obj
 0001:000035a0       ?MemoryDefaultLoadLibrary@@YAPAXPBDPAX@Z 100045a0 f   dll.obj
 0001:000035b0       ?_Decref@facet@locale@std@@UAEPAV_Facet_base@3@XZ 100045b0 f i dll.obj
 0001:000035d0       ?_Endwrite@?$basic_filebuf@DU?$char_traits@D@std@@@std@@IAE_NXZ 100045d0 f i dll.obj
 0001:00003690       ?_Gnavail@?$basic_streambuf@DU?$char_traits@D@std@@@std@@IBE_JXZ 10004690 f i dll.obj
 0001:000036b0       ?_Incref@facet@locale@std@@UAEXXZ 100046b0 f i dll.obj
 0001:000036c0       ?_Init@?$basic_filebuf@DU?$char_traits@D@std@@@std@@IAEXPAU_iobuf@@W4_Initfl@12@@Z 100046c0 f i dll.obj
 0001:000037a0       ?_Init@?$basic_streambuf@DU?$char_traits@D@std@@@std@@IAEXXZ 100047a0 f i dll.obj
 0001:00003800       ?_Ipfx@?$basic_istream@DU?$char_traits@D@std@@@std@@QAE_N_N@Z 10004800 f i dll.obj
 0001:00003a10       ?_Lock@?$basic_filebuf@DU?$char_traits@D@std@@@std@@UAEXXZ 10004a10 f i dll.obj
 0001:00003a20       ??3@YAXPAXUImNewWrapper@@0@Z 10004a20 f i imgui.obj
 0001:00003a20       ?_Unlock@?$basic_streambuf@DU?$char_traits@D@std@@@std@@UAEXXZ 10004a20 f i dll.obj
 0001:00003a20       @_guard_check_icall_nop@4  10004a20 f i LIBCMT:guard_support.obj
 0001:00003a20       ?Draw@PPGUI_Command@PPGUI@@UAEXXZ 10004a20 f i PPGUI_Commands.obj
 0001:00003a20       ?_Lock@?$basic_streambuf@DU?$char_traits@D@std@@@std@@UAEXXZ 10004a20 f i dll.obj
 0001:00003a30       ?_Osfx@?$basic_ostream@DU?$char_traits@D@std@@@std@@QAEXXZ 10004a30 f i dll.obj
 0001:00003ac0       ?_Pnavail@?$basic_streambuf@DU?$char_traits@D@std@@@std@@IBE_JXZ 10004ac0 f i dll.obj
 0001:00003ae0       ?_Reset_back@?$basic_filebuf@DU?$char_traits@D@std@@@std@@AAEXXZ 10004ae0 f i dll.obj
 0001:00003b10       ?_Unlock@?$basic_filebuf@DU?$char_traits@D@std@@@std@@UAEXXZ 10004b10 f i dll.obj
 0001:00003b20       ?_Xlen@?$basic_string@DU?$char_traits@D@std@@V?$allocator@D@2@@std@@SAXXZ 10004b20 f i dll.obj
 0001:00003b30       ?allocate@?$allocator@D@std@@QAEPADI@Z 10004b30 f i dll.obj
 0001:00003b90       ?append@?$basic_string@DU?$char_traits@D@std@@V?$allocator@D@2@@std@@QAEAAV12@QBDI@Z 10004b90 f i dll.obj
 0001:00003cf0       ?assign@?$basic_string@DU?$char_traits@D@std@@V?$allocator@D@2@@std@@QAEAAV12@QBD@Z 10004cf0 f i dll.obj
 0001:00003df0       ?clear@ios_base@std@@QAEXH_N@Z 10004df0 f i dll.obj
 0001:00003e70       ?close@?$basic_filebuf@DU?$char_traits@D@std@@@std@@QAEPAV12@XZ 10004e70 f i dll.obj
 0001:00003f30       ?default_error_condition@error_category@std@@UBE?AVerror_condition@2@H@Z 10004f30 f i dll.obj
 0001:00003f50       ___acrt_uninitialize_command_line 10004f50 f i libucrt:argv_data.obj
 0001:00003f50       ?do_always_noconv@?$codecvt@DDU_Mbstatet@@@std@@MBE_NXZ 10004f50 f i dll.obj
 0001:00003f60       ?do_max_length@codecvt_base@std@@MBEHXZ 10004f60 f i dll.obj
 0001:00003f60       ?do_encoding@codecvt_base@std@@MBEHXZ 10004f60 f i dll.obj
 0001:00003f70       ?do_in@?$codecvt@DDU_Mbstatet@@@std@@MBEHAAU_Mbstatet@@PBD1AAPBDPAD3AAPAD@Z 10004f70 f i dll.obj
 0001:00003f70       ?do_out@?$codecvt@DDU_Mbstatet@@@std@@MBEHAAU_Mbstatet@@PBD1AAPBDPAD3AAPAD@Z 10004f70 f i dll.obj
 0001:00003f90       ?do_length@?$codecvt@DDU_Mbstatet@@@std@@MBEHAAU_Mbstatet@@PBD1I@Z 10004f90 f i dll.obj
 0001:00003fb0       ?do_narrow@?$ctype@D@std@@MBEDDD@Z 10004fb0 f i dll.obj
 0001:00003fc0       ?do_narrow@?$ctype@D@std@@MBEPBDPBD0DPAD@Z 10004fc0 f i dll.obj
 0001:00003fe0       ?do_tolower@?$ctype@D@std@@MBEDD@Z 10004fe0 f i dll.obj
 0001:00004000       ?do_tolower@?$ctype@D@std@@MBEPBDPADPBD@Z 10005000 f i dll.obj
 0001:00004050       ?do_toupper@?$ctype@D@std@@MBEDD@Z 10005050 f i dll.obj
 0001:00004070       ?do_toupper@?$ctype@D@std@@MBEPBDPADPBD@Z 10005070 f i dll.obj
 0001:000040c0       ?do_unshift@?$codecvt@DDU_Mbstatet@@@std@@MBEHAAU_Mbstatet@@PAD1AAPAD@Z 100050c0 f i dll.obj
 0001:000040e0       ?do_widen@?$ctype@D@std@@MBEDD@Z 100050e0 f i dll.obj
 0001:000040f0       ?do_widen@?$ctype@D@std@@MBEPBDPBD0PAD@Z 100050f0 f i dll.obj
 0001:00004110       ?equivalent@error_category@std@@UBE_NABVerror_code@2@H@Z 10005110 f i dll.obj
 0001:00004140       ?equivalent@error_category@std@@UBE_NHABVerror_condition@2@@Z 10005140 f i dll.obj
 0001:00004180       ?flush@?$basic_ostream@DU?$char_traits@D@std@@@std@@QAEAAV12@XZ 10005180 f i dll.obj
 0001:00004270       ?imbue@?$basic_filebuf@DU?$char_traits@D@std@@@std@@MAEXABVlocale@2@@Z 10005270 f i dll.obj
 0001:000042b0       ?TestInput@PPGUI_Command@PPGUI@@UAEXAAVPPGUI_Input@2@@Z 100052b0 f i PPGUI_Commands.obj
 0001:000042b0       ?imbue@?$basic_streambuf@DU?$char_traits@D@std@@@std@@MAEXABVlocale@2@@Z 100052b0 f i dll.obj
 0001:000042c0       ?make_error_code@std@@YA?AVerror_code@1@W4io_errc@1@@Z 100052c0 f i dll.obj
 0001:00004300       ?message@_Iostream_error_category@std@@UBE?AV?$basic_string@DU?$char_traits@D@std@@V?$allocator@D@2@@2@H@Z 10005300 f i dll.obj
 0001:00004340       ?name@_Iostream_error_category@std@@UBEPBDXZ 10005340 f i dll.obj
 0001:00004350       ?overflow@?$basic_filebuf@DU?$char_traits@D@std@@@std@@MAEHH@Z 10005350 f i dll.obj
 0001:000044c0       ?overflow@?$basic_streambuf@DU?$char_traits@D@std@@@std@@MAEHH@Z 100054c0 f i dll.obj
 0001:000044c0       ?pbackfail@?$basic_streambuf@DU?$char_traits@D@std@@@std@@MAEHH@Z 100054c0 f i dll.obj
 0001:000044d0       ?pbackfail@?$basic_filebuf@DU?$char_traits@D@std@@@std@@MAEHH@Z 100054d0 f i dll.obj
 0001:00004580       ?read@?$basic_istream@DU?$char_traits@D@std@@@std@@QAEAAV12@PAD_J@Z 10005580 f i dll.obj
 0001:000046b0       ?seekoff@?$basic_filebuf@DU?$char_traits@D@std@@@std@@MAE?AV?$fpos@U_Mbstatet@@@2@_JHH@Z 100056b0 f i dll.obj
 0001:00004790       ?seekoff@?$basic_streambuf@DU?$char_traits@D@std@@@std@@MAE?AV?$fpos@U_Mbstatet@@@2@_JHH@Z 10005790 f i dll.obj
 0001:000047c0       ?seekpos@?$basic_filebuf@DU?$char_traits@D@std@@@std@@MAE?AV?$fpos@U_Mbstatet@@@2@V32@H@Z 100057c0 f i dll.obj
 0001:00004890       ?seekpos@?$basic_streambuf@DU?$char_traits@D@std@@@std@@MAE?AV?$fpos@U_Mbstatet@@@2@V32@H@Z 10005890 f i dll.obj
 0001:000048c0       ?setbuf@?$basic_filebuf@DU?$char_traits@D@std@@@std@@MAEPAV?$basic_streambuf@DU?$char_traits@D@std@@@2@PAD_J@Z 100058c0 f i dll.obj
 0001:00004910       ?setbuf@?$basic_streambuf@DU?$char_traits@D@std@@@std@@MAEPAV12@PAD_J@Z 10005910 f i dll.obj
 0001:00004920       ?setstate@?$basic_ios@DU?$char_traits@D@std@@@std@@QAEXH_N@Z 10005920 f i dll.obj
 0001:00004950       ?showmanyc@?$basic_streambuf@DU?$char_traits@D@std@@@std@@MAE_JXZ 10005950 f i dll.obj
 0001:00004960       ?sync@?$basic_filebuf@DU?$char_traits@D@std@@@std@@MAEHXZ 10005960 f i dll.obj
 0001:00004990       ?GetTraceType@CTraceFilter@SDK@@UBE?AW4TraceType_t@2@XZ 10005990 f i Antiaim.obj
 0001:00004990       ?GetScrollAmount@PPGUI_Command@PPGUI@@UAEHXZ 10005990 f i PPGUI_Commands.obj
 0001:00004990       ?GetTraceType@CTraceFilterOneEntity@SDK@@UBE?AW4TraceType_t@2@XZ 10005990 f i Aimbot.obj
 0001:00004990       ?GetTraceType@CTraceWorldOnly@SDK@@UBE?AW4TraceType_t@2@XZ 10005990 f i Antiaim.obj
 0001:00004990       ?sync@?$basic_streambuf@DU?$char_traits@D@std@@@std@@MAEHXZ 10005990 f i dll.obj
 0001:000049a0       ?uflow@?$basic_filebuf@DU?$char_traits@D@std@@@std@@MAEHXZ 100059a0 f i dll.obj
 0001:00004cd0       ?uflow@?$basic_streambuf@DU?$char_traits@D@std@@@std@@MAEHXZ 10005cd0 f i dll.obj
 0001:00004d00       ?underflow@?$basic_filebuf@DU?$char_traits@D@std@@@std@@MAEHXZ 10005d00 f i dll.obj
 0001:00004d40       ?underflow@?$basic_streambuf@DU?$char_traits@D@std@@@std@@MAEHXZ 10005d40 f i dll.obj
 0001:00004d50       ?what@exception@std@@UBEPBDXZ 10005d50 f i dll.obj
 0001:00004d60       ?xsgetn@?$basic_filebuf@DU?$char_traits@D@std@@@std@@MAE_JPAD_J@Z 10005d60 f i dll.obj
 0001:00004f10       ?xsgetn@?$basic_streambuf@DU?$char_traits@D@std@@@std@@MAE_JPAD_J@Z 10005f10 f i dll.obj
 0001:00004fe0       ?xsputn@?$basic_filebuf@DU?$char_traits@D@std@@@std@@MAE_JPBD_J@Z 10005fe0 f i dll.obj
 0001:00005160       ?xsputn@?$basic_streambuf@DU?$char_traits@D@std@@@std@@MAE_JPBD_J@Z 10006160 f i dll.obj
 0001:00005230       ??$_Emplace_reallocate@AAVVector@@AAH@?$vector@U?$pair@VVector@@H@std@@V?$allocator@U?$pair@VVector@@H@std@@@2@@std@@QAEPAU?$pair@VVector@@H@1@QAU21@AAVVector@@AAH@Z 10006230 f i Aimbot.obj
 0001:00005230       ??$_Emplace_reallocate@VVector@@H@?$vector@U?$pair@VVector@@H@std@@V?$allocator@U?$pair@VVector@@H@std@@@2@@std@@QAEPAU?$pair@VVector@@H@1@QAU21@$$QAVVector@@$$QAH@Z 10006230 f i Aimbot.obj
 0001:00005340       ??$_Emplace_reallocate@UDrawCircleQueue@RenderQueue@RENDER@@@?$vector@UDrawCircleQueue@RenderQueue@RENDER@@V?$allocator@UDrawCircleQueue@RenderQueue@RENDER@@@std@@@std@@QAEPAUDrawCircleQueue@RenderQueue@RENDER@@QAU234@$$QAU234@@Z 10006340 f i Aimbot.obj
 0001:00005490       ??$emplace_back@VVector@@H@?$vector@U?$pair@VVector@@H@std@@V?$allocator@U?$pair@VVector@@H@std@@@2@@std@@QAEAAU?$pair@VVector@@H@1@$$QAVVector@@$$QAH@Z 10006490 f i Aimbot.obj
 0001:000054e0       ??0Backtracking_Record@RAGEBOT@FEATURES@@QAE@XZ 100064e0 f i Aimbot.obj
 0001:00005700       ??0PlayerAimbotInfo@Aimbot@RAGEBOT@FEATURES@@QAE@XZ 10006700 f i Aimbot.obj
 0001:00005750       ??0Ray_t@SDK@@QAE@XZ       10006750 f i Aimbot.obj
 0001:000057b0       ??0Vector@@QAE@XZ          100067b0 f i Aimbot.obj
 0001:000057b0       ??0?$vector@UBacktracking_Record@RAGEBOT@FEATURES@@V?$allocator@UBacktracking_Record@RAGEBOT@FEATURES@@@std@@@std@@QAE@XZ 100067b0 f i Backtracking.obj
 0001:000057d0       ??0matrix3x4_t@@QAE@XZ     100067d0 f i Aimbot.obj
 0001:000057e0       ??0trace_t@SDK@@QAE@XZ     100067e0 f i Aimbot.obj
 0001:00005830       ??1?$vector@UVertex_t@SDK@@V?$allocator@UVertex_t@SDK@@@std@@@std@@QAE@XZ 10006830 f i BoxESP.obj
 0001:00005830       ??1?$vector@U?$pair@VVector@@H@std@@V?$allocator@U?$pair@VVector@@H@std@@@2@@std@@QAE@XZ 10006830 f i Aimbot.obj
 0001:00005890       ?_Tidy@?$vector@UBacktracking_Record@RAGEBOT@FEATURES@@V?$allocator@UBacktracking_Record@RAGEBOT@FEATURES@@@std@@@std@@AAEXXZ 10006890 f i Backtracking.obj
 0001:00005890       ??1?$vector@UBacktracking_Record@RAGEBOT@FEATURES@@V?$allocator@UBacktracking_Record@RAGEBOT@FEATURES@@@std@@@std@@QAE@XZ 10006890 f i Aimbot.obj
 0001:00005900       ??4Backtracking_Record@RAGEBOT@FEATURES@@QAEAAU012@ABU012@@Z 10006900 f i Aimbot.obj
 0001:00005900       ??4Backtracking_Record@RAGEBOT@FEATURES@@QAEAAU012@$$QAU012@@Z 10006900 f i Backtracking.obj
 0001:00005b10       ??4matrix3x4_t@@QAEAAU0@ABU0@@Z 10006b10 f i Aimbot.obj
 0001:00005b80       ??AVector@@QAEAAMH@Z       10006b80 f i Aimbot.obj
 0001:00006320       ?AddDrawCircle@RenderQueue@RENDER@@QAEXVVector@@HHVCColor@@M@Z 10007320 f i Aimbot.obj
 0001:00006530       ?CalcAngle@MATH@@YA?AVVector@@ABV2@0@Z 10007530 f i Aimbot.obj
 0001:000065a0       ?Do@Aimbot@RAGEBOT@FEATURES@@QAEXPAVCUserCmd@SDK@@@Z 100075a0 f   Aimbot.obj
 0001:00007690       ?DoHeadAim@Aimbot@RAGEBOT@FEATURES@@AAE_NPAVCBaseEntity@SDK@@ABUBacktracking_Record@23@AAVVector@@AAH@Z 10008690 f   Aimbot.obj
 0001:000079a0       ?DoHitscan@Aimbot@RAGEBOT@FEATURES@@AAE_NPAVCBaseEntity@SDK@@ABUBacktracking_Record@23@AAVVector@@AAH@Z 100089a0 f   Aimbot.obj
 0001:00008250       ?DoKnifebot@Aimbot@RAGEBOT@FEATURES@@AAE_NPAVCBaseEntity@SDK@@ABUBacktracking_Record@23@AAVVector@@@Z 10009250 f   Aimbot.obj
 0001:00008510       ?GetEyePosition@CBaseEntity@SDK@@QAE?AVVector@@XZ 10009510 f i Aimbot.obj
 0001:00008570       ?GetHitbox@Aimbot@RAGEBOT@FEATURES@@CAPAUmstudiobbox_t@SDK@@PAVCBaseEntity@5@H@Z 10009570 f   Aimbot.obj
 0001:000085e0       ?GetHitboxPosition@Aimbot@RAGEBOT@FEATURES@@ABE?AVVector@@PAVCBaseEntity@SDK@@ABUBacktracking_Record@23@H@Z 100095e0 f   Aimbot.obj
 0001:00008720       ?GetMultipointPositions@Aimbot@RAGEBOT@FEATURES@@AAE_NPAVCBaseEntity@SDK@@ABUBacktracking_Record@23@PAVVector@@HM@Z 10009720 f   Aimbot.obj
 0001:00008b70       ?GetTraceType@CTraceFilterOneEntity2@SDK@@UBE?AW4TraceType_t@2@XZ 10009b70 f i Aimbot.obj
 0001:00008b80       ?Init@Ray_t@SDK@@QAEXABVVector@@0@Z 10009b80 f i Aimbot.obj
 0001:00008c30       ?IsAccurate@Aimbot@RAGEBOT@FEATURES@@ABE_NPAVCBaseEntity@SDK@@VVector@@@Z 10009c30 f   Aimbot.obj
 0001:000093d0       ?NormalizeAngle@MATH@@YA?AVVector@@V2@@Z 1000a3d0 f i Aimbot.obj
 0001:00009490       ?ShouldHitEntity@CTraceFilterOneEntity2@SDK@@UAE_NPAXH@Z 1000a490 f i Aimbot.obj
 0001:00009490       ?ShouldHitEntity@CTraceFilterOneEntity@SDK@@UAE_NPAXH@Z 1000a490 f i Aimbot.obj
 0001:000094a0       ?_Change_array@?$vector@U?$pair@VVector@@H@std@@V?$allocator@U?$pair@VVector@@H@std@@@2@@std@@AAEXQAU?$pair@VVector@@H@2@II@Z 1000a4a0 f i Aimbot.obj
 0001:00009500       ?_Change_array@?$vector@UDrawCircleQueue@RenderQueue@RENDER@@V?$allocator@UDrawCircleQueue@RenderQueue@RENDER@@@std@@@std@@AAEXQAUDrawCircleQueue@RenderQueue@RENDER@@II@Z 1000a500 f i Aimbot.obj
 0001:00009580       ?_Xlength@?$vector@HV?$allocator@H@std@@@std@@CAXXZ 1000a580 f i input_handler.obj
 0001:00009580       ?_Xlength@?$vector@ULog@InGameLogger@MISC@FEATURES@@V?$allocator@ULog@InGameLogger@MISC@FEATURES@@@std@@@std@@CAXXZ 1000a580 f i EventListeners.obj
 0001:00009580       ?_Xlength@?$vector@U?$pair@VVector@@H@std@@V?$allocator@U?$pair@VVector@@H@std@@@2@@std@@CAXXZ 1000a580 f i Aimbot.obj
 0001:00009580       ?_Xlength@?$vector@PBDV?$allocator@PBD@std@@@std@@CAXXZ 1000a580 f i hooks.obj
 0001:00009580       ?_Xlength@?$vector@UHitmarker@Hitmarkers@MISC@FEATURES@@V?$allocator@UHitmarker@Hitmarkers@MISC@FEATURES@@@std@@@std@@CAXXZ 1000a580 f i Misc.obj
 0001:00009580       ?_Xlength@?$vector@UBacktracking_Record@RAGEBOT@FEATURES@@V?$allocator@UBacktracking_Record@RAGEBOT@FEATURES@@@std@@@std@@CAXXZ 1000a580 f i Backtracking.obj
 0001:00009580       ?_Xlength@?$vector@V?$basic_string@DU?$char_traits@D@std@@V?$allocator@D@2@@std@@V?$allocator@V?$basic_string@DU?$char_traits@D@std@@V?$allocator@D@2@@std@@@2@@std@@CAXXZ 1000a580 f i EventListeners.obj
 0001:00009580       ?_Xlength@?$vector@VPPGUI_Command_Frame@PPGUI@@V?$allocator@VPPGUI_Command_Frame@PPGUI@@@std@@@std@@CAXXZ 1000a580 f i PPGUI.obj
 0001:00009580       ?_Xlength@?$vector@VVector@@V?$allocator@VVector@@@std@@@std@@CAXXZ 1000a580 f i Resolver.obj
 0001:00009580       ?_Xlength@?$vector@VCColor@@V?$allocator@VCColor@@@std@@@std@@CAXXZ 1000a580 f i EventListeners.obj
 0001:00009580       ?_Xlength@?$vector@PAVPPGUI_Command@PPGUI@@V?$allocator@PAVPPGUI_Command@PPGUI@@@std@@@std@@CAXXZ 1000a580 f i PPGUI.obj
 0001:00009580       ?_Xlength@?$vector@UDrawCircleQueue@RenderQueue@RENDER@@V?$allocator@UDrawCircleQueue@RenderQueue@RENDER@@@std@@@std@@CAXXZ 1000a580 f i Aimbot.obj
 0001:00009580       ?_Xlength@?$vector@PAVCBaseEntity@SDK@@V?$allocator@PAVCBaseEntity@SDK@@@std@@@std@@CAXXZ 1000a580 f i Antiaim.obj
 0001:00009580       ?_Xlength@?$vector@U?$pair@V?$basic_string@DU?$char_traits@D@std@@V?$allocator@D@2@@std@@VCColor@@@std@@V?$allocator@U?$pair@V?$basic_string@DU?$char_traits@D@std@@V?$allocator@D@2@@std@@VCColor@@@std@@@2@@std@@CAXXZ 1000a580 f i BoxESP.obj
 0001:00009580       ?_Xlength@?$vector@UBulletTracer@BulletTracers@MISC@FEATURES@@V?$allocator@UBulletTracer@BulletTracers@MISC@FEATURES@@@std@@@std@@CAXXZ 1000a580 f i EventListeners.obj
 0001:00009580       ?_Xlength@?$vector@UShotSnapshot@Resolver@RAGEBOT@FEATURES@@V?$allocator@UShotSnapshot@Resolver@RAGEBOT@FEATURES@@@std@@@std@@CAXXZ 1000a580 f i Resolver.obj
 0001:00009580       ?_Xlength@?$vector@UPPGUI_Column@PPGUI_Command_Frame@PPGUI@@V?$allocator@UPPGUI_Column@PPGUI_Command_Frame@PPGUI@@@std@@@std@@CAXXZ 1000a580 f i PPGUI.obj
 0001:00009580       ?_Xlength@?$vector@UVertex_t@SDK@@V?$allocator@UVertex_t@SDK@@@std@@@std@@CAXXZ 1000a580 f i BoxESP.obj
 0001:00009580       ?_Xlength@?$vector@V?$_List_unchecked_iterator@V?$_List_val@U?$_List_simple_types@U?$pair@$$CBITPPGUI_Command_Data@PPGUI_Command_Data_Base@PPGUI@@@std@@@std@@@std@@@std@@V?$allocator@V?$_List_unchecked_iterator@V?$_List_val@U?$_List_simple_types@U?$pair@$$CBITPPGUI_Command_Data@PPGUI_Command_Data_Base@PPGUI@@@std@@@std@@@std@@@std@@@2@@std@@CAXXZ 1000a580 f i PPGUI.obj
 0001:00009580       ?_Xlength@?$vector@V?$vector@V?$basic_string@DU?$char_traits@D@std@@V?$allocator@D@2@@std@@V?$allocator@V?$basic_string@DU?$char_traits@D@std@@V?$allocator@D@2@@std@@@2@@std@@V?$allocator@V?$vector@V?$basic_string@DU?$char_traits@D@std@@V?$allocator@D@2@@std@@V?$allocator@V?$basic_string@DU?$char_traits@D@std@@V?$allocator@D@2@@std@@@2@@std@@@2@@std@@CAXXZ 1000a580 f i Misc.obj
 0001:00009590       ?allocate@?$allocator@U?$pair@VVector@@H@std@@@std@@QAEPAU?$pair@VVector@@H@2@I@Z 1000a590 f i Aimbot.obj
 0001:00009590       ?allocate@?$allocator@UVertex_t@SDK@@@std@@QAEPAUVertex_t@SDK@@I@Z 1000a590 f i BoxESP.obj
 0001:00009600       ?allocate@?$allocator@UDrawCircleQueue@RenderQueue@RENDER@@@std@@QAEPAUDrawCircleQueue@RenderQueue@RENDER@@I@Z 1000a600 f i Aimbot.obj
 0001:00009600       ?allocate@?$allocator@V?$basic_string@DU?$char_traits@D@std@@V?$allocator@D@2@@std@@@std@@QAEPAV?$basic_string@DU?$char_traits@D@std@@V?$allocator@D@2@@2@I@Z 1000a600 f i EventListeners.obj
 0001:00009670       ??$_Emplace_reallocate@ABQAVPPGUI_Command@PPGUI@@@?$vector@PAVPPGUI_Command@PPGUI@@V?$allocator@PAVPPGUI_Command@PPGUI@@@std@@@std@@QAEPAPAVPPGUI_Command@PPGUI@@QAPAV23@ABQAV23@@Z 1000a670 f i PPGUI.obj
 0001:00009670       ??$_Emplace_reallocate@ABQAVCBaseEntity@SDK@@@?$vector@PAVCBaseEntity@SDK@@V?$allocator@PAVCBaseEntity@SDK@@@std@@@std@@QAEPAPAVCBaseEntity@SDK@@QAPAV23@ABQAV23@@Z 1000a670 f i Antiaim.obj
 0001:000097c0       ??$_Ptr_move_cat@UBulletTracer@BulletTracers@MISC@FEATURES@@U1234@@std@@YA?AU_Trivially_copyable_ptr_iterator_tag@0@ABQAUBulletTracer@BulletTracers@MISC@FEATURES@@0@Z 1000a7c0 f i EventListeners.obj
 0001:000097c0       ??$_Ptr_move_cat@VVector@@V1@@std@@YA?AU_Trivially_copyable_ptr_iterator_tag@0@ABQAVVector@@0@Z 1000a7c0 f i Resolver.obj
 0001:000097c0       ??$_Ptr_copy_cat@PAUIncoming_Sequence_Record@RAGEBOT@FEATURES@@PAU123@@std@@YA?AU_Really_trivial_ptr_iterator_tag@0@ABQAPAUIncoming_Sequence_Record@RAGEBOT@FEATURES@@0@Z 1000a7c0 f i Backtracking.obj
 0001:000097c0       ??$_Ptr_copy_cat@PAVPPGUI_Command@PPGUI@@PAV12@@std@@YA?AU_Really_trivial_ptr_iterator_tag@0@ABQAPAVPPGUI_Command@PPGUI@@0@Z 1000a7c0 f i PPGUI.obj
 0001:000097c0       ??$_Ptr_move_cat@PAVCBaseEntity@SDK@@PAV12@@std@@YA?AU_Really_trivial_ptr_iterator_tag@0@ABQAPAVCBaseEntity@SDK@@0@Z 1000a7c0 f i Antiaim.obj
 0001:000097c0       ??$_Ptr_copy_cat@PAVCBaseEntity@SDK@@PAV12@@std@@YA?AU_Really_trivial_ptr_iterator_tag@0@ABQAPAVCBaseEntity@SDK@@0@Z 1000a7c0 f i Antiaim.obj
 0001:000097c0       ??$_Ptr_copy_cat@QBDPBD@std@@YA?AU_Really_trivial_ptr_iterator_tag@0@ABQBQBDABQAPBD@Z 1000a7c0 f i hooks.obj
 0001:000097c0       ??$_Ptr_move_cat@UHitmarker@Hitmarkers@MISC@FEATURES@@U1234@@std@@YA?AU_Trivially_copyable_ptr_iterator_tag@0@ABQAUHitmarker@Hitmarkers@MISC@FEATURES@@0@Z 1000a7c0 f i Misc.obj
 0001:000097c0       ??$_Ptr_move_cat@PAVPPGUI_Command@PPGUI@@PAV12@@std@@YA?AU_Really_trivial_ptr_iterator_tag@0@ABQAPAVPPGUI_Command@PPGUI@@0@Z 1000a7c0 f i PPGUI.obj
 0001:000097c0       ??$_Ptr_move_cat@HH@std@@YA?AU_Really_trivial_ptr_iterator_tag@0@ABQAH0@Z 1000a7c0 f i input_handler.obj
 0001:000097c0       ??$_Ptr_move_cat@UDrawCircleQueue@RenderQueue@RENDER@@U123@@std@@YA?AU_Trivially_copyable_ptr_iterator_tag@0@ABQAUDrawCircleQueue@RenderQueue@RENDER@@0@Z 1000a7c0 f i render.obj
 0001:000097c0       ??$_Ptr_move_cat@UShotSnapshot@Resolver@RAGEBOT@FEATURES@@U1234@@std@@YA?AU_Trivially_copyable_ptr_iterator_tag@0@ABQAUShotSnapshot@Resolver@RAGEBOT@FEATURES@@0@Z 1000a7c0 f i Resolver.obj
 0001:000097d0       ??0?$vector@PAVCBaseEntity@SDK@@V?$allocator@PAVCBaseEntity@SDK@@@std@@@std@@QAE@ABV01@@Z 1000a7d0 f i Antiaim.obj
 0001:000097d0       ??0?$vector@PAVPPGUI_Command@PPGUI@@V?$allocator@PAVPPGUI_Command@PPGUI@@@std@@@std@@QAE@ABV01@@Z 1000a7d0 f i PPGUI.obj
 0001:000098c0       ??1?$vector@PBDV?$allocator@PBD@std@@@std@@QAE@XZ 1000a8c0 f i hooks.obj
 0001:000098c0       ??1?$vector@PAVCBaseEntity@SDK@@V?$allocator@PAVCBaseEntity@SDK@@@std@@@std@@QAE@XZ 1000a8c0 f i Antiaim.obj
 0001:000098c0       ??1?$vector@V?$_List_unchecked_iterator@V?$_List_val@U?$_List_simple_types@U?$pair@$$CBITPPGUI_Command_Data@PPGUI_Command_Data_Base@PPGUI@@@std@@@std@@@std@@@std@@V?$allocator@V?$_List_unchecked_iterator@V?$_List_val@U?$_List_simple_types@U?$pair@$$CBITPPGUI_Command_Data@PPGUI_Command_Data_Base@PPGUI@@@std@@@std@@@std@@@std@@@2@@std@@QAE@XZ 1000a8c0 f i PPGUI_Defines.obj
 0001:000098c0       ??1?$vector@VCColor@@V?$allocator@VCColor@@@std@@@std@@QAE@XZ 1000a8c0 f i Resolver.obj
 0001:000098c0       ?_Tidy@?$vector@VCColor@@V?$allocator@VCColor@@@std@@@std@@AAEXXZ 1000a8c0 f i EventListeners.obj
 0001:000098c0       ??1?$vector@PAVPPGUI_Command@PPGUI@@V?$allocator@PAVPPGUI_Command@PPGUI@@@std@@@std@@QAE@XZ 1000a8c0 f i PPGUI.obj
 0001:0000be90       ??R?$mersenne_twister@I$0CA@$0CHA@$0BIN@$0BP@$0JJAILANP@$0L@$06$0JNCMFGIA@$0P@$0OPMGAAAA@$0BC@@std@@QAEIXZ 1000ce90 f i Antiaim.obj
 0001:0000c020       ?BreakLBY@Antiaim@RAGEBOT@FEATURES@@AAEMMM_N@Z 1000d020 f   Antiaim.obj
 0001:0000c320       ?Do@Antiaim@RAGEBOT@FEATURES@@QAEXPAVCUserCmd@SDK@@@Z 1000d320 f   Antiaim.obj
 0001:0000c690       ?DoEdging@Antiaim@RAGEBOT@FEATURES@@AAE_NAAM0@Z 1000d690 f   Antiaim.obj
 0001:0000c820       ?NormalizeYaw@MATH@@YAMM@Z 1000d820 f i Antiaim.obj
 0001:0000c870       ?RandomNumber@MATH@@YAMMM@Z 1000d870 f i Antiaim.obj
 0001:0000ca10       ?ShouldHitEntity@CTraceFilter@SDK@@UAE_NPAXH@Z 1000da10 f i Antiaim.obj
 0001:0000ca20       ?ShouldHitEntity@CTraceWorldOnly@SDK@@UAE_NPAXH@Z 1000da20 f i Antiaim.obj
 0001:0000ca30       ?UpdateLBY@Antiaim@RAGEBOT@FEATURES@@QAEXXZ 1000da30 f   Antiaim.obj
 0001:0000cbc0       ?allocate@?$allocator@PAVPPGUI_Command@PPGUI@@@std@@QAEPAPAVPPGUI_Command@PPGUI@@I@Z 1000dbc0 f i PPGUI.obj
 0001:0000cbc0       ?allocate@?$allocator@VCColor@@@std@@QAEPAVCColor@@I@Z 1000dbc0 f i EventListeners.obj
 0001:0000cbc0       ?allocate@?$allocator@PAVCBaseEntity@SDK@@@std@@QAEPAPAVCBaseEntity@SDK@@I@Z 1000dbc0 f i Antiaim.obj
 0001:0000cbc0       ?allocate@?$allocator@V?$_List_unchecked_iterator@V?$_List_val@U?$_List_simple_types@U?$pair@$$CBITPPGUI_Command_Data@PPGUI_Command_Data_Base@PPGUI@@@std@@@std@@@std@@@std@@@std@@QAEPAV?$_List_unchecked_iterator@V?$_List_val@U?$_List_simple_types@U?$pair@$$CBITPPGUI_Command_Data@PPGUI_Command_Data_Base@PPGUI@@@std@@@std@@@std@@@2@I@Z 1000dbc0 f i PPGUI.obj
 0001:0000cbc0       ?allocate@?$allocator@H@std@@QAEPAHI@Z 1000dbc0 f i input_handler.obj
 0001:0000cc30       ?Strafe@Autostrafer@MISC@FEATURES@@QAEXPAVCUserCmd@SDK@@@Z 1000dc30 f   Autostrafer.obj
 0001:0000d010       ??0logic_error@std@@QAE@ABV01@@Z 1000e010 f i Autowall.obj
 0001:0000d050       ?CalculateDamage@Autowall@RAGEBOT@FEATURES@@QAE?AUAutowall_Return_Info@123@VVector@@0PAVCBaseEntity@SDK@@1H@Z 1000e050 f   Autowall.obj
 0001:0000d6b0       ?CanPenetrate@Autowall@RAGEBOT@FEATURES@@AAE_NPAVCBaseEntity@SDK@@AAUAutowall_Info@123@PAUWeapon_Info@5@@Z 1000e6b0 f   Autowall.obj
 0001:0000d8d0       ?ScaleDamage@Autowall@RAGEBOT@FEATURES@@AAEXPAVCBaseEntity@SDK@@PAUWeapon_Info@5@HAAM@Z 1000e8d0 f   Autowall.obj
 0001:0000d9c0       ?UTIL_TraceLine@Autowall@RAGEBOT@FEATURES@@AAEXAAVVector@@0IPAVCBaseEntity@SDK@@PAUtrace_t@6@@Z 1000e9c0 f i Autowall.obj
 0001:0000dab0       ?assign@?$basic_string@DU?$char_traits@D@std@@V?$allocator@D@2@@std@@QAEAAV12@QBDI@Z 1000eab0 f i Autowall.obj
 0001:0000dba0       ??$_Emplace_reallocate@ABUBacktracking_Record@RAGEBOT@FEATURES@@@?$vector@UBacktracking_Record@RAGEBOT@FEATURES@@V?$allocator@UBacktracking_Record@RAGEBOT@FEATURES@@@std@@@std@@QAEPAUBacktracking_Record@RAGEBOT@FEATURES@@QAU234@ABU234@@Z 1000eba0 f i Backtracking.obj
 0001:0000dba0       ??$_Emplace_reallocate@UBacktracking_Record@RAGEBOT@FEATURES@@@?$vector@UBacktracking_Record@RAGEBOT@FEATURES@@V?$allocator@UBacktracking_Record@RAGEBOT@FEATURES@@@std@@@std@@QAEPAUBacktracking_Record@RAGEBOT@FEATURES@@QAU234@$$QAU234@@Z 1000eba0 f i Backtracking.obj
 0001:0000dce0       ??$_Move_backward_unchecked1@PAUBacktracking_Record@RAGEBOT@FEATURES@@PAU123@@std@@YAPAUBacktracking_Record@RAGEBOT@FEATURES@@PAU123@00U_General_ptr_iterator_tag@0@@Z 1000ece0 f i Backtracking.obj
 0001:0000df30       ??$emplace@UBacktracking_Record@RAGEBOT@FEATURES@@@?$vector@UBacktracking_Record@RAGEBOT@FEATURES@@V?$allocator@UBacktracking_Record@RAGEBOT@FEATURES@@@std@@@std@@QAE?AV?$_Vector_iterator@V?$_Vector_val@U?$_Simple_types@UBacktracking_Record@RAGEBOT@FEATURES@@@std@@@std@@@1@V?$_Vector_const_iterator@V?$_Vector_val@U?$_Simple_types@UBacktracking_Record@RAGEBOT@FEATURES@@@std@@@std@@@1@$$QAUBacktracking_Record@RAGEBOT@FEATURES@@@Z 1000ef30 f i Backtracking.obj
 0001:0000df30       ??$emplace@ABUBacktracking_Record@RAGEBOT@FEATURES@@@?$vector@UBacktracking_Record@RAGEBOT@FEATURES@@V?$allocator@UBacktracking_Record@RAGEBOT@FEATURES@@@std@@@std@@QAE?AV?$_Vector_iterator@V?$_Vector_val@U?$_Simple_types@UBacktracking_Record@RAGEBOT@FEATURES@@@std@@@std@@@1@V?$_Vector_const_iterator@V?$_Vector_val@U?$_Simple_types@UBacktracking_Record@RAGEBOT@FEATURES@@@std@@@std@@@1@ABUBacktracking_Record@RAGEBOT@FEATURES@@@Z 1000ef30 f i Backtracking.obj
 0001:0000e010       ??0?$vector@UBacktracking_Record@RAGEBOT@FEATURES@@V?$allocator@UBacktracking_Record@RAGEBOT@FEATURES@@@std@@@std@@QAE@ABV01@@Z 1000f010 f i Backtracking.obj
 0001:0000e0c0       ??0Backtracking_Record@RAGEBOT@FEATURES@@QAE@PAVCBaseEntity@SDK@@@Z 1000f0c0 f   Backtracking.obj
 0001:0000e4d0       ??0PlayerResolveRecord@Resolver@RAGEBOT@FEATURES@@QAE@XZ 1000f4d0 f i Backtracking.obj
 0001:0000e620       ??1?$deque@UIncoming_Sequence_Record@RAGEBOT@FEATURES@@V?$allocator@UIncoming_Sequence_Record@RAGEBOT@FEATURES@@@std@@@std@@QAE@XZ 1000f620 f i Backtracking.obj
 0001:0000e6d0       ?ApplyRestore@CBacktracking@RAGEBOT@FEATURES@@QAEXPAVCBaseEntity@SDK@@M@Z 1000f6d0 f   Backtracking.obj
 0001:0000e830       ?GetDeltaTime@CBacktracking@RAGEBOT@FEATURES@@SAMUBacktracking_Record@23@@Z 1000f830 f   Backtracking.obj
 0001:0000e920       ?GetLerpTicks@CBacktracking@RAGEBOT@FEATURES@@SAHXZ 1000f920 f   Backtracking.obj
 0001:0000eb00       ?GetPriorityRecords@CBacktracking@RAGEBOT@FEATURES@@QAE?AV?$vector@UBacktracking_Record@RAGEBOT@FEATURES@@V?$allocator@UBacktracking_Record@RAGEBOT@FEATURES@@@std@@@std@@PAVCBaseEntity@SDK@@@Z 1000fb00 f   Backtracking.obj
 0001:0000f4b0       ?GetRecords@CBacktracking@RAGEBOT@FEATURES@@QAE?AV?$vector@UBacktracking_Record@RAGEBOT@FEATURES@@V?$allocator@UBacktracking_Record@RAGEBOT@FEATURES@@@std@@@std@@PAVCBaseEntity@SDK@@@Z 100104b0 f   Backtracking.obj
 0001:0000f4e0       ?GetTickCount@CBacktracking@RAGEBOT@FEATURES@@SAHUBacktracking_Record@23@@Z 100104e0 f   Backtracking.obj
 0001:0000f510       ?GetValidRecords@CBacktracking@RAGEBOT@FEATURES@@QAE?AV?$vector@UBacktracking_Record@RAGEBOT@FEATURES@@V?$allocator@UBacktracking_Record@RAGEBOT@FEATURES@@@std@@@std@@PAVCBaseEntity@SDK@@@Z 10010510 f   Backtracking.obj
 0001:0000f610       ?Restore@CBacktracking@RAGEBOT@FEATURES@@QAEXPAVCBaseEntity@SDK@@UBacktracking_Record@23@H@Z 10010610 f   Backtracking.obj
 0001:0000fa20       ?RestoreAllToCurrentRecord@CBacktracking@RAGEBOT@FEATURES@@QAEXXZ 10010a20 f   Backtracking.obj
 0001:0000fba0       ?RestoreToCurrentRecord@CBacktracking@RAGEBOT@FEATURES@@QAEXPAVCBaseEntity@SDK@@@Z 10010ba0 f   Backtracking.obj
 0001:0000fc60       ?Store@CBacktracking@RAGEBOT@FEATURES@@QAEXXZ 10010c60 f   Backtracking.obj
 0001:0000fe40       ?UpdateIncomingSequences@CBacktracking@RAGEBOT@FEATURES@@QAEXXZ 10010e40 f   Backtracking.obj
 0001:0000ff20       ?_Change_array@?$vector@UBacktracking_Record@RAGEBOT@FEATURES@@V?$allocator@UBacktracking_Record@RAGEBOT@FEATURES@@@std@@@std@@AAEXQAUBacktracking_Record@RAGEBOT@FEATURES@@II@Z 10010f20 f i Backtracking.obj
 0001:0000ffa0       ?_Growmap@?$deque@UIncoming_Sequence_Record@RAGEBOT@FEATURES@@V?$allocator@UIncoming_Sequence_Record@RAGEBOT@FEATURES@@@std@@@std@@IAEXI@Z 10010fa0 f i Backtracking.obj
 0001:00010190       ?_Umove@?$vector@UBacktracking_Record@RAGEBOT@FEATURES@@V?$allocator@UBacktracking_Record@RAGEBOT@FEATURES@@@std@@@std@@AAEPAUBacktracking_Record@RAGEBOT@FEATURES@@PAU345@00@Z 10011190 f i Backtracking.obj
 0001:000101d0       ?_Xlen@?$deque@UIncoming_Sequence_Record@RAGEBOT@FEATURES@@V?$allocator@UIncoming_Sequence_Record@RAGEBOT@FEATURES@@@std@@@std@@IBEXXZ 100111d0 f i Backtracking.obj
 0001:000101e0       ?allocate@?$allocator@UBacktracking_Record@RAGEBOT@FEATURES@@@std@@QAEPAUBacktracking_Record@RAGEBOT@FEATURES@@I@Z 100111e0 f i Backtracking.obj
 0001:00010250       ??$_Destroy_range@V?$allocator@U?$pair@V?$basic_string@DU?$char_traits@D@std@@V?$allocator@D@2@@std@@VCColor@@@std@@@std@@@std@@YAXPAU?$pair@V?$basic_string@DU?$char_traits@D@std@@V?$allocator@D@2@@std@@VCColor@@@0@0AAV?$allocator@U?$pair@V?$basic_string@DU?$char_traits@D@std@@V?$allocator@D@2@@std@@VCColor@@@std@@@0@@Z 10011250 f i BoxESP.obj
 0001:000102c0       ??$_Emplace_reallocate@AAY0N@$$CBDVCColor@@@?$vector@U?$pair@V?$basic_string@DU?$char_traits@D@std@@V?$allocator@D@2@@std@@VCColor@@@std@@V?$allocator@U?$pair@V?$basic_string@DU?$char_traits@D@std@@V?$allocator@D@2@@std@@VCColor@@@std@@@2@@std@@QAEPAU?$pair@V?$basic_string@DU?$char_traits@D@std@@V?$allocator@D@2@@std@@VCColor@@@1@QAU21@AAY0N@$$CBD$$QAVCColor@@@Z 100112c0 f i BoxESP.obj
 0001:00010470       ??$_Emplace_reallocate@UVertex_t@SDK@@@?$vector@UVertex_t@SDK@@V?$allocator@UVertex_t@SDK@@@std@@@std@@QAEPAUVertex_t@SDK@@QAU23@$$QAU23@@Z 10011470 f i BoxESP.obj
 0001:000105c0       ??$_Emplace_reallocate@V?$basic_string@DU?$char_traits@D@std@@V?$allocator@D@2@@std@@VCColor@@@?$vector@U?$pair@V?$basic_string@DU?$char_traits@D@std@@V?$allocator@D@2@@std@@VCColor@@@std@@V?$allocator@U?$pair@V?$basic_string@DU?$char_traits@D@std@@V?$allocator@D@2@@std@@VCColor@@@std@@@2@@std@@QAEPAU?$pair@V?$basic_string@DU?$char_traits@D@std@@V?$allocator@D@2@@std@@VCColor@@@1@QAU21@$$QAV?$basic_string@DU?$char_traits@D@std@@V?$allocator@D@2@@1@$$QAVCColor@@@Z 100115c0 f i BoxESP.obj
 0001:000106f0       ??$_UIntegral_to_buff@DI@std@@YAPADPADI@Z 100116f0 f i BoxESP.obj
 0001:00010730       ??$_Uninitialized_move@PAU?$pair@V?$basic_string@DU?$char_traits@D@std@@V?$allocator@D@2@@std@@VCColor@@@std@@PAU12@V?$allocator@U?$pair@V?$basic_string@DU?$char_traits@D@std@@V?$allocator@D@2@@std@@VCColor@@@std@@@2@@std@@YAPAU?$pair@V?$basic_string@DU?$char_traits@D@std@@V?$allocator@D@2@@std@@VCColor@@@0@QAU10@0PAU10@AAV?$allocator@U?$pair@V?$basic_string@DU?$char_traits@D@std@@V?$allocator@D@2@@std@@VCColor@@@std@@@0@@Z 10011730 f i BoxESP.obj
 0001:000107b0       ??$emplace_back@V?$basic_string@DU?$char_traits@D@std@@V?$allocator@D@2@@std@@VCColor@@@?$vector@U?$pair@V?$basic_string@DU?$char_traits@D@std@@V?$allocator@D@2@@std@@VCColor@@@std@@V?$allocator@U?$pair@V?$basic_string@DU?$char_traits@D@std@@V?$allocator@D@2@@std@@VCColor@@@std@@@2@@std@@QAEAAU?$pair@V?$basic_string@DU?$char_traits@D@std@@V?$allocator@D@2@@std@@VCColor@@@1@$$QAV?$basic_string@DU?$char_traits@D@std@@V?$allocator@D@2@@1@$$QAVCColor@@@Z 100117b0 f i BoxESP.obj
 0001:00010820       ??0?$basic_string@DU?$char_traits@D@std@@V?$allocator@D@2@@std@@QAE@ABV01@@Z 10011820 f i BoxESP.obj
 0001:000108b0       ??0?$basic_string@DU?$char_traits@D@std@@V?$allocator@D@2@@std@@QAE@ID@Z 100118b0 f i BoxESP.obj
 0001:000109c0       ??0?$vector@UVertex_t@SDK@@V?$allocator@UVertex_t@SDK@@@std@@@std@@QAE@ABV01@@Z 100119c0 f i BoxESP.obj
 0001:00010a40       ??1?$vector@U?$pair@V?$basic_string@DU?$char_traits@D@std@@V?$allocator@D@2@@std@@VCColor@@@std@@V?$allocator@U?$pair@V?$basic_string@DU?$char_traits@D@std@@V?$allocator@D@2@@std@@VCColor@@@std@@@2@@std@@QAE@XZ 10011a40 f i BoxESP.obj
 0001:00010e20       ?Do@CBoxESP@VISUALS@FEATURES@@QAEXXZ 10011e20 f   BoxESP.obj
 0001:00010f60       ?DrawBox@CBoxESP@VISUALS@FEATURES@@AAEXPAVCBaseEntity@SDK@@VCColor@@1_N2222@Z 10011f60 f   BoxESP.obj
 0001:00011860       ?DrawBoxInfo@CBoxESP@VISUALS@FEATURES@@AAEXPAVCBaseEntity@SDK@@VCColor@@PAVVector@@_N33@Z 10012860 f   BoxESP.obj
 0001:00011f20       ?DrawHealthBar@CBoxESP@VISUALS@FEATURES@@AAEXPAVCBaseEntity@SDK@@PAVVector@@H@Z 10012f20 f   BoxESP.obj
 0001:00012510       ?_Change_array@?$vector@U?$pair@V?$basic_string@DU?$char_traits@D@std@@V?$allocator@D@2@@std@@VCColor@@@std@@V?$allocator@U?$pair@V?$basic_string@DU?$char_traits@D@std@@V?$allocator@D@2@@std@@VCColor@@@std@@@2@@std@@AAEXQAU?$pair@V?$basic_string@DU?$char_traits@D@std@@V?$allocator@D@2@@std@@VCColor@@@2@II@Z 10013510 f i BoxESP.obj
 0001:000125b0       ?_Destroy@?$vector@U?$pair@V?$basic_string@DU?$char_traits@D@std@@V?$allocator@D@2@@std@@VCColor@@@std@@V?$allocator@U?$pair@V?$basic_string@DU?$char_traits@D@std@@V?$allocator@D@2@@std@@VCColor@@@std@@@2@@std@@AAEXPAU?$pair@V?$basic_string@DU?$char_traits@D@std@@V?$allocator@D@2@@std@@VCColor@@@2@0@Z 100135b0 f i BoxESP.obj
 0001:000125d0       ?_Xran@?$_String_val@U?$_Simple_types@D@std@@@std@@SAXXZ 100135d0 f i BoxESP.obj
 0001:000125e0       ?allocate@?$allocator@U?$pair@V?$basic_string@DU?$char_traits@D@std@@V?$allocator@D@2@@std@@VCColor@@@std@@@std@@QAEPAU?$pair@V?$basic_string@DU?$char_traits@D@std@@V?$allocator@D@2@@std@@VCColor@@@2@I@Z 100135e0 f i BoxESP.obj
 0001:00012650       ?deallocate@?$allocator@U?$pair@V?$basic_string@DU?$char_traits@D@std@@V?$allocator@D@2@@std@@VCColor@@@std@@@std@@QAEXQAU?$pair@V?$basic_string@DU?$char_traits@D@std@@V?$allocator@D@2@@std@@VCColor@@@2@I@Z 10013650 f i BoxESP.obj
 0001:00012650       ?deallocate@?$allocator@ULog@InGameLogger@MISC@FEATURES@@@std@@QAEXQAULog@InGameLogger@MISC@FEATURES@@I@Z 10013650 f i EventListeners.obj
 0001:000126a0       ?insert@?$basic_string@DU?$char_traits@D@std@@V?$allocator@D@2@@std@@QAEAAV12@IQBDI@Z 100136a0 f i BoxESP.obj
 0001:00012880       ?to_string@std@@YA?AV?$basic_string@DU?$char_traits@D@std@@V?$allocator@D@2@@1@H@Z 10013880 f i BoxESP.obj
 0001:00012900       ___local_stdio_printf_options 10013900 f i BoxESP.obj
 0001:00012910       __scprintf                 10013910 f i BoxESP.obj
 0001:00012940       _sprintf                   10013940 f i BoxESP.obj
 0001:00012980       _sprintf_s                 10013980 f i BoxESP.obj
 0001:000129b0       ?CreateMaterial@CChams@VISUALS@FEATURES@@QAEPAVIMaterial@SDK@@_N00@Z 100139b0 f   Chams.obj
 0001:00012da0       ?DoSceneEnd@CChams@VISUALS@FEATURES@@QAEXXZ 10013da0 f   Chams.obj
 0001:00012e20       ?DrawBacktrackPlayer@CChams@VISUALS@FEATURES@@AAEXPAVCBaseEntity@SDK@@@Z 10013e20 f   Chams.obj
 0001:00012fb0       ?DrawPlayer@CChams@VISUALS@FEATURES@@AAEXPAVCBaseEntity@SDK@@@Z 10013fb0 f   Chams.obj
 0001:000131a0       ?UpdateMaterials@CChams@VISUALS@FEATURES@@AAEXXZ 100141a0 f   Chams.obj
 0001:00013a80       ?Do@CircleStrafer@MISC@FEATURES@@QAEXPAVCUserCmd@SDK@@@Z 10014a80 f   CircleStrafer.obj
 0001:00013c80       ?VerifyRotation@CircleStrafer@MISC@FEATURES@@AAEMM@Z 10014c80 f   CircleStrafer.obj
 0001:00014240       ?EndPrediction@EnginePrediction@MISC@FEATURES@@QBEXXZ 10015240 f   EnginePrediction.obj
 0001:000142a0       ?StartPrediction@EnginePrediction@MISC@FEATURES@@QAEXPAVCUserCmd@SDK@@@Z 100152a0 f   EnginePrediction.obj
 0001:000143b0       ?GetEventDebugID@IGameEventListener@SDK@@UAEHXZ 100153b0 f i EventListeners.obj
 0001:000143c0       ??_EIGameEventListener@SDK@@UAEPAXI@Z 100153c0 f i EventListeners.obj
 0001:000143c0       ??_GIGameEventListener@SDK@@UAEPAXI@Z 100153c0 f i EventListeners.obj
 0001:000143f0       ?FireGameEvent@ItemPurchaseListener@MISC@FEATURES@@UAEXPAVIGameEvent@SDK@@@Z 100153f0 f   EventListeners.obj
 0001:000145e0       ??_GItemPurchaseListener@MISC@FEATURES@@UAEPAXI@Z 100155e0 f i EventListeners.obj
 0001:000145e0       ??_EItemPurchaseListener@MISC@FEATURES@@UAEPAXI@Z 100155e0 f i EventListeners.obj
 0001:00014650       ?FireGameEvent@PlayerHurtListener@MISC@FEATURES@@UAEXPAVIGameEvent@SDK@@@Z 10015650 f   EventListeners.obj
 0001:000149e0       ??_GPlayerHurtListener@MISC@FEATURES@@UAEPAXI@Z 100159e0 f i EventListeners.obj
 0001:000149e0       ??_EPlayerHurtListener@MISC@FEATURES@@UAEPAXI@Z 100159e0 f i EventListeners.obj
 0001:00014a50       ?FireGameEvent@BulletImpactListener@MISC@FEATURES@@UAEXPAVIGameEvent@SDK@@@Z 10015a50 f   EventListeners.obj
 0001:00014cc0       ??_GBulletImpactListener@MISC@FEATURES@@UAEPAXI@Z 10015cc0 f i EventListeners.obj
 0001:00014cc0       ??_EBulletImpactListener@MISC@FEATURES@@UAEPAXI@Z 10015cc0 f i EventListeners.obj
 0001:00014d30       ?FireGameEvent@WeaponFireListener@MISC@FEATURES@@UAEXPAVIGameEvent@SDK@@@Z 10015d30 f   EventListeners.obj
 0001:00014d50       ??_GWeaponFireListener@MISC@FEATURES@@UAEPAXI@Z 10015d50 f i EventListeners.obj
 0001:00014d50       ??_EWeaponFireListener@MISC@FEATURES@@UAEPAXI@Z 10015d50 f i EventListeners.obj
 0001:00014dc0       ??$_Destroy_range@V?$allocator@V?$basic_string@DU?$char_traits@D@std@@V?$allocator@D@2@@std@@@std@@@std@@YAXPAV?$basic_string@DU?$char_traits@D@std@@V?$allocator@D@2@@0@0AAV?$allocator@V?$basic_string@DU?$char_traits@D@std@@V?$allocator@D@2@@std@@@0@@Z 10015dc0 f i EventListeners.obj
 0001:00014e30       ??$_Emplace_reallocate@ABUBulletTracer@BulletTracers@MISC@FEATURES@@@?$vector@UBulletTracer@BulletTracers@MISC@FEATURES@@V?$allocator@UBulletTracer@BulletTracers@MISC@FEATURES@@@std@@@std@@QAEPAUBulletTracer@BulletTracers@MISC@FEATURES@@QAU2345@ABU2345@@Z 10015e30 f i EventListeners.obj
 0001:00014fe0       ??$_Emplace_reallocate@ABULog@InGameLogger@MISC@FEATURES@@@?$vector@ULog@InGameLogger@MISC@FEATURES@@V?$allocator@ULog@InGameLogger@MISC@FEATURES@@@std@@@std@@QAEPAULog@InGameLogger@MISC@FEATURES@@QAU2345@ABU2345@@Z 10015fe0 f i EventListeners.obj
 0001:00015260       ??$_Emplace_reallocate@ABV?$basic_string@DU?$char_traits@D@std@@V?$allocator@D@2@@std@@@?$vector@V?$basic_string@DU?$char_traits@D@std@@V?$allocator@D@2@@std@@V?$allocator@V?$basic_string@DU?$char_traits@D@std@@V?$allocator@D@2@@std@@@2@@std@@QAEPAV?$basic_string@DU?$char_traits@D@std@@V?$allocator@D@2@@1@QAV21@ABV21@@Z 10016260 f i EventListeners.obj
 0001:00015430       ??$_Emplace_reallocate@ABVCColor@@@?$vector@VCColor@@V?$allocator@VCColor@@@std@@@std@@QAEPAVCColor@@QAV2@ABV2@@Z 10016430 f i EventListeners.obj
 0001:000155a0       ??$_Uninitialized_move@PAV?$basic_string@DU?$char_traits@D@std@@V?$allocator@D@2@@std@@PAV12@V?$allocator@V?$basic_string@DU?$char_traits@D@std@@V?$allocator@D@2@@std@@@2@@std@@YAPAV?$basic_string@DU?$char_traits@D@std@@V?$allocator@D@2@@0@QAV10@0PAV10@AAV?$allocator@V?$basic_string@DU?$char_traits@D@std@@V?$allocator@D@2@@std@@@0@@Z 100165a0 f i EventListeners.obj
 0001:00015610       ??$construct@ULog@InGameLogger@MISC@FEATURES@@U1234@@?$_Default_allocator_traits@V?$allocator@ULog@InGameLogger@MISC@FEATURES@@@std@@@std@@SAXAAV?$allocator@ULog@InGameLogger@MISC@FEATURES@@@1@QAULog@InGameLogger@MISC@FEATURES@@$$QAU3456@@Z 10016610 f i EventListeners.obj
 0001:000156a0       ??$emplace@ABULog@InGameLogger@MISC@FEATURES@@@?$vector@ULog@InGameLogger@MISC@FEATURES@@V?$allocator@ULog@InGameLogger@MISC@FEATURES@@@std@@@std@@QAE?AV?$_Vector_iterator@V?$_Vector_val@U?$_Simple_types@ULog@InGameLogger@MISC@FEATURES@@@std@@@std@@@1@V?$_Vector_const_iterator@V?$_Vector_val@U?$_Simple_types@ULog@InGameLogger@MISC@FEATURES@@@std@@@std@@@1@ABULog@InGameLogger@MISC@FEATURES@@@Z 100166a0 f i EventListeners.obj
 0001:00015890       ??0?$basic_string@DU?$char_traits@D@std@@V?$allocator@D@2@@std@@QAE@QBD@Z 10016890 f i EventListeners.obj
 0001:000158d0       ??0?$vector@V?$basic_string@DU?$char_traits@D@std@@V?$allocator@D@2@@std@@V?$allocator@V?$basic_string@DU?$char_traits@D@std@@V?$allocator@D@2@@std@@@2@@std@@QAE@ABV01@@Z 100168d0 f i EventListeners.obj
 0001:000159d0       ??0?$vector@VCColor@@V?$allocator@VCColor@@@std@@@std@@QAE@ABV01@@Z 100169d0 f i EventListeners.obj
 0001:00015a60       ??0Log@InGameLogger@MISC@FEATURES@@QAE@ABU0123@@Z 10016a60 f i EventListeners.obj
 0001:00015ad0       ??0Log@InGameLogger@MISC@FEATURES@@QAE@XZ 10016ad0 f i EventListeners.obj
 0001:00015b50       ??1?$_Uninitialized_backout_al@PAV?$basic_string@DU?$char_traits@D@std@@V?$allocator@D@2@@std@@V?$allocator@V?$basic_string@DU?$char_traits@D@std@@V?$allocator@D@2@@std@@@2@@std@@QAE@XZ 10016b50 f i EventListeners.obj
 0001:00015b70       ??1?$vector@V?$basic_string@DU?$char_traits@D@std@@V?$allocator@D@2@@std@@V?$allocator@V?$basic_string@DU?$char_traits@D@std@@V?$allocator@D@2@@std@@@2@@std@@QAE@XZ 10016b70 f i EventListeners.obj
 0001:00015b80       ??1ColorLine@MISC@FEATURES@@QAE@XZ 10016b80 f i EventListeners.obj
 0001:00015be0       ??1Log@InGameLogger@MISC@FEATURES@@QAE@XZ 10016be0 f i EventListeners.obj
 0001:00015bf0       ??4Log@InGameLogger@MISC@FEATURES@@QAEAAU0123@$$QAU0123@@Z 10016bf0 f i EventListeners.obj
 0001:00015c70       ?AddLog@InGameLogger@MISC@FEATURES@@QAEXULog@123@@Z 10016c70 f i EventListeners.obj
 0001:00015cd0       ?InitializeEventListeners@MISC@FEATURES@@YAXXZ 10016cd0 f   EventListeners.obj
 0001:00015f40       ?PushBack@ColorLine@MISC@FEATURES@@QAEXV?$basic_string@DU?$char_traits@D@std@@V?$allocator@D@2@@std@@VCColor@@@Z 10016f40 f i EventListeners.obj
 0001:00016000       ?RemoveEventListeners@MISC@FEATURES@@YAXXZ 10017000 f   EventListeners.obj
 0001:00016050       ?_Destroy@?$vector@ULog@InGameLogger@MISC@FEATURES@@V?$allocator@ULog@InGameLogger@MISC@FEATURES@@@std@@@std@@AAEXPAULog@InGameLogger@MISC@FEATURES@@0@Z 10017050 f i EventListeners.obj
 0001:00016080       ?_Destroy@?$vector@V?$basic_string@DU?$char_traits@D@std@@V?$allocator@D@2@@std@@V?$allocator@V?$basic_string@DU?$char_traits@D@std@@V?$allocator@D@2@@std@@@2@@std@@AAEXPAV?$basic_string@DU?$char_traits@D@std@@V?$allocator@D@2@@2@0@Z 10017080 f i EventListeners.obj
 0001:000160a0       ?_Tidy@?$vector@V?$basic_string@DU?$char_traits@D@std@@V?$allocator@D@2@@std@@V?$allocator@V?$basic_string@DU?$char_traits@D@std@@V?$allocator@D@2@@std@@@2@@std@@AAEXXZ 100170a0 f i EventListeners.obj
 0001:00016120       ?_Umove@?$vector@ULog@InGameLogger@MISC@FEATURES@@V?$allocator@ULog@InGameLogger@MISC@FEATURES@@@std@@@std@@AAEPAULog@InGameLogger@MISC@FEATURES@@PAU3456@00@Z 10017120 f i EventListeners.obj
 0001:00016170       ?deallocate@?$allocator@V?$basic_string@DU?$char_traits@D@std@@V?$allocator@D@2@@std@@@std@@QAEXQAV?$basic_string@DU?$char_traits@D@std@@V?$allocator@D@2@@2@I@Z 10017170 f i EventListeners.obj
 0001:000161b0       ?Do@Fakewalk@RAGEBOT@FEATURES@@QAEXPAVCUserCmd@SDK@@@Z 100171b0 f   Fakewalk.obj
 0001:000163b0       ??$_Move_unchecked@PAULog@InGameLogger@MISC@FEATURES@@PAU1234@@std@@YAPAULog@InGameLogger@MISC@FEATURES@@PAU1234@00@Z 100173b0 f i InGameLogger.obj
 0001:000164b0       ??1?$vector@ULog@InGameLogger@MISC@FEATURES@@V?$allocator@ULog@InGameLogger@MISC@FEATURES@@@std@@@std@@QAE@XZ 100174b0 f i InGameLogger.obj
 0001:00016540       ?Do@InGameLogger@MISC@FEATURES@@QAEXXZ 10017540 f   InGameLogger.obj
 0001:00016840       ?Draw@ColorLine@MISC@FEATURES@@QAEXHHI@Z 10017840 f   InGameLogger.obj
 0001:00016a60       ?Do@LegitAimbot@LEGITBOT@FEATURES@@QAEXPAVCUserCmd@SDK@@@Z 10017a60 f   Legitbot.obj
 0001:00016b60       ??$?6U?$char_traits@D@std@@@std@@YAAAV?$basic_ostream@DU?$char_traits@D@std@@@0@AAV10@PBD@Z 10017b60 f i Misc.obj
 0001:00016e10       ??$?8DU?$char_traits@D@std@@V?$allocator@D@1@@std@@YA_NABV?$basic_string@DU?$char_traits@D@std@@V?$allocator@D@2@@0@QBD@Z 10017e10 f i Misc.obj
 0001:00016ea0       ??$HookFunction@P6E_NPAXPAUmatrix3x4_t@@HHM@Z@VMTHookManager@VMT@@QAEP6E_NPAXPAUmatrix3x4_t@@HHM@ZH0@Z 10017ea0 f i Misc.obj
 0001:00016f80       ??$_Buynode@ABUpiecewise_construct_t@std@@V?$tuple@ABH@2@V?$tuple@$$V@2@@?$_Tree_comp_alloc@V?$_Tmap_traits@HPAXU?$less@H@std@@V?$allocator@U?$pair@$$CBHPAX@std@@@2@$0A@@std@@@std@@QAEPAU?$_Tree_node@U?$pair@$$CBHPAX@std@@PAX@1@ABUpiecewise_construct_t@1@$$QAV?$tuple@ABH@1@$$QAV?$tuple@$$V@1@@Z 10017f80 f i Misc.obj
 0001:00016fb0       ??$_Emplace_reallocate@ABV?$vector@V?$basic_string@DU?$char_traits@D@std@@V?$allocator@D@2@@std@@V?$allocator@V?$basic_string@DU?$char_traits@D@std@@V?$allocator@D@2@@std@@@2@@std@@@?$vector@V?$vector@V?$basic_string@DU?$char_traits@D@std@@V?$allocator@D@2@@std@@V?$allocator@V?$basic_string@DU?$char_traits@D@std@@V?$allocator@D@2@@std@@@2@@std@@V?$allocator@V?$vector@V?$basic_string@DU?$char_traits@D@std@@V?$allocator@D@2@@std@@V?$allocator@V?$basic_string@DU?$char_traits@D@std@@V?$allocator@D@2@@std@@@2@@std@@@2@@std@@QAEPAV?$vector@V?$basic_string@DU?$char_traits@D@std@@V?$allocator@D@2@@std@@V?$allocator@V?$basic_string@DU?$char_traits@D@std@@V?$allocator@D@2@@std@@@2@@1@QAV21@ABV21@@Z 10017fb0 f i Misc.obj
 0001:000171d0       ??$_Emplace_reallocate@UHitmarker@Hitmarkers@MISC@FEATURES@@@?$vector@UHitmarker@Hitmarkers@MISC@FEATURES@@V?$allocator@UHitmarker@Hitmarkers@MISC@FEATURES@@@std@@@std@@QAEPAUHitmarker@Hitmarkers@MISC@FEATURES@@QAU2345@$$QAU2345@@Z 100181d0 f i Misc.obj
 0001:00017370       ??$_Insert_at@AAU?$pair@$$CBHPAX@std@@PAU?$_Tree_node@U?$pair@$$CBHPAX@std@@PAX@2@@?$_Tree@V?$_Tmap_traits@HPAXU?$less@H@std@@V?$allocator@U?$pair@$$CBHPAX@std@@@2@$0A@@std@@@std@@IAE?AV?$_Tree_iterator@V?$_Tree_val@U?$_Tree_simple_types@U?$pair@$$CBHPAX@std@@@std@@@std@@@1@_NPAU?$_Tree_node@U?$pair@$$CBHPAX@std@@PAX@1@AAU?$pair@$$CBHPAX@1@1@Z 10018370 f i Misc.obj
 0001:000174d0       ??$_Insert_hint@AAU?$pair@$$CBHPAX@std@@PAU?$_Tree_node@U?$pair@$$CBHPAX@std@@PAX@2@@?$_Tree@V?$_Tmap_traits@HPAXU?$less@H@std@@V?$allocator@U?$pair@$$CBHPAX@std@@@2@$0A@@std@@@std@@IAE?AV?$_Tree_iterator@V?$_Tree_val@U?$_Tree_simple_types@U?$pair@$$CBHPAX@std@@@std@@@std@@@1@V?$_Tree_const_iterator@V?$_Tree_val@U?$_Tree_simple_types@U?$pair@$$CBHPAX@std@@@std@@@std@@@1@AAU?$pair@$$CBHPAX@1@PAU?$_Tree_node@U?$pair@$$CBHPAX@std@@PAX@1@@Z 100184d0 f i Misc.obj
 0001:000176f0       ??$_Insert_nohint@AAU?$pair@$$CBHPAX@std@@PAU?$_Tree_node@U?$pair@$$CBHPAX@std@@PAX@2@@?$_Tree@V?$_Tmap_traits@HPAXU?$less@H@std@@V?$allocator@U?$pair@$$CBHPAX@std@@@2@$0A@@std@@@std@@IAE?AU?$pair@V?$_Tree_iterator@V?$_Tree_val@U?$_Tree_simple_types@U?$pair@$$CBHPAX@std@@@std@@@std@@@std@@_N@1@_NAAU?$pair@$$CBHPAX@1@PAU?$_Tree_node@U?$pair@$$CBHPAX@std@@PAX@1@@Z 100186f0 f i Misc.obj
 0001:00017810       ??$_Uninitialized_move@PAV?$vector@V?$basic_string@DU?$char_traits@D@std@@V?$allocator@D@2@@std@@V?$allocator@V?$basic_string@DU?$char_traits@D@std@@V?$allocator@D@2@@std@@@2@@std@@PAV12@V?$allocator@V?$vector@V?$basic_string@DU?$char_traits@D@std@@V?$allocator@D@2@@std@@V?$allocator@V?$basic_string@DU?$char_traits@D@std@@V?$allocator@D@2@@std@@@2@@std@@@2@@std@@YAPAV?$vector@V?$basic_string@DU?$char_traits@D@std@@V?$allocator@D@2@@std@@V?$allocator@V?$basic_string@DU?$char_traits@D@std@@V?$allocator@D@2@@std@@@2@@0@QAV10@0PAV10@AAV?$allocator@V?$vector@V?$basic_string@DU?$char_traits@D@std@@V?$allocator@D@2@@std@@V?$allocator@V?$basic_string@DU?$char_traits@D@std@@V?$allocator@D@2@@std@@@2@@std@@@0@@Z 10018810 f i Misc.obj
 0001:00017880       ??$endl@DU?$char_traits@D@std@@@std@@YAAAV?$basic_ostream@DU?$char_traits@D@std@@@0@AAV10@@Z 10018880 f i Misc.obj
 0001:000178b0       ??$getline@DU?$char_traits@D@std@@V?$allocator@D@2@@std@@YAAAV?$basic_istream@DU?$char_traits@D@std@@@0@$$QAV10@AAV?$basic_string@DU?$char_traits@D@std@@V?$allocator@D@2@@0@D@Z 100188b0 f i Misc.obj
 0001:00017a60       ??0sentry@?$basic_ostream@DU?$char_traits@D@std@@@std@@QAE@AAV12@@Z 10018a60 f i Misc.obj
 0001:00017af0       ??1?$vector@V?$vector@V?$basic_string@DU?$char_traits@D@std@@V?$allocator@D@2@@std@@V?$allocator@V?$basic_string@DU?$char_traits@D@std@@V?$allocator@D@2@@std@@@2@@std@@V?$allocator@V?$vector@V?$basic_string@DU?$char_traits@D@std@@V?$allocator@D@2@@std@@V?$allocator@V?$basic_string@DU?$char_traits@D@std@@V?$allocator@D@2@@std@@@2@@std@@@2@@std@@QAE@XZ 10018af0 f i Misc.obj
 0001:00017b70       ??E?$_Tree_const_iterator@V?$_Tree_val@U?$_Tree_simple_types@U?$pair@$$CBHPAX@std@@@std@@@std@@@std@@QAEAAV01@XZ 10018b70 f i Misc.obj
 0001:00017b70       ??E?$_Tree_unchecked_const_iterator@V?$_Tree_val@U?$_Tree_simple_types@U?$pair@$$CBHPAX@std@@@std@@@std@@U_Iterator_base0@2@@std@@QAEAAV01@XZ 10018b70 f i vmt.obj
 0001:00017bd0       ??F?$_Tree_const_iterator@V?$_Tree_val@U?$_Tree_simple_types@U?$pair@$$CBHPAX@std@@@std@@@std@@@std@@QAEAAV01@XZ 10018bd0 f i Misc.obj
 0001:00018e30       ?AddHitmarker@Hitmarkers@MISC@FEATURES@@QAEXH@Z 10019e30 f   Misc.obj
 0001:00018ed0       ?AutoPistol@MISC@FEATURES@@YAXPAVCUserCmd@SDK@@@Z 10019ed0 f   Misc.obj
 0001:00018fd0       ?AutoRevolver@MISC@FEATURES@@YAXPAVCUserCmd@SDK@@@Z 10019fd0 f   Misc.obj
 0001:00019080       ?Bhop@MISC@FEATURES@@YAXPAVCUserCmd@SDK@@@Z 1001a080 f   Misc.obj
 0001:000190f0       ?ClantagChanger@MISC@FEATURES@@YAXXZ 1001a0f0 f   Misc.obj
 0001:000192c0       ?Do@BulletTracers@MISC@FEATURES@@QAEXXZ 1001a2c0 f   Misc.obj
 0001:00019650       ?Do@Hitmarkers@MISC@FEATURES@@QAEXXZ 1001a650 f   Misc.obj
 0001:00019940       ?DrawMisc@MISC@FEATURES@@YAXXZ 1001a940 f   Misc.obj
 0001:00019d00       ?FNVHashEx@UTILS@@YAIQBDI@Z 1001ad00 f i Misc.obj
 0001:00019d30       ?Fakelag@MISC@FEATURES@@YAXPAVCUserCmd@SDK@@@Z 1001ad30 f   Misc.obj
 0001:0001a160       ?FixMove@MISC@FEATURES@@YAXPAVCUserCmd@SDK@@VVector@@@Z 1001b160 f   Misc.obj
 0001:0001a5e0       ?HookedSetupBones@MISC@FEATURES@@YI_NPAX0PAUmatrix3x4_t@@HHM@Z 1001b5e0 f   Misc.obj
 0001:0001a670       ?LoadUserConfig@MISC@FEATURES@@YAXXZ 1001b670 f   Misc.obj
 0001:0001aae0       ?Misc@MISC@FEATURES@@YAXXZ 1001bae0 f   Misc.obj
 0001:0001ab70       ?Radar@MISC@FEATURES@@YAXXZ 1001bb70 f   Misc.obj
 0001:0001abb0       ?ThirdpersonFSN@MISC@FEATURES@@YAXXZ 1001bbb0 f   Misc.obj
 0001:0001aca0       ?ThirdpersonOV@MISC@FEATURES@@YAXXZ 1001bca0 f   Misc.obj
 0001:0001b040       ?UpdateAngles@MISC@FEATURES@@YAXPAVCUserCmd@SDK@@@Z 1001c040 f   Misc.obj
 0001:0001b080       ?_Buynode0@?$_Tree_comp_alloc@V?$_Tmap_traits@HPAXU?$less@H@std@@V?$allocator@U?$pair@$$CBHPAX@std@@@2@$0A@@std@@@std@@QAEPAU?$_Tree_node@U?$pair@$$CBHPAX@std@@PAX@2@XZ 1001c080 f i Misc.obj
 0001:0001b0a0       ?_Destroy@?$vector@V?$vector@V?$basic_string@DU?$char_traits@D@std@@V?$allocator@D@2@@std@@V?$allocator@V?$basic_string@DU?$char_traits@D@std@@V?$allocator@D@2@@std@@@2@@std@@V?$allocator@V?$vector@V?$basic_string@DU?$char_traits@D@std@@V?$allocator@D@2@@std@@V?$allocator@V?$basic_string@DU?$char_traits@D@std@@V?$allocator@D@2@@std@@@2@@std@@@2@@std@@AAEXPAV?$vector@V?$basic_string@DU?$char_traits@D@std@@V?$allocator@D@2@@std@@V?$allocator@V?$basic_string@DU?$char_traits@D@std@@V?$allocator@D@2@@std@@@2@@2@0@Z 1001c0a0 f i Misc.obj
 0001:0001b0d0       ?_Destroy_if_node@?$_Tree@V?$_Tmap_traits@HPAXU?$less@H@std@@V?$allocator@U?$pair@$$CBHPAX@std@@@2@$0A@@std@@@std@@IAEXPAU?$_Tree_node@U?$pair@$$CBHPAX@std@@PAX@2@@Z 1001c0d0 f i Misc.obj
 0001:0001b0f0       ?_Lrotate@?$_Tree_val@U?$_Tree_simple_types@U?$pair@$$CBIUtab_anim@@@std@@@std@@@std@@QAEXPAU?$_Tree_node@U?$pair@$$CBIUtab_anim@@@std@@PAX@2@@Z 1001c0f0 f i imgui_widgets.obj
 0001:0001b0f0       ?_Lrotate@?$_Tree_val@U?$_Tree_simple_types@U?$pair@$$CBHPAX@std@@@std@@@std@@QAEXPAU?$_Tree_node@U?$pair@$$CBHPAX@std@@PAX@2@@Z 1001c0f0 f i Misc.obj
 0001:0001b150       ?_Rrotate@?$_Tree_val@U?$_Tree_simple_types@U?$pair@$$CBHPAX@std@@@std@@@std@@QAEXPAU?$_Tree_node@U?$pair@$$CBHPAX@std@@PAX@2@@Z 1001c150 f i Misc.obj
 0001:0001b150       ?_Rrotate@?$_Tree_val@U?$_Tree_simple_types@U?$pair@$$CBIUtab_anim@@@std@@@std@@@std@@QAEXPAU?$_Tree_node@U?$pair@$$CBIUtab_anim@@@std@@PAX@2@@Z 1001c150 f i imgui_widgets.obj
 0001:0001b1b0       ?append@?$basic_string@DU?$char_traits@D@std@@V?$allocator@D@2@@std@@QAEAAV12@ID@Z 1001c1b0 f i Misc.obj
 0001:0001b310       ?deallocate@?$allocator@V?$vector@V?$basic_string@DU?$char_traits@D@std@@V?$allocator@D@2@@std@@V?$allocator@V?$basic_string@DU?$char_traits@D@std@@V?$allocator@D@2@@std@@@2@@std@@@std@@QAEXQAV?$vector@V?$basic_string@DU?$char_traits@D@std@@V?$allocator@D@2@@std@@V?$allocator@V?$basic_string@DU?$char_traits@D@std@@V?$allocator@D@2@@std@@@2@@2@I@Z 1001c310 f i Misc.obj
 0001:0001b350       ?erase@?$basic_string@DU?$char_traits@D@std@@V?$allocator@D@2@@std@@QAE?AV?$_String_iterator@V?$_String_val@U?$_Simple_types@D@std@@@std@@@2@V?$_String_const_iterator@V?$_String_val@U?$_Simple_types@D@std@@@std@@@2@0@Z 1001c350 f i Misc.obj
 0001:0001b3c0       ?insert@?$basic_string@DU?$char_traits@D@std@@V?$allocator@D@2@@std@@QAEAAV12@IID@Z 1001c3c0 f i Misc.obj
 0001:0001b560       ?insert@?$vector@V?$basic_string@DU?$char_traits@D@std@@V?$allocator@D@2@@std@@V?$allocator@V?$basic_string@DU?$char_traits@D@std@@V?$allocator@D@2@@std@@@2@@std@@QAE?AV?$_Vector_iterator@V?$_Vector_val@U?$_Simple_types@V?$basic_string@DU?$char_traits@D@std@@V?$allocator@D@2@@std@@@std@@@std@@@2@V?$_Vector_const_iterator@V?$_Vector_val@U?$_Simple_types@V?$basic_string@DU?$char_traits@D@std@@V?$allocator@D@2@@std@@@std@@@std@@@2@ABV?$basic_string@DU?$char_traits@D@std@@V?$allocator@D@2@@2@@Z 1001c560 f i Misc.obj
 0001:0001b6e0       ?push_back@?$basic_string@DU?$char_traits@D@std@@V?$allocator@D@2@@std@@QAEXD@Z 1001c6e0 f i Misc.obj
 0001:0001b7f0       ?put@?$basic_ostream@DU?$char_traits@D@std@@@std@@QAEAAV12@D@Z 1001c7f0 f i Misc.obj
 0001:0001b970       ?snextc@?$basic_streambuf@DU?$char_traits@D@std@@@std@@QAEHXZ 1001c970 f i Misc.obj
 0001:0001b9e0       ?swap@?$basic_filebuf@DU?$char_traits@D@std@@@std@@QAEXAAV12@@Z 1001c9e0 f i Misc.obj
 0001:0001bbc0       ?widen@?$basic_ios@DU?$char_traits@D@std@@@std@@QBEDD@Z 1001cbc0 f i Misc.obj
 0001:0001bc60       ??$?HDU?$char_traits@D@std@@V?$allocator@D@1@@std@@YA?AV?$basic_string@DU?$char_traits@D@std@@V?$allocator@D@2@@0@QBDABV10@@Z 1001cc60 f i Resolver.obj
 0001:0001be20       ??$_Emplace_reallocate@ABUShotSnapshot@Resolver@RAGEBOT@FEATURES@@@?$vector@UShotSnapshot@Resolver@RAGEBOT@FEATURES@@V?$allocator@UShotSnapshot@Resolver@RAGEBOT@FEATURES@@@std@@@std@@QAEPAUShotSnapshot@Resolver@RAGEBOT@FEATURES@@QAU2345@ABU2345@@Z 1001ce20 f i Resolver.obj
 0001:0001c020       ??$_Emplace_reallocate@V?$basic_string@DU?$char_traits@D@std@@V?$allocator@D@2@@std@@@?$vector@V?$basic_string@DU?$char_traits@D@std@@V?$allocator@D@2@@std@@V?$allocator@V?$basic_string@DU?$char_traits@D@std@@V?$allocator@D@2@@std@@@2@@std@@QAEPAV?$basic_string@DU?$char_traits@D@std@@V?$allocator@D@2@@1@QAV21@$$QAV21@@Z 1001d020 f i Resolver.obj
 0001:0001c140       ??$_Emplace_reallocate@VVector@@@?$vector@VVector@@V?$allocator@VVector@@@std@@@std@@QAEPAVVector@@QAV2@$$QAV2@@Z 1001d140 f i Resolver.obj
 0001:0001c330       ??0Log@InGameLogger@MISC@FEATURES@@QAE@V?$basic_string@DU?$char_traits@D@std@@V?$allocator@D@2@@std@@VCColor@@@Z 1001d330 f i Resolver.obj
 0001:0001c4c0       ??1?$vector@UShotSnapshot@Resolver@RAGEBOT@FEATURES@@V?$allocator@UShotSnapshot@Resolver@RAGEBOT@FEATURES@@@std@@@std@@QAE@XZ 1001d4c0 f i Resolver.obj
 0001:0001c530       ??1?$vector@VVector@@V?$allocator@VVector@@@std@@@std@@QAE@XZ 1001d530 f i Resolver.obj
 0001:0001c5a0       ??4ColorLine@MISC@FEATURES@@QAEAAV012@$$QAV012@@Z 1001d5a0 f i Resolver.obj
 0001:0001c620       ?AddShotSnapshot@Resolver@RAGEBOT@FEATURES@@QAEXPAVCBaseEntity@SDK@@VPlayerResolveRecord@123@@Z 1001d620 f   Resolver.obj
 0001:0001c6e0       ?DoCM@Resolver@RAGEBOT@FEATURES@@QAEXXZ 1001d6e0 f   Resolver.obj
 0001:0001cdd0       ?DoFSN@Resolver@RAGEBOT@FEATURES@@QAEXXZ 1001ddd0 f   Resolver.obj
 0001:0001cf90       ?EventCallback@Resolver@RAGEBOT@FEATURES@@QAEXPAVIGameEvent@SDK@@@Z 1001df90 f   Resolver.obj
 0001:0001d200       ?GetResolveColor@Resolver@RAGEBOT@FEATURES@@QAE?AVCColor@@G@Z 1001e200 f   Resolver.obj
 0001:0001d260       ?GetResolveTypeIndex@Resolver@RAGEBOT@FEATURES@@QAEHG@Z 1001e260 f   Resolver.obj
 0001:0001d2f0       ?IsFakingYaw@Resolver@RAGEBOT@FEATURES@@QAE_NPAVCBaseEntity@SDK@@@Z 1001e2f0 f   Resolver.obj
 0001:0001d380       ?ProcessSnapShots@Resolver@RAGEBOT@FEATURES@@AAEXXZ 1001e380 f   Resolver.obj
 0001:0001d7b0       ?ResolveYaw@Resolver@RAGEBOT@FEATURES@@AAEXPAVCBaseEntity@SDK@@@Z 1001e7b0 f   Resolver.obj
 0001:0001df00       ?TranslateResolveRecord@Resolver@RAGEBOT@FEATURES@@QAE?AV?$basic_string@DU?$char_traits@D@std@@V?$allocator@D@2@@std@@G@Z 1001ef00 f   Resolver.obj
 0001:0001e5f0       ?UpdateResolveRecord@Resolver@RAGEBOT@FEATURES@@AAEXPAVCBaseEntity@SDK@@@Z 1001f5f0 f   Resolver.obj
 0001:0001ec20       ?_Become_small@?$basic_string@DU?$char_traits@D@std@@V?$allocator@D@2@@std@@QAEXXZ 1001fc20 f i Resolver.obj
 0001:0001ec70       ?_Change_array@?$vector@V?$basic_string@DU?$char_traits@D@std@@V?$allocator@D@2@@std@@V?$allocator@V?$basic_string@DU?$char_traits@D@std@@V?$allocator@D@2@@std@@@2@@std@@AAEXQAV?$basic_string@DU?$char_traits@D@std@@V?$allocator@D@2@@2@II@Z 1001fc70 f i Resolver.obj
 0001:0001ed00       ?push_back@?$vector@V?$basic_string@DU?$char_traits@D@std@@V?$allocator@D@2@@std@@V?$allocator@V?$basic_string@DU?$char_traits@D@std@@V?$allocator@D@2@@std@@@2@@std@@QAEX$$QAV?$basic_string@DU?$char_traits@D@std@@V?$allocator@D@2@@2@@Z 1001fd00 f i Resolver.obj
 0001:0001ed60       ??0MainConfig@SETTINGS@@QAE@XZ 1001fd60 f i Configurations.obj
 0001:0001efd0       ?CreateConfig@Configuration@SETTINGS@@SA_NPBD0@Z 1001ffd0 f   Configurations.obj
 0001:0001f0b0       ?DeleteConfig@Configuration@SETTINGS@@SA_NPBD0@Z 100200b0 f   Configurations.obj
 0001:0001f100       ?GetConfigs@Configuration@SETTINGS@@SAHPAY0BAA@DPBD@Z 10020100 f   Configurations.obj
 0001:0001f280       ?Load@Configuration@SETTINGS@@QAE_NPBDI@Z 10020280 f   Configurations.obj
 0001:0001f5b0       ?Save@Configuration@SETTINGS@@QAE_NPBDI@Z 100205b0 f   Configurations.obj
 0001:0001f710       ?Do@SkeletonESP@VISUALS@FEATURES@@QAEXXZ 10020710 f   SkeletonESP.obj
 0001:0001f8a0       ?DrawSkeleton@SkeletonESP@VISUALS@FEATURES@@QAEXPAVCBaseEntity@SDK@@VCColor@@PBUmatrix3x4_t@@@Z 100208a0 f   SkeletonESP.obj
 0001:0001fdb0       ??0SkinChanger@MISC@FEATURES@@QAE@XZ 10020db0 f i SkinChanger.obj
 0001:0002aa20       ?Do@SkinChanger@MISC@FEATURES@@QAEXXZ 1002ba20 f   SkinChanger.obj
 0001:0002ad00       ?Do@VisualizeBacktrack@VISUALS@FEATURES@@QAEXXZ 1002bd00 f   VisualizeBacktrack.obj
 0001:0002b060       ?Do@VISUALS@FEATURES@@YAXXZ 1002c060 f   Visuals.obj
 0001:0002b640       ?DisableFlashDuration@VisualsMisc@VISUALS@FEATURES@@QAEXXZ 1002c640 f   VisualsMisc.obj
 0001:0002b680       ?Do@VisualsMisc@VISUALS@FEATURES@@QAEXXZ 1002c680 f   VisualsMisc.obj
 0001:0002b830       ?DrawAutowallCrosshair@VisualsMisc@VISUALS@FEATURES@@AAEXXZ 1002c830 f   VisualsMisc.obj
 0001:0002bb50       ?DrawGrenadePrediction@VisualsMisc@VISUALS@FEATURES@@AAEXXZ 1002cb50 f   VisualsMisc.obj
 0001:0002cba0       ?DrawSnaplines@VisualsMisc@VISUALS@FEATURES@@AAEXXZ 1002dba0 f   VisualsMisc.obj
 0001:0002ce10       ?DrawSpreadCircle@VisualsMisc@VISUALS@FEATURES@@AAEXXZ 1002de10 f   VisualsMisc.obj
 0001:0002d460       ?NoSmoke@VisualsMisc@VISUALS@FEATURES@@QAEXXZ 1002e460 f   VisualsMisc.obj
 0001:0002d5f0       ??0WorldTextures@VISUALS@FEATURES@@QAE@XZ 1002e5f0 f i World Textures.obj
 0001:0002dc90       ?DoFSN@WorldTextures@VISUALS@FEATURES@@QAEXXZ 1002ec90 f   World Textures.obj
 0001:0002e200       ??0?$ImVector@PAUImDrawList@@@@QAE@XZ 1002f200 f i imgui.obj
 0001:0002e220       ??0ImDrawList@@QAE@PBUImDrawListSharedData@@@Z 1002f220 f i imgui.obj
 0001:0002e320       ??0ImGuiContext@@QAE@PAUImFontAtlas@@@Z 1002f320 f i imgui.obj
 0001:0002f110       ??0ImGuiIO@@QAE@XZ         10030110 f   imgui.obj
 0001:0002f3e0       ??0ImGuiStyle@@QAE@XZ      100303e0 f   imgui.obj
 0001:0002f630       ??0ImGuiWindow@@QAE@PAUImGuiContext@@PBD@Z 10030630 f   imgui.obj
 0001:0002fc90       ??0ImRect@@QAE@XZ          10030c90 f i imgui.obj
 0001:0002fcb0       ??0ImVec2@@QAE@XZ          10030cb0 f i imgui.obj
 0001:0002fcc0       ??0ImVec4@@QAE@XZ          10030cc0 f i imgui.obj
 0001:0002fce0       ??1?$ImChunkStream@UImGuiWindowSettings@@@@QAE@XZ 10030ce0 f i imgui.obj
 0001:0002fce0       ??1ImGuiTextBuffer@@QAE@XZ 10030ce0 f i imgui.obj
 0001:0002fce0       ??1?$ImChunkStream@UImGuiTableSettings@@@@QAE@XZ 10030ce0 f i imgui.obj
 0001:0002fce0       ??1ImGuiStorage@@QAE@XZ    10030ce0 f i imgui.obj
 0001:0002fd40       ??1?$ImPool@UImGuiTabBar@@@@QAE@XZ 10030d40 f i imgui.obj
 0001:0002fde0       ??1?$ImPool@UImGuiTable@@@@QAE@XZ 10030de0 f i imgui.obj
 0001:0002fe80       ??1?$ImVector@G@@QAE@XZ    10030e80 f i imgui.obj
 0001:0002fe80       ??1?$ImVector@UImGuiGroupData@@@@QAE@XZ 10030e80 f i imgui.obj
 0001:0002fe80       ??1?$ImVector@UImGuiStyleMod@@@@QAE@XZ 10030e80 f i imgui.obj
 0001:0002fe80       ??1?$ImVector@UImGuiPtrOrIndex@@@@QAE@XZ 10030e80 f i imgui.obj
 0001:0002fe80       ??1?$ImVector@UImGuiPopupData@@@@QAE@XZ 10030e80 f i imgui.obj
 0001:0002fe80       ??1?$ImVector@E@@QAE@XZ    10030e80 f i imgui.obj
 0001:0002fe80       ??1?$ImVector@PAUImGuiWindow@@@@QAE@XZ 10030e80 f i imgui.obj
 0001:0002fe80       ??1?$ImVector@UImGuiColorMod@@@@QAE@XZ 10030e80 f i imgui.obj
 0001:0002fe80       ??1?$ImVector@I@@QAE@XZ    10030e80 f i imgui.obj
 0001:0002fe80       ??1?$ImVector@UImGuiOldColumns@@@@QAE@XZ 10030e80 f i imgui.obj
 0001:0002fe80       ??1?$ImVector@PAUImDrawList@@@@QAE@XZ 10030e80 f i imgui.obj
 0001:0002fe80       ??1?$ImVector@M@@QAE@XZ    10030e80 f i imgui.obj
 0001:0002fe80       ??1?$ImVector@PAUImFont@@@@QAE@XZ 10030e80 f i imgui.obj
 0001:0002fe80       ??1?$ImVector@UImGuiSettingsHandler@@@@QAE@XZ 10030e80 f i imgui.obj
 0001:0002fe80       ??1?$ImVector@H@@QAE@XZ    10030e80 f i imgui.obj
 0001:0002fe80       ??1?$ImVector@UImDrawChannel@@@@QAE@XZ 10030e80 f i imgui.obj
 0001:0002fe80       ??1?$ImVector@UImGuiShrinkWidthItem@@@@QAE@XZ 10030e80 f i imgui.obj
 0001:0002fe80       ??1?$ImVector@UImGuiContextHook@@@@QAE@XZ 10030e80 f i imgui.obj
 0001:0002fe80       ??1?$ImVector@PAUImGuiViewportP@@@@QAE@XZ 10030e80 f i imgui.obj
 0001:0002fe80       ??1?$ImVector@D@@QAE@XZ    10030e80 f i imgui.obj
 0001:0002fee0       ??1ImDrawList@@QAE@XZ      10030ee0 f i imgui.obj
 0001:00030070       ??1ImGuiIO@@QAE@XZ         10031070 f i imgui.obj
 0001:000300e0       ??1ImGuiInputTextState@@QAE@XZ 100310e0 f i imgui.obj
 0001:000301a0       ??1ImGuiWindowTempData@@QAE@XZ 100311a0 f i imgui.obj
 0001:00030360       ?AddInputCharacterUTF16@ImGuiIO@@QAEXG@Z 10031360 f   imgui.obj
 0001:00030650       ?Begin@ImGui@@YA_NPBDPA_NH@Z 10031650 f   imgui.obj
 0001:000328f0       ?BeginChildEx@ImGui@@YA_NPBDIABUImVec2@@_NH@Z 100338f0 f   imgui.obj
 0001:00032ae0       ?BeginGroup@ImGui@@YAXXZ   10033ae0 f   imgui.obj
 0001:00032c30       ?BeginTooltipEx@ImGui@@YAXHH@Z 10033c30 f   imgui.obj
 0001:00032d80       ?CalcFontSize@ImGuiWindow@@QBEMXZ 10033d80 f i imgui.obj
 0001:00032dc0       ?CalcItemSize@ImGui@@YA?AUImVec2@@U2@MM@Z 10033dc0 f   imgui.obj
 0001:00032e90       ?CalcItemWidth@ImGui@@YAMXZ 10033e90 f   imgui.obj
 0001:00033260       ?CalcTextSize@ImGui@@YA?AUImVec2@@PBD0_NM@Z 10034260 f   imgui.obj
 0001:00033320       ?CalcTypematicRepeatAmount@ImGui@@YAHMMMM@Z 10034320 f   imgui.obj
 0001:00033960       ?CalcWrapWidthForPos@ImGui@@YAMABUImVec2@@M@Z 10034960 f   imgui.obj
 0001:000339c0       ?CallContextHooks@ImGui@@YAXPAUImGuiContext@@W4ImGuiContextHookType@@@Z 100349c0 f   imgui.obj
 0001:00033b00       ?Clear@?$ImPool@UImGuiTabBar@@@@QAEXXZ 10034b00 f i imgui.obj
 0001:00033c90       ?Clear@?$ImPool@UImGuiTable@@@@QAEXXZ 10034c90 f i imgui.obj
 0001:00033e90       ?ClearActiveID@ImGui@@YAXXZ 10034e90 f   imgui.obj
 0001:00033f20       ?ClearDragDrop@ImGui@@YAXXZ 10034f20 f   imgui.obj
 0001:00034010       ?CloseCurrentPopup@ImGui@@YAXXZ 10035010 f   imgui.obj
 0001:00034140       ?ClosePopupToLevel@ImGui@@YAXH_N@Z 10035140 f   imgui.obj
 0001:00034270       ?ClosePopupsOverWindow@ImGui@@YAXPAUImGuiWindow@@_N@Z 10035270 f   imgui.obj
 0001:000343e0       ?ColorConvertFloat4ToU32@ImGui@@YAIABUImVec4@@@Z 100353e0 f   imgui.obj
 0001:000344a0       ?Contains@ImRect@@QBE_NABUImVec2@@@Z 100354a0 f i imgui.obj
 0001:000344e0       ?CreateContext@ImGui@@YAPAUImGuiContext@@PAUImFontAtlas@@@Z 100354e0 f   imgui.obj
 0001:00034920       ?CreateNewWindowSettings@ImGui@@YAPAUImGuiWindowSettings@@PBD@Z 10035920 f   imgui.obj
 0001:000349f0       ?End@ImGui@@YAXXZ          100359f0 f   imgui.obj
 0001:00034df0       ?EndChild@ImGui@@YAXXZ     10035df0 f   imgui.obj
 0001:00034ff0       ?EndFrame@ImGui@@YAXXZ     10035ff0 f   imgui.obj
 0001:000353e0       ?EndGroup@ImGui@@YAXXZ     100363e0 f   imgui.obj
 0001:000358e0       ?FindBestWindowPosForPopup@ImGui@@YA?AUImVec2@@PAUImGuiWindow@@@Z 100368e0 f   imgui.obj
 0001:00035c50       ?FindBestWindowPosForPopupEx@ImGui@@YA?AUImVec2@@ABU2@0PAHABUImRect@@2W4ImGuiPopupPositionPolicy@@@Z 10036c50 f   imgui.obj
 0001:000361e0       ?FindWindowByID@ImGui@@YAPAUImGuiWindow@@I@Z 100371e0 f   imgui.obj
 0001:00036250       ?FindWindowByName@ImGui@@YAPAUImGuiWindow@@PBD@Z 10037250 f   imgui.obj
[...]
 0003:000c8360       ?duration_spent_aiming@?1??Do@Aimbot@RAGEBOT@FEATURES@@QAEXPAVCUserCmd@SDK@@@Z@4MA 101a3360     Aimbot.obj
 0003:000c9714       ?last_lby@?M@??UpdateLBY@Antiaim@RAGEBOT@FEATURES@@QAEXXZ@4MA 101a4714     Antiaim.obj
 0003:000c9718       ?switch_bool@?6??BreakLBY@Antiaim@RAGEBOT@FEATURES@@AAEMMM_N@Z@4_NA 101a4718     Antiaim.obj
 0003:000c9728       ?HBP@?1??CanPenetrate@Autowall@RAGEBOT@FEATURES@@AAE_NPAVCBaseEntity@SDK@@AAUAutowall_Info@234@PAUWeapon_Info@6@@Z@4P6E_N0PAMPAHPADPAUtrace_t@6@PAVVector@@HMMHHM47HH3@ZA 101a4728     Autowall.obj
 0003:000c972c       ?$TSS0@?1??CanPenetrate@Autowall@RAGEBOT@FEATURES@@AAE_NPAVCBaseEntity@SDK@@AAUAutowall_Info@234@PAUWeapon_Info@6@@Z@4HA 101a472c     Autowall.obj
 0003:000c9a9c       ?InvalidateBoneCache@?1??0CBacktracking@RAGEBOT@FEATURES@@CAXPAVCBaseEntity@SDK@@@Z@4IA 101a4a9c     Backtracking.obj
 0003:000c9aa0       ?$TSS0@?1??InvalidateBoneCache@CBacktracking@RAGEBOT@FEATURES@@CAXPAVCBaseEntity@SDK@@@Z@4HA 101a4aa0     Backtracking.obj
 0003:000c9aa4       ?g_iModelBoneCounter@?1??InvalidateBoneCache@CBacktracking@RAGEBOT@FEATURES@@CAXPAVCBaseEntity@SDK@@@Z@4IA 101a4aa4     Backtracking.obj
 0003:000c9aa8       ?$TSS1@?1??InvalidateBoneCache@CBacktracking@RAGEBOT@FEATURES@@CAXPAVCBaseEntity@SDK@@@Z@4HA 101a4aa8     Backtracking.obj
 0003:000c9aac       ?cl_interp_ratio@?1??GetLerpTicks@CBacktracking@RAGEBOT@FEATURES@@SAHXZ@4QAVConVar@SDK@@A 101a4aac     Backtracking.obj
 0003:000c9ab0       ?$TSS0@?1??GetLerpTicks@CBacktracking@RAGEBOT@FEATURES@@SAHXZ@4HA 101a4ab0     Backtracking.obj
 0003:000c9ab4       ?cl_updaterate@?1??GetLerpTicks@CBacktracking@RAGEBOT@FEATURES@@SAHXZ@4QAVConVar@SDK@@A 101a4ab4     Backtracking.obj
 0003:000c9ab8       ?$TSS1@?1??GetLerpTicks@CBacktracking@RAGEBOT@FEATURES@@SAHXZ@4HA 101a4ab8     Backtracking.obj
 0003:000c9abc       ?cl_interp@?1??GetLerpTicks@CBacktracking@RAGEBOT@FEATURES@@SAHXZ@4QAVConVar@SDK@@A 101a4abc     Backtracking.obj
 0003:000c9ac0       ?$TSS2@?1??GetLerpTicks@CBacktracking@RAGEBOT@FEATURES@@SAHXZ@4HA 101a4ac0     Backtracking.obj
 0003:000c9af0       ?initilized@?1??UpdateMaterials@CChams@VISUALS@FEATURES@@AAEXXZ@4_NA 101a4af0     Chams.obj
 0003:000c9af1       ?last_local_wireframe@?1??UpdateMaterials@CChams@VISUALS@FEATURES@@AAEXXZ@4_NA 101a4af1     Chams.obj
 0003:000c9af2       ?last_enemy_wireframe@?1??UpdateMaterials@CChams@VISUALS@FEATURES@@AAEXXZ@4_NA 101a4af2     Chams.obj
 0003:000c9af3       ?last_team_wireframe@?1??UpdateMaterials@CChams@VISUALS@FEATURES@@AAEXXZ@4_NA 101a4af3     Chams.obj
 0003:000c9af4       ?address@?1??InitKeyValues@CChams@VISUALS@FEATURES@@AAEXPAVKeyValues@SDK@@V?$basic_string@DU?$char_traits@D@std@@V?$allocator@D@2@@std@@@Z@4IA 101a4af4     Chams.obj
 0003:000c9af8       ?$TSS0@?1??InitKeyValues@CChams@VISUALS@FEATURES@@AAEXPAVKeyValues@SDK@@V?$basic_string@DU?$char_traits@D@std@@V?$allocator@D@2@@std@@@Z@4HA 101a4af8     Chams.obj
 0003:000c9afc       ?address@?1??LoadFromBuffer@CChams@VISUALS@FEATURES@@AAEXPAVKeyValues@SDK@@V?$basic_string@DU?$char_traits@D@std@@V?$allocator@D@2@@std@@1@Z@4IA 101a4afc     Chams.obj
 0003:000c9b00       ?$TSS0@?1??LoadFromBuffer@CChams@VISUALS@FEATURES@@AAEXPAVKeyValues@SDK@@V?$basic_string@DU?$char_traits@D@std@@V?$allocator@D@2@@std@@1@Z@4HA 101a4b00     Chams.obj
 0003:000c9b05       ?clock_wise@?1??Do@CircleStrafer@MISC@FEATURES@@QAEXPAVCUserCmd@SDK@@@Z@4_NA 101a4b05     CircleStrafer.obj
 0003:000c9bcc       ?is_initialized@?1??StartPrediction@EnginePrediction@MISC@FEATURES@@QAEXPAVCUserCmd@SDK@@@Z@4_NA 101a4bcc     EnginePrediction.obj
 0003:000c9be4       ?last_networked_origin@?1??HookedSetupBones@MISC@FEATURES@@YI_NPAX0PAUmatrix3x4_t@@HHM@Z@4VVector@@A 101a4be4     Misc.obj
 0003:000c9bf0       ?is_init@?6??Misc@MISC@FEATURES@@YAXXZ@4_NA 101a4bf0     Misc.obj
 0003:000c9bf4       ?delay@?1??AutoRevolver@MISC@FEATURES@@YAXPAVCUserCmd@SDK@@@Z@4MA 101a4bf4     Misc.obj
 0003:000c9c00       ?radio_info@?7??DrawMisc@MISC@FEATURES@@YAXXZ@4U?$pair@V?$basic_string@DU?$char_traits@D@std@@V?$allocator@D@2@@std@@D@std@@B 101a4c00     Misc.obj
 0003:000c9c1c       ?$TSS0@?7??DrawMisc@MISC@FEATURES@@YAXXZ@4HA 101a4c1c     Misc.obj
 0003:000c9c20       ?muted@?7??DrawMisc@MISC@FEATURES@@YAXXZ@4U?$pair@V?$basic_string@DU?$char_traits@D@std@@V?$allocator@D@2@@std@@D@std@@B 101a4c20     Misc.obj
 0003:000c9c3c       ?$TSS1@?7??DrawMisc@MISC@FEATURES@@YAXXZ@4HA 101a4c3c     Misc.obj
 0003:00109b68       ?last_time@?1??Do@VISUALS@FEATURES@@YAXXZ@4IA 101e4b68     Visuals.obj
 0003:00109b7c       ?molotov_throw_detonate_time@?1??DrawGrenadePrediction@VisualsMisc@VISUALS@FEATURES@@AAEXXZ@4PAVConVar@SDK@@A 101e4b7c     VisualsMisc.obj
 0003:00109b80       ?$TSS0@?1??DrawGrenadePrediction@VisualsMisc@VISUALS@FEATURES@@AAEXXZ@4HA 101e4b80     VisualsMisc.obj
 0003:00109b84       ?weapon_molotov_maxdetonateslope@?1??DrawGrenadePrediction@VisualsMisc@VISUALS@FEATURES@@AAEXXZ@4PAVConVar@SDK@@A 101e4b84     VisualsMisc.obj
 0003:00109b88       ?$TSS1@?1??DrawGrenadePrediction@VisualsMisc@VISUALS@FEATURES@@AAEXXZ@4HA 101e4b88     VisualsMisc.obj
 0003:00109b8c       ?sv_gravity@?1??DrawGrenadePrediction@VisualsMisc@VISUALS@FEATURES@@AAEXXZ@4PAVConVar@SDK@@A 101e4b8c     VisualsMisc.obj
 0003:00109b90       ?$TSS2@?1??DrawGrenadePrediction@VisualsMisc@VISUALS@FEATURES@@AAEXXZ@4HA 101e4b90     VisualsMisc.obj
 0003:0010bdac       ?skybox_var@?1??DoFSN@WorldTextures@VISUALS@FEATURES@@QAEXXZ@4PAVConVar@SDK@@A 101e6dac     World Textures.obj
 0003:0010bdb0       ?$TSS0@?1??DoFSN@WorldTextures@VISUALS@FEATURES@@QAEXXZ@4HA 101e6db0     World Textures.obj
 0003:0010bdbc       ?GImAllocatorUserData@@3PAXA 101e6dbc     imgui.obj
 0003:0010bdcc       ?io@?1??ImFontAtlasGetBuilderForStbTruetype@@YAPBUImFontBuilderIO@@XZ@4U2@A 101e6dcc     imgui_draw.obj
 0003:0010bdd0       ?full_ranges@?1??GetGlyphRangesJapanese@ImFontAtlas@@QAEPBGXZ@4PAGA 101e6dd0     imgui_draw.obj
 0003:0010ecc0       ?stb__barrier_out_e@@3PAEA 101e9cc0     imgui_draw.obj
 0003:0010ecc4       ?stb__barrier_out_b@@3PAEA 101e9cc4     imgui_draw.obj
 0003:0010ecc8       ?stb__barrier_in_b@@3PBEB  101e9cc8     imgui_draw.obj
 0003:0010eccc       ?stb__dout@@3PAEA          101e9ccc     imgui_draw.obj
 0003:0010ecd0       ?g_pd3dDevice@@3PAUIDirect3DDevice9@@A 101e9cd0     imgui_impl_dx9.obj
 0003:0010ecd4       ?g_pVB@@3PAUIDirect3DVertexBuffer9@@A 101e9cd4     imgui_impl_dx9.obj
 0003:0010ecd8       ?g_pIB@@3PAUIDirect3DIndexBuffer9@@A 101e9cd8     imgui_impl_dx9.obj
 0003:0010ecdc       ?g_FontTexture@@3PAUIDirect3DTexture9@@A 101e9cdc     imgui_impl_dx9.obj
 0003:0010ece0       ?g_hWnd@@3PAUHWND__@@A     101e9ce0     imgui_impl_win32.obj
 0003:0010ece4       ?g_HasGamepad@@3_NA        101e9ce4     imgui_impl_win32.obj
 0003:0010ece8       ?g_Time@@3_JA              101e9ce8     imgui_impl_win32.obj
 0003:0010ecf0       ?g_TicksPerSecond@@3_JA    101e9cf0     imgui_impl_win32.obj
 0003:0010ecf8       ?g_XInputDLL@@3PAUHINSTANCE__@@A 101e9cf8     imgui_impl_win32.obj
 0003:0010ecfc       ?g_XInputGetCapabilities@@3P6GKKKPAU_XINPUT_CAPABILITIES@@@ZA 101e9cfc     imgui_impl_win32.obj
 0003:0010ed00       ?g_XInputGetState@@3P6GKKPAU_XINPUT_STATE@@@ZA 101e9d00     imgui_impl_win32.obj
 0003:0010ed04       ?anim@?1??tab@ImGui@@YA_NPBD_N@Z@4V?$map@IUtab_anim@@U?$less@I@std@@V?$allocator@U?$pair@$$CBIUtab_anim@@@std@@@3@@std@@A 101e9d04     imgui_widgets.obj
 0003:0010ed0c       ?$TSS0@?1??tab@ImGui@@YA_NPBD_N@Z@4HA 101e9d0c     imgui_widgets.obj
 0003:0010ed14       ?open@BASS@@3_NA           101e9d14     sounds.obj
 0003:0010ed15       ?bass_needs_reinit@?1??playback_loop@@YAXXZ@4_NA 101e9d15     sounds.obj
 0003:0010ed18       ?channels@?1??playback_loop@@YAXXZ@4PAU?$pair@V?$basic_string@DU?$char_traits@D@std@@V?$allocator@D@2@@std@@D@std@@A 101e9d18     sounds.obj
 0003:0010edf8       ?$TSS0@?1??playback_loop@@YAXXZ@4HA 101e9df8     sounds.obj
 0003:0010edfc       ?current_channel@?8??playback_loop@@YAXXZ@4HA 101e9dfc     sounds.obj
 0003:0010ee11       ?open@BASS@@3_NA           101e9e11     main.obj
 0003:0010ee14       ?window@@3PAUHWND__@@A     101e9e14     main.obj
 0003:0010ee18       ?tab@@3HA                  101e9e18     main.obj
 0003:0010ee1c       ?tester@?1??hookedEndScene@@YGJPAUIDirect3DDevice9@@@Z@4_NA 101e9e1c     main.obj
 0003:0010ee20       ?stb__out@@3PAEA           101e9e20     binary_to_compressed_c.obj
 0003:0010ee24       ?stb__outfile@@3PAU_iobuf@@A 101e9e24     binary_to_compressed_c.obj
 0003:0010ee28       ?stb__outbytes@@3IA        101e9e28     binary_to_compressed_c.obj
 0003:0010ee2c       ?stb__running_adler@@3IA   101e9e2c     binary_to_compressed_c.obj
 0003:0010ee30       ?menu_open@MENU@PPGUI@@3_NA 101e9e30     Menu.obj
 0003:0010ee31       ?open@BASS@@3_NA           101e9e31     Menu.obj
 0003:0010ee34       ?selected_main_tab@?8??Do@MENU@PPGUI@@YAXXZ@4HA 101e9e34     Menu.obj
 0003:0010ee38       ?selected_antiaim_tab@?CL@??Do@MENU@PPGUI@@YAXXZ@4HA 101e9e38     Menu.obj
 0003:0010ee3c       ?test_bool_1@?EF@??Do@MENU@PPGUI@@YAXXZ@4_NA 101e9e3c     Menu.obj
 0003:0010ee40       ?ragebot_configs@?KI@??Do@MENU@PPGUI@@YAXXZ@4PAY0BAA@DA 101e9e40     Menu.obj
 0003:00110240       ?selected_ragebot_config@?KI@??Do@MENU@PPGUI@@YAXXZ@4HA 101eb240     Menu.obj
 0003:00110248       ?new_config_name@?KL@??Do@MENU@PPGUI@@YAXXZ@4PADA 101eb248     Menu.obj
 0003:00110348       ?new_config_name@?LC@??Do@MENU@PPGUI@@YAXXZ@4PADA 101eb348     Menu.obj
 0003:00110448       ?main_configs@?LO@??Do@MENU@PPGUI@@YAXXZ@4PAY0BAA@DA 101eb448     Menu.obj
 0003:00111848       ?selected_main_config@?LO@??Do@MENU@PPGUI@@YAXXZ@4HA 101ec848     Menu.obj
 0003:00111850       ?new_config_name@?MB@??Do@MENU@PPGUI@@YAXXZ@4PADA 101ec850     Menu.obj
 0003:00111950       ?new_config_name@?MI@??Do@MENU@PPGUI@@YAXXZ@4PADA 101ec950     Menu.obj
 0003:00111a50       ?random_num@?2??Draw@PPGUI_Window_Command@PPGUI@@UAEXXZ@4PAMA 101eca50     PPGUI_Commands.obj
 0003:00111ab4       ?is_init@?3??Draw@PPGUI_Window_Command@PPGUI@@UAEXXZ@4_NA 101ecab4     PPGUI_Commands.obj
 0003:00111d08       ?linegoesthrusmoke@@3IA    101ecd08     hooks.obj
 0003:00111d70       ?smokecout@?4??HookedSceneEnd@HOOKS@@YIXPAX0@Z@4KA 101ecd70     hooks.obj
 0003:00111d74       ?$TSS2@?4??HookedSceneEnd@HOOKS@@YIXPAX0@Z@4HA 101ecd74     hooks.obj
 0003:001125f8       ?file_path@?1??Log@UTILS@@YAXV?$basic_string@DU?$char_traits@D@std@@V?$allocator@D@2@@std@@@Z@4PADA 101ed5f8     logging.obj
 0003:001126fc       ?is_init@?2??Log@UTILS@@YAXV?$basic_string@DU?$char_traits@D@std@@V?$allocator@D@2@@std@@@Z@4_NA 101ed6fc     logging.obj
 0003:001127ec       ?texture_id@?1??TexturedPolygon@RENDER@@YAXHV?$vector@UVertex_t@SDK@@V?$allocator@UVertex_t@SDK@@@std@@@std@@VCColor@@@Z@4HA 101ed7ec     render.obj
 0003:001127f0       ?$TSS0@?1??TexturedPolygon@RENDER@@YAXHV?$vector@UVertex_t@SDK@@V?$allocator@UVertex_t@SDK@@@std@@@std@@VCColor@@@Z@4HA 101ed7f0     render.obj
 0003:001128a0       ?old_width@?1??ShouldReloadFonts@FONTS@@YA_NXZ@4HA 101ed8a0     variables.obj
 0003:001128a4       ?old_height@?1??ShouldReloadFonts@FONTS@@YA_NXZ@4HA 101ed8a4     variables.obj
 0003:001128a8       ?is_init@?1??InitFonts@FONTS@@YAXXZ@4_NA 101ed8a8     variables.obj
 0003:001128b0       ?initlocks@std@@3V_Init_locks@1@A 101ed8b0     libcpmt:xlock.obj
 0003:001128b8       ?mtx@std@@3PAU_RTL_CRITICAL_SECTION@@A 101ed8b8     libcpmt:xlock.obj
 0003:00112994       ?classic_locale@std@@3Vlocale@1@A 101ed994     libcpmt:locale0.obj
 0003:0011299c       ?_Fac_tidy_reg@std@@3U_Fac_tidy_reg_t@1@B 101ed99c     libcpmt:locale0.obj
 0003:001129a0       ?_Fac_head@std@@3PAU_Fac_node@1@A 101ed9a0     libcpmt:locale0.obj
 0003:001129a4       _global_locale             101ed9a4     libcpmt:locale0.obj
 0003:001129a8       ?registered@?1??_Setgloballocale@locale@std@@CAXPAX@Z@4_NA 101ed9a8     libcpmt:locale0.obj
 0003:001129b0       ?stdstr@std@@3PAPAVios_base@1@A 101ed9b0     libcpmt:ios.obj
 0003:001129d8       ?stdopens@std@@3PADA       101ed9d8     libcpmt:ios.obj
 0003:001129e8       ?initlocks@@3V_Init_locks@std@@A 101ed9e8     libcpmt:cout.obj
 0003:001129e9       ?init_cout@std@@3U_Init_cout@1@A 101ed9e9     libcpmt:cout.obj
 0003:00112a40       ?fout@std@@3V?$basic_filebuf@DU?$char_traits@D@std@@@1@A 101eda40     libcpmt:cout.obj
 0003:00112abc       ?initlocks@std@@3V_Init_locks@1@A 101edabc     libcpmt:iosptrs.obj
 0003:00112abd       ?init_atexit@@3U_Init_atexit@@A 101edabd     libcpmt:iosptrs.obj
 0003:00112ac0       ?atfuns_cdecl@@3PAP6AXXZA  101edac0     libcpmt:iosptrs.obj
 0003:00112b90       _thread_exit_data          101edb90     libcpmt:xnotify.obj
 0003:00112da0       ?_Tss_mutex@@3U_RTL_CRITICAL_SECTION@@A 101edda0     LIBCMT:thread_safe_statics.obj
 0003:00112db8       ?_Tss_cv@@3U_RTL_CONDITION_VARIABLE@@A 101eddb8     LIBCMT:thread_safe_statics.obj
 0003:00112dbc       ?_Tss_event@@3PAXA         101eddbc     LIBCMT:thread_safe_statics.obj
 0003:00112dc0       ?encoded_sleep_condition_variable_cs@@3P6GHPAU_RTL_CONDITION_VARIABLE@@PAU_RTL_CRITICAL_SECTION@@K@ZA 101eddc0     LIBCMT:thread_safe_statics.obj
 0003:00112dc4       ?encoded_wake_all_condition_variable@@3P6GXPAU_RTL_CONDITION_VARIABLE@@@ZA 101eddc4     LIBCMT:thread_safe_statics.obj
 0003:00112dd4       ?is_initialized_as_dll@@3_NA 101eddd4     LIBCMT:utility.obj
 0003:00112dd5       ?module_local_atexit_table_initialized@@3_NA 101eddd5     LIBCMT:utility.obj
 0003:00112dd8       ?module_local_atexit_table@@3U_onexit_table_t@@A 101eddd8     LIBCMT:utility.obj
 0003:00112de4       ?module_local_at_quick_exit_table@@3U_onexit_table_t@@A 101edde4     LIBCMT:utility.obj
 0003:00112df0       _GS_ExceptionRecord        101eddf0     LIBCMT:gs_report.obj
 0003:00112e40       _GS_ContextRecord          101ede40     LIBCMT:gs_report.obj
 0003:0011310c       ?__proc_attached@@3HA      101ee10c     LIBCMT:dll_dllmain.obj
 0003:00113130       ?s_defaultWaiterPool@platform@details@Concurrency@@3VDefaultWaiterPool@123@A 101ee130     libconcrt:Platform.obj
 0003:00113134       ?s_pfnGetCurrentProcessorNumberEx@platform@details@Concurrency@@3P6GXPAU_PROCESSOR_NUMBER@@@ZA 101ee134     libconcrt:Platform.obj
 0003:00113138       ?s_pfnSetThreadGroupAffinity@platform@details@Concurrency@@3P6GHPAXPBU_GROUP_AFFINITY@@PAU4@@ZA 101ee138     libconcrt:Platform.obj
 0003:0011313c       ?s_pfnGetThreadGroupAffinity@platform@details@Concurrency@@3P6GHPAXPAU_GROUP_AFFINITY@@@ZA 101ee13c     libconcrt:Platform.obj
 0003:00113140       ?s_waiterPool@platform@details@Concurrency@@3PAVWaiterThreadPool@123@A 101ee140     libconcrt:Platform.obj
 0003:00113150       ?g_DebugOutFilePtr@details@Concurrency@@3PAU_iobuf@@A 101ee150     libconcrt:utils.obj
 0003:00113154       ?g_DesiredTraceLevel@details@Concurrency@@3HA 101ee154     libconcrt:utils.obj
 0003:00113158       ?g_TraceCount@details@Concurrency@@3_KA 101ee158     libconcrt:utils.obj
 0003:0011324c       ?__vcrt_startup_thread_ptd@@3U__vcrt_ptd@@A 101ee24c     libvcruntime:per_thread_data.obj
 0003:00113278       _rgValidPages              101ee278     libvcruntime:eh3valid.obj
 0003:001132f8       _nValidPages               101ee2f8     libvcruntime:eh3valid.obj
 0003:001132fc       _lModifying                101ee2fc     libvcruntime:eh3valid.obj
 0003:00113300       ___vcrt_lock_table         101ee300     libvcruntime:locks.obj
 0003:00113318       ___vcrt_locks_initialized  101ee318     libvcruntime:locks.obj
 0003:0011331c       ?module_handles@@3PAPAUHINSTANCE__@@A 101ee31c     libvcruntime:winapi_downlevel.obj
 0003:00113328       ?encoded_function_pointers@@3PAPAXA 101ee328     libvcruntime:winapi_downlevel.obj
 0003:00113364       ?heap@@3V_HeapManager@@A   101ee364     libvcruntime:undname.obj
 0003:00113378       ?__acrt_invalid_parameter_handler@@3V?$dual_state_global@P6AXPB_W00II@Z@__crt_state_management@@A 101ee378     libucrt:invalid_parameter.obj
 0003:00113390       ?__acrt_lock_table@@3PAU_RTL_CRITICAL_SECTION@@A 101ee390     libucrt:locks.obj
 0003:001134e0       ?__acrt_locks_initialized@@3IA 101ee4e0     libucrt:locks.obj
 0003:001134e4       ?__acrt_new_handler@@3V?$dual_state_global@P6AHI@Z@__crt_state_management@@A 101ee4e4     libucrt:new_handler.obj
 0003:001134e8       ?c_termination_complete@@3JA 101ee4e8     libucrt:exit.obj
 0003:001134ec       ?thread_local_exit_callback_func@@3P6GXPAXK0@ZA 101ee4ec     libucrt:exit.obj
 0003:001134f8       ?program_name@?1???$common_configure_argv@D@@YAHW4_crt_argv_mode@@@Z@4PADA 101ee4f8     libucrt:argv_parsing.obj
 0003:00113630       ?module_handles@@3PAPAUHINSTANCE__@@A 101ee630     libucrt:winapi_thunks.obj
 0003:00113680       ?encoded_function_pointers@@3PAPAXA 101ee680     libucrt:winapi_thunks.obj
 0003:00113708       ?static_enum_proc@?1??enum_system_locales_ex_nolock@@YAHQ6GHPA_WKJ@Z@Z@4P6GH0KJ@ZA 101ee708     libucrt:winapi_thunks.obj
 0003:0011391c       __pmatherr_set             101ee91c     libucrt:libm_error.obj
 0003:00113920       ?internal_state@?1??_mbtowc_l@@9@4U_Mbstatet@@A 101ee920     libucrt:mbtowc.obj
 0003:00113928       ?enable_percent_n@@3IA     101ee928     libucrt:printf_count_output.obj
 0003:0011392c       ?__acrt_app_type@@3W4_crt_app_type@@A 101ee92c     libucrt:report_runtime_error.obj
 0003:00113930       ___acrt_error_mode         101ee930     libucrt:set_error_mode.obj
 0003:00113934       ?ctrlc_action@@3V?$dual_state_global@P6AXH@Z@__crt_state_management@@A 101ee934     libucrt:signal.obj
 0003:00113938       ?ctrlbreak_action@@3V?$dual_state_global@P6AXH@Z@__crt_state_management@@A 101ee938     libucrt:signal.obj
 0003:0011393c       ?abort_action@@3V?$dual_state_global@P6AXH@Z@__crt_state_management@@A 101ee93c     libucrt:signal.obj
 0003:00113940       ?term_action@@3V?$dual_state_global@P6AXH@Z@__crt_state_management@@A 101ee940     libucrt:signal.obj
 0003:00113950       ?_tzname@@3V?$dual_state_global@PAPAD@__crt_state_management@@A 101ee950     libucrt:timeset.obj
 0003:00113954       ?last_tz@@3PADA            101ee954     libucrt:tzset.obj
 0003:00113958       ?tz_api_used@@3HA          101ee958     libucrt:tzset.obj
 0003:00113960       ?tz_info@@3U_TIME_ZONE_INFORMATION@@A 101ee960     libucrt:tzset.obj
 0003:00113a0c       ?first_time@?1??__tzset@@9@4JA 101eea0c     libucrt:tzset.obj
 0003:00113a10       ?state_cache@?1???$get_cached_win_policy@Udeveloper_information_policy_properties@?1??__acrt_get_developer_information_policy@@YA?AW4developer_information_policy@@XZ@@@YA?AW4developer_information_policy@@W4AppPolicyShowDeveloperDiagnostic@@@Z@4JA 101eea10     libucrt:win_policies.obj
 0003:00113a14       ?state_cache@?1???$get_cached_win_policy@Uwindowing_model_policy_properties@?1??__acrt_get_windowing_model_policy@@YA?AW4windowing_model_policy@@XZ@@@YA?AW4windowing_model_policy@@W4AppPolicyWindowingModel@@@Z@4JA 101eea14     libucrt:win_policies.obj
 0003:00113a28       ?fSystemSet@@3HA           101eea28     libucrt:mbctype.obj
 0003:00113a2c       ?initialized@?1??__acrt_initialize_multibyte@@9@4_NA 101eea2c     libucrt:mbctype.obj
 0003:00113a4c       ?user_matherr@@3V?$dual_state_global@P6AHPAU_exception@@@Z@__crt_state_management@@A 101eea4c     libucrt:matherr.obj
 0003:00113a50       ?__acrt_global_new_mode@@3V?$dual_state_global@J@__crt_state_management@@A 101eea50     libucrt:new_mode.obj
 0003:00113a58       ?internal_pst@?1??__mbrtoc32_utf8@__crt_mbstring@@YAIPA_UPBDIPAU_Mbstatet@@@Z@4U3@A 101eea58     libucrt:mbrtoc32.obj
 0003:00113a64       ?internal_pst@?1??__c16rtomb_utf8@__crt_mbstring@@YAIPAD_SPAU_Mbstatet@@@Z@4U3@A 101eea64     libucrt:c16rtomb.obj
 0003:00113a70       ?s_asyncId@platform@details@Concurrency@@3IA 101eea70     libcpmt:ppltasks.obj
 0003:00113a78       ?_StaticAllocStorage@@3PADA 101eea78     libcpmt:excptptr.obj
 0004:00000060       $R000000                   101ef060     * linker generated manifest res *

 Exports

  ordinal    name

