 Bameware Legacy

 Timestamp is 63a8d8fb (Mon Dec 26 01:12:59 2022)

 Preferred load address is 10000000

 Start         Length     Name                   Class
 0001:00000000 00000560H .text$di                CODE
 0001:00000560 0006b840H .text$mn                CODE
 0001:0006bda0 000024b0H .text$x                 CODE
 0001:0006e250 0000055cH .text$yd                CODE
 0002:00000000 000001d8H .idata$5                DATA
 0002:000001d8 00000004H .00cfg                  DATA
 0002:000001dc 00000004H .CRT$XCA                DATA
 0002:000001e0 0000001cH .CRT$XCC                DATA
 0002:000001fc 00000008H .CRT$XCL                DATA
 0002:00000204 0000007cH .CRT$XCU                DATA
 0002:00000280 00000004H .CRT$XCZ                DATA
 0002:00000284 00000004H .CRT$XIA                DATA
 0002:00000288 00000018H .CRT$XIC                DATA
 0002:000002a0 00000004H .CRT$XIZ                DATA
 0002:000002a4 00000004H .CRT$XLA                DATA
 0002:000002a8 00000004H .CRT$XLZ                DATA
 0002:000002ac 00000004H .CRT$XPA                DATA
 0002:000002b0 00000008H .CRT$XPX                DATA
 0002:000002b8 00000004H .CRT$XPXA               DATA
 0002:000002bc 00000004H .CRT$XPZ                DATA
 0002:000002c0 00000004H .CRT$XTA                DATA
 0002:000002c4 0000000cH .CRT$XTZ                DATA
 0002:000002c8 00000000H .gfids$y                DATA
 0002:000002d0 000139a8H .rdata                  DATA
 0002:00013c78 00000018H .rdata$T                DATA
 0002:00013c90 00001290H .rdata$r                DATA
 0002:00014f20 0000022cH .rdata$sxdata           DATA
 0002:0001514c 000003dcH .rdata$zzzdbg           DATA
 0002:00015528 00000004H .rtc$IAA                DATA
 0002:0001552c 00000004H .rtc$IZZ                DATA
 0002:00015530 00000004H .rtc$TAA                DATA
 0002:00015534 00000004H .rtc$TZZ                DATA
 0002:00015538 00000004H .tls                    DATA
 0002:0001553c 00000004H .tls$                   DATA
 0002:00015540 00000008H .tls$ZZZ                DATA
 0002:00015548 000030a4H .xdata$x                DATA
 0002:000185ec 00000000H .edata                  DATA
 0002:000185ec 00000078H .idata$2                DATA
 0002:00018664 00000014H .idata$3                DATA
 0002:00018678 000001d8H .idata$4                DATA
 0002:00018850 0000081eH .idata$6                DATA
 0003:00000000 0000ee50H .data                   DATA
 0003:0000ee50 00000a28H .data$r                 DATA
 0003:0000f878 000f675cH .bss                    DATA
 0004:00000000 00000060H .rsrc$01                DATA
 0004:00000060 00000180H .rsrc$02                DATA

  Address         Publics by Value              Rva+Base       Lib:Object

 0000:00000000       ___guard_iat_count         00000000     <absolute>
 0000:00000000       ___guard_longjmp_count     00000000     <absolute>
 0000:00000000       __except_list              00000000     <absolute>
 0000:00000000       ___hybrid_code_map_count   00000000     <absolute>
 0000:00000000       ___guard_fids_table        00000000     <absolute>
 0000:00000000       ___hybrid_auxiliary_iat    00000000     <absolute>
 0000:00000000       ___guard_longjmp_table     00000000     <absolute>
 0000:00000000       ___guard_iat_table         00000000     <absolute>
 0000:00000000       ___guard_fids_count        00000000     <absolute>
 0000:00000000       ___dynamic_value_reloc_table 00000000     <absolute>
 0000:00000000       ___volatile_metadata       00000000     <absolute>
 0000:00000000       ___enclave_config          00000000     <absolute>
 0000:00000000       ___hybrid_code_map         00000000     <absolute>
 0000:0000002c       __tls_array                0000002c     <absolute>
 0000:0000008b       ___safe_se_handler_count   0000008b     <absolute>
 0000:00000100       ___guard_flags             00000100     <absolute>
 0000:00000000       ___ImageBase               10000000     <linker-defined>
 0001:00000560       ??$_Emplace_reallocate@AAVVector@@AAH@?$vector@U?$pair@VVector@@H@std@@V?$allocator@U?$pair@VVector@@H@std@@@2@@std@@QAEPAU?$pair@VVector@@H@1@QAU21@AAVVector@@AAH@Z 10001560 f i Aimbot.obj
 0001:00000560       ??$_Emplace_reallocate@VVector@@H@?$vector@U?$pair@VVector@@H@std@@V?$allocator@U?$pair@VVector@@H@std@@@2@@std@@QAEPAU?$pair@VVector@@H@1@QAU21@$$QAVVector@@$$QAH@Z 10001560 f i Aimbot.obj
 0001:00000670       ??$_Emplace_reallocate@UDrawCircleQueue@RenderQueue@RENDER@@@?$vector@UDrawCircleQueue@RenderQueue@RENDER@@V?$allocator@UDrawCircleQueue@RenderQueue@RENDER@@@std@@@std@@QAEPAUDrawCircleQueue@RenderQueue@RENDER@@QAU234@$$QAU234@@Z 10001670 f i Aimbot.obj
 0001:000007c0       ??$emplace_back@VVector@@H@?$vector@U?$pair@VVector@@H@std@@V?$allocator@U?$pair@VVector@@H@std@@@2@@std@@QAEAAU?$pair@VVector@@H@1@$$QAVVector@@$$QAH@Z 100017c0 f i Aimbot.obj
 0001:00000810       ??0Backtracking_Record@RAGEBOT@FEATURES@@QAE@XZ 10001810 f i Aimbot.obj
 0001:00000a30       ??0PlayerAimbotInfo@Aimbot@RAGEBOT@FEATURES@@QAE@XZ 10001a30 f i Aimbot.obj
 0001:00000a80       ??0Ray_t@SDK@@QAE@XZ       10001a80 f i Aimbot.obj
 0001:00000ae0       ??0Vector@@QAE@XZ          10001ae0 f i Aimbot.obj
 0001:00000ae0       ??0?$vector@UBacktracking_Record@RAGEBOT@FEATURES@@V?$allocator@UBacktracking_Record@RAGEBOT@FEATURES@@@std@@@std@@QAE@XZ 10001ae0 f i Backtracking.obj
 0001:00000b00       ??0matrix3x4_t@@QAE@XZ     10001b00 f i Aimbot.obj
 0001:00000b10       ??0trace_t@SDK@@QAE@XZ     10001b10 f i Aimbot.obj
 0001:00000b60       ??1?$vector@UVertex_t@SDK@@V?$allocator@UVertex_t@SDK@@@std@@@std@@QAE@XZ 10001b60 f i BoxESP.obj
 0001:00000b60       ??1?$vector@U?$pair@VVector@@H@std@@V?$allocator@U?$pair@VVector@@H@std@@@2@@std@@QAE@XZ 10001b60 f i Aimbot.obj
 0001:00000bc0       ?_Tidy@?$vector@UBacktracking_Record@RAGEBOT@FEATURES@@V?$allocator@UBacktracking_Record@RAGEBOT@FEATURES@@@std@@@std@@AAEXXZ 10001bc0 f i Backtracking.obj
 0001:00000bc0       ??1?$vector@UBacktracking_Record@RAGEBOT@FEATURES@@V?$allocator@UBacktracking_Record@RAGEBOT@FEATURES@@@std@@@std@@QAE@XZ 10001bc0 f i Aimbot.obj
 0001:00000c30       ??4Backtracking_Record@RAGEBOT@FEATURES@@QAEAAU012@$$QAU012@@Z 10001c30 f i Backtracking.obj
 0001:00000c30       ??4Backtracking_Record@RAGEBOT@FEATURES@@QAEAAU012@ABU012@@Z 10001c30 f i Aimbot.obj
 0001:00000e40       ??4matrix3x4_t@@QAEAAU0@ABU0@@Z 10001e40 f i Aimbot.obj
 0001:00000eb0       ??AVector@@QAEAAMH@Z       10001eb0 f i Aimbot.obj
 0001:00001650       ?AddDrawCircle@RenderQueue@RENDER@@QAEXVVector@@HHVCColor@@M@Z 10002650 f i Aimbot.obj
 0001:00001860       ?CalcAngle@MATH@@YA?AVVector@@ABV2@0@Z 10002860 f i Aimbot.obj
 0001:000018d0       ?Do@Aimbot@RAGEBOT@FEATURES@@QAEXPAVCUserCmd@SDK@@@Z 100028d0 f   Aimbot.obj
 0001:000029d0       ?DoHeadAim@Aimbot@RAGEBOT@FEATURES@@AAE_NPAVCBaseEntity@SDK@@ABUBacktracking_Record@23@AAVVector@@AAH@Z 100039d0 f   Aimbot.obj
 0001:00002ce0       ?DoHitscan@Aimbot@RAGEBOT@FEATURES@@AAE_NPAVCBaseEntity@SDK@@ABUBacktracking_Record@23@AAVVector@@AAH@Z 10003ce0 f   Aimbot.obj
 0001:00003590       ?DoKnifebot@Aimbot@RAGEBOT@FEATURES@@AAE_NPAVCBaseEntity@SDK@@ABUBacktracking_Record@23@AAVVector@@@Z 10004590 f   Aimbot.obj
 0001:00003850       ?GetEyePosition@CBaseEntity@SDK@@QAE?AVVector@@XZ 10004850 f i Aimbot.obj
 0001:000038b0       ?GetHitbox@Aimbot@RAGEBOT@FEATURES@@CAPAUmstudiobbox_t@SDK@@PAVCBaseEntity@5@H@Z 100048b0 f   Aimbot.obj
 0001:00003920       ?GetHitboxPosition@Aimbot@RAGEBOT@FEATURES@@ABE?AVVector@@PAVCBaseEntity@SDK@@ABUBacktracking_Record@23@H@Z 10004920 f   Aimbot.obj
 0001:00003a60       ?GetMultipointPositions@Aimbot@RAGEBOT@FEATURES@@AAE_NPAVCBaseEntity@SDK@@ABUBacktracking_Record@23@PAVVector@@HM@Z 10004a60 f   Aimbot.obj
 0001:00003eb0       ?GetTraceType@CTraceFilterOneEntity2@SDK@@UBE?AW4TraceType_t@2@XZ 10004eb0 f i Aimbot.obj
 0001:00003ec0       ?sync@?$basic_streambuf@DU?$char_traits@D@std@@@std@@MAEHXZ 10004ec0 f i Misc.obj
 0001:00003ec0       ?GetTraceType@CTraceWorldOnly@SDK@@UBE?AW4TraceType_t@2@XZ 10004ec0 f i Antiaim.obj
 0001:00003ec0       ?GetTraceType@CTraceFilterOneEntity@SDK@@UBE?AW4TraceType_t@2@XZ 10004ec0 f i Aimbot.obj
 0001:00003ec0       ?GetTraceType@CTraceFilter@SDK@@UBE?AW4TraceType_t@2@XZ 10004ec0 f i Antiaim.obj
 0001:00003ec0       ?GetScrollAmount@PPGUI_Command@PPGUI@@UAEHXZ 10004ec0 f i PPGUI_Commands.obj
 0001:00003ed0       ?Init@Ray_t@SDK@@QAEXABVVector@@0@Z 10004ed0 f i Aimbot.obj
 0001:00003f80       ?IsAccurate@Aimbot@RAGEBOT@FEATURES@@ABE_NPAVCBaseEntity@SDK@@VVector@@@Z 10004f80 f   Aimbot.obj
 0001:00004720       ?NormalizeAngle@MATH@@YA?AVVector@@V2@@Z 10005720 f i Aimbot.obj
 0001:000047e0       ?ShouldHitEntity@CTraceFilterOneEntity2@SDK@@UAE_NPAXH@Z 100057e0 f i Aimbot.obj
 0001:000047e0       ?ShouldHitEntity@CTraceFilterOneEntity@SDK@@UAE_NPAXH@Z 100057e0 f i Aimbot.obj
 0001:000047f0       ?_Change_array@?$vector@U?$pair@VVector@@H@std@@V?$allocator@U?$pair@VVector@@H@std@@@2@@std@@AAEXQAU?$pair@VVector@@H@2@II@Z 100057f0 f i Aimbot.obj
 0001:00004850       ?_Change_array@?$vector@UDrawCircleQueue@RenderQueue@RENDER@@V?$allocator@UDrawCircleQueue@RenderQueue@RENDER@@@std@@@std@@AAEXQAUDrawCircleQueue@RenderQueue@RENDER@@II@Z 10005850 f i Aimbot.obj
 0001:000048d0       ?_Xlength@?$vector@U?$pair@V?$basic_string@DU?$char_traits@D@std@@V?$allocator@D@2@@std@@VCColor@@@std@@V?$allocator@U?$pair@V?$basic_string@DU?$char_traits@D@std@@V?$allocator@D@2@@std@@VCColor@@@std@@@2@@std@@CAXXZ 100058d0 f i BoxESP.obj
 0001:000048d0       ?_Xlength@?$vector@VVector@@V?$allocator@VVector@@@std@@@std@@CAXXZ 100058d0 f i Resolver.obj
 0001:000048d0       ?_Xlength@?$vector@V?$basic_string@DU?$char_traits@D@std@@V?$allocator@D@2@@std@@V?$allocator@V?$basic_string@DU?$char_traits@D@std@@V?$allocator@D@2@@std@@@2@@std@@CAXXZ 100058d0 f i EventListeners.obj
 0001:000048d0       ?_Xlength@?$vector@VPPGUI_Command_Frame@PPGUI@@V?$allocator@VPPGUI_Command_Frame@PPGUI@@@std@@@std@@CAXXZ 100058d0 f i PPGUI.obj
 0001:000048d0       ?_Xlength@?$vector@UBulletTracer@BulletTracers@MISC@FEATURES@@V?$allocator@UBulletTracer@BulletTracers@MISC@FEATURES@@@std@@@std@@CAXXZ 100058d0 f i EventListeners.obj
 0001:000048d0       ?_Xlength@?$vector@UShotSnapshot@Resolver@RAGEBOT@FEATURES@@V?$allocator@UShotSnapshot@Resolver@RAGEBOT@FEATURES@@@std@@@std@@CAXXZ 100058d0 f i Resolver.obj
 0001:000048d0       ?_Xlength@?$vector@UBacktracking_Record@RAGEBOT@FEATURES@@V?$allocator@UBacktracking_Record@RAGEBOT@FEATURES@@@std@@@std@@CAXXZ 100058d0 f i Backtracking.obj
 0001:000048d0       ?_Xlength@?$vector@PAVCBaseEntity@SDK@@V?$allocator@PAVCBaseEntity@SDK@@@std@@@std@@CAXXZ 100058d0 f i Antiaim.obj
 0001:000048d0       ?_Xlength@?$vector@V?$vector@V?$basic_string@DU?$char_traits@D@std@@V?$allocator@D@2@@std@@V?$allocator@V?$basic_string@DU?$char_traits@D@std@@V?$allocator@D@2@@std@@@2@@std@@V?$allocator@V?$vector@V?$basic_string@DU?$char_traits@D@std@@V?$allocator@D@2@@std@@V?$allocator@V?$basic_string@DU?$char_traits@D@std@@V?$allocator@D@2@@std@@@2@@std@@@2@@std@@CAXXZ 100058d0 f i Misc.obj
 0001:000048d0       ?_Xlength@?$vector@UPPGUI_Column@PPGUI_Command_Frame@PPGUI@@V?$allocator@UPPGUI_Column@PPGUI_Command_Frame@PPGUI@@@std@@@std@@CAXXZ 100058d0 f i PPGUI.obj
 0001:000048d0       ?_Xlength@?$vector@PBDV?$allocator@PBD@std@@@std@@CAXXZ 100058d0 f i hooks.obj
 0001:000048d0       ?_Xlength@?$vector@UDrawCircleQueue@RenderQueue@RENDER@@V?$allocator@UDrawCircleQueue@RenderQueue@RENDER@@@std@@@std@@CAXXZ 100058d0 f i Aimbot.obj
 0001:000048d0       ?_Xlength@?$vector@UHitmarker@Hitmarkers@MISC@FEATURES@@V?$allocator@UHitmarker@Hitmarkers@MISC@FEATURES@@@std@@@std@@CAXXZ 100058d0 f i Misc.obj
 0001:000048d0       ?_Xlength@?$vector@HV?$allocator@H@std@@@std@@CAXXZ 100058d0 f i input_handler.obj
 0001:000048d0       ?_Xlength@?$vector@U?$pair@VVector@@H@std@@V?$allocator@U?$pair@VVector@@H@std@@@2@@std@@CAXXZ 100058d0 f i Aimbot.obj
 0001:000048d0       ?_Xlength@?$vector@ULog@InGameLogger@MISC@FEATURES@@V?$allocator@ULog@InGameLogger@MISC@FEATURES@@@std@@@std@@CAXXZ 100058d0 f i EventListeners.obj
 0001:000048d0       ?_Xlength@?$vector@VCColor@@V?$allocator@VCColor@@@std@@@std@@CAXXZ 100058d0 f i EventListeners.obj
 0001:000048d0       ?_Xlength@?$vector@UVertex_t@SDK@@V?$allocator@UVertex_t@SDK@@@std@@@std@@CAXXZ 100058d0 f i BoxESP.obj
 0001:000048d0       ?_Xlength@?$vector@PAVPPGUI_Command@PPGUI@@V?$allocator@PAVPPGUI_Command@PPGUI@@@std@@@std@@CAXXZ 100058d0 f i PPGUI.obj
 0001:000048d0       ?_Xlength@?$vector@V?$_List_unchecked_iterator@V?$_List_val@U?$_List_simple_types@U?$pair@$$CBITPPGUI_Command_Data@PPGUI_Command_Data_Base@PPGUI@@@std@@@std@@@std@@@std@@V?$allocator@V?$_List_unchecked_iterator@V?$_List_val@U?$_List_simple_types@U?$pair@$$CBITPPGUI_Command_Data@PPGUI_Command_Data_Base@PPGUI@@@std@@@std@@@std@@@std@@@2@@std@@CAXXZ 100058d0 f i PPGUI.obj
 0001:000048e0       ?allocate@?$allocator@UVertex_t@SDK@@@std@@QAEPAUVertex_t@SDK@@I@Z 100058e0 f i BoxESP.obj
 0001:000048e0       ?allocate@?$allocator@U?$pair@VVector@@H@std@@@std@@QAEPAU?$pair@VVector@@H@2@I@Z 100058e0 f i Aimbot.obj
 0001:00004950       ?allocate@?$allocator@UDrawCircleQueue@RenderQueue@RENDER@@@std@@QAEPAUDrawCircleQueue@RenderQueue@RENDER@@I@Z 10005950 f i Aimbot.obj
 0001:00004950       ?allocate@?$allocator@V?$basic_string@DU?$char_traits@D@std@@V?$allocator@D@2@@std@@@std@@QAEPAV?$basic_string@DU?$char_traits@D@std@@V?$allocator@D@2@@2@I@Z 10005950 f i EventListeners.obj
 0001:000049c0       ??$_Emplace_reallocate@ABQAVPPGUI_Command@PPGUI@@@?$vector@PAVPPGUI_Command@PPGUI@@V?$allocator@PAVPPGUI_Command@PPGUI@@@std@@@std@@QAEPAPAVPPGUI_Command@PPGUI@@QAPAV23@ABQAV23@@Z 100059c0 f i PPGUI.obj
 0001:000049c0       ??$_Emplace_reallocate@ABQAVCBaseEntity@SDK@@@?$vector@PAVCBaseEntity@SDK@@V?$allocator@PAVCBaseEntity@SDK@@@std@@@std@@QAEPAPAVCBaseEntity@SDK@@QAPAV23@ABQAV23@@Z 100059c0 f i Antiaim.obj
 0001:00004b10       ??$_Ptr_move_cat@VVector@@V1@@std@@YA?AU_Trivially_copyable_ptr_iterator_tag@0@ABQAVVector@@0@Z 10005b10 f i Resolver.obj
 0001:00004b10       ??$_Ptr_copy_cat@PAVPPGUI_Command@PPGUI@@PAV12@@std@@YA?AU_Really_trivial_ptr_iterator_tag@0@ABQAPAVPPGUI_Command@PPGUI@@0@Z 10005b10 f i PPGUI.obj
 0001:00004b10       ??$_Ptr_move_cat@UShotSnapshot@Resolver@RAGEBOT@FEATURES@@U1234@@std@@YA?AU_Trivially_copyable_ptr_iterator_tag@0@ABQAUShotSnapshot@Resolver@RAGEBOT@FEATURES@@0@Z 10005b10 f i Resolver.obj
 0001:00004b10       ??$_Ptr_move_cat@UHitmarker@Hitmarkers@MISC@FEATURES@@U1234@@std@@YA?AU_Trivially_copyable_ptr_iterator_tag@0@ABQAUHitmarker@Hitmarkers@MISC@FEATURES@@0@Z 10005b10 f i Misc.obj
 0001:00004b10       ??$_Ptr_copy_cat@PAUIncoming_Sequence_Record@RAGEBOT@FEATURES@@PAU123@@std@@YA?AU_Really_trivial_ptr_iterator_tag@0@ABQAPAUIncoming_Sequence_Record@RAGEBOT@FEATURES@@0@Z 10005b10 f i Backtracking.obj
 0001:00004b10       ??$_Ptr_copy_cat@PAVCBaseEntity@SDK@@PAV12@@std@@YA?AU_Really_trivial_ptr_iterator_tag@0@ABQAPAVCBaseEntity@SDK@@0@Z 10005b10 f i Antiaim.obj
 0001:00004b10       ??$_Ptr_move_cat@UDrawCircleQueue@RenderQueue@RENDER@@U123@@std@@YA?AU_Trivially_copyable_ptr_iterator_tag@0@ABQAUDrawCircleQueue@RenderQueue@RENDER@@0@Z 10005b10 f i render.obj
 0001:00004b10       ??$_Ptr_move_cat@PAVPPGUI_Command@PPGUI@@PAV12@@std@@YA?AU_Really_trivial_ptr_iterator_tag@0@ABQAPAVPPGUI_Command@PPGUI@@0@Z 10005b10 f i PPGUI.obj
 0001:00004b10       ??$_Ptr_move_cat@PAVCBaseEntity@SDK@@PAV12@@std@@YA?AU_Really_trivial_ptr_iterator_tag@0@ABQAPAVCBaseEntity@SDK@@0@Z 10005b10 f i Antiaim.obj
 0001:00004b10       ??$_Ptr_copy_cat@QBDPBD@std@@YA?AU_Really_trivial_ptr_iterator_tag@0@ABQBQBDABQAPBD@Z 10005b10 f i hooks.obj
 0001:00004b10       ??$_Ptr_move_cat@HH@std@@YA?AU_Really_trivial_ptr_iterator_tag@0@ABQAH0@Z 10005b10 f i input_handler.obj
 0001:00004b10       ??$_Ptr_move_cat@UBulletTracer@BulletTracers@MISC@FEATURES@@U1234@@std@@YA?AU_Trivially_copyable_ptr_iterator_tag@0@ABQAUBulletTracer@BulletTracers@MISC@FEATURES@@0@Z 10005b10 f i EventListeners.obj
 0001:00004b20       ??0?$vector@PAVPPGUI_Command@PPGUI@@V?$allocator@PAVPPGUI_Command@PPGUI@@@std@@@std@@QAE@ABV01@@Z 10005b20 f i PPGUI.obj
 0001:00004b20       ??0?$vector@PAVCBaseEntity@SDK@@V?$allocator@PAVCBaseEntity@SDK@@@std@@@std@@QAE@ABV01@@Z 10005b20 f i Antiaim.obj
 0001:00004c10       ??1?$vector@VCColor@@V?$allocator@VCColor@@@std@@@std@@QAE@XZ 10005c10 f i Resolver.obj
 0001:00004c10       ??1?$vector@PAVCBaseEntity@SDK@@V?$allocator@PAVCBaseEntity@SDK@@@std@@@std@@QAE@XZ 10005c10 f i Antiaim.obj
 0001:00004c10       ??1?$vector@PBDV?$allocator@PBD@std@@@std@@QAE@XZ 10005c10 f i hooks.obj
 0001:00004c10       ?_Tidy@?$vector@VCColor@@V?$allocator@VCColor@@@std@@@std@@AAEXXZ 10005c10 f i EventListeners.obj
 0001:00004c10       ??1?$vector@V?$_List_unchecked_iterator@V?$_List_val@U?$_List_simple_types@U?$pair@$$CBITPPGUI_Command_Data@PPGUI_Command_Data_Base@PPGUI@@@std@@@std@@@std@@@std@@V?$allocator@V?$_List_unchecked_iterator@V?$_List_val@U?$_List_simple_types@U?$pair@$$CBITPPGUI_Command_Data@PPGUI_Command_Data_Base@PPGUI@@@std@@@std@@@std@@@std@@@2@@std@@QAE@XZ 10005c10 f i PPGUI_Defines.obj
 0001:00004c10       ??1?$vector@PAVPPGUI_Command@PPGUI@@V?$allocator@PAVPPGUI_Command@PPGUI@@@std@@@std@@QAE@XZ 10005c10 f i PPGUI.obj
 0001:000071e0       ??R?$mersenne_twister@I$0CA@$0CHA@$0BIN@$0BP@$0JJAILANP@$0L@$06$0JNCMFGIA@$0P@$0OPMGAAAA@$0BC@@std@@QAEIXZ 100081e0 f i Antiaim.obj
 0001:00007370       ?BreakLBY@Antiaim@RAGEBOT@FEATURES@@AAEMMM_N@Z 10008370 f   Antiaim.obj
 0001:00007670       ?Do@Antiaim@RAGEBOT@FEATURES@@QAEXPAVCUserCmd@SDK@@@Z 10008670 f   Antiaim.obj
 0001:000079e0       ?DoEdging@Antiaim@RAGEBOT@FEATURES@@AAE_NAAM0@Z 100089e0 f   Antiaim.obj
 0001:00007b70       ?NormalizeYaw@MATH@@YAMM@Z 10008b70 f i Antiaim.obj
 0001:00007bc0       ?RandomNumber@MATH@@YAMMM@Z 10008bc0 f i Antiaim.obj
 0001:00007d60       ?ShouldHitEntity@CTraceFilter@SDK@@UAE_NPAXH@Z 10008d60 f i Antiaim.obj
 0001:00007d70       ?ShouldHitEntity@CTraceWorldOnly@SDK@@UAE_NPAXH@Z 10008d70 f i Antiaim.obj
 0001:00007d80       ?UpdateLBY@Antiaim@RAGEBOT@FEATURES@@QAEXXZ 10008d80 f   Antiaim.obj
 0001:00007f10       ?allocate@?$allocator@H@std@@QAEPAHI@Z 10008f10 f i input_handler.obj
 0001:00007f10       ?allocate@?$allocator@VCColor@@@std@@QAEPAVCColor@@I@Z 10008f10 f i EventListeners.obj
 0001:00007f10       ?allocate@?$allocator@V?$_List_unchecked_iterator@V?$_List_val@U?$_List_simple_types@U?$pair@$$CBITPPGUI_Command_Data@PPGUI_Command_Data_Base@PPGUI@@@std@@@std@@@std@@@std@@@std@@QAEPAV?$_List_unchecked_iterator@V?$_List_val@U?$_List_simple_types@U?$pair@$$CBITPPGUI_Command_Data@PPGUI_Command_Data_Base@PPGUI@@@std@@@std@@@std@@@2@I@Z 10008f10 f i PPGUI.obj
 0001:00007f10       ?allocate@?$allocator@PAVPPGUI_Command@PPGUI@@@std@@QAEPAPAVPPGUI_Command@PPGUI@@I@Z 10008f10 f i PPGUI.obj
 0001:00007f10       ?allocate@?$allocator@PAVCBaseEntity@SDK@@@std@@QAEPAPAVCBaseEntity@SDK@@I@Z 10008f10 f i Antiaim.obj
 0001:00007f80       ?Strafe@Autostrafer@MISC@FEATURES@@QAEXPAVCUserCmd@SDK@@@Z 10008f80 f   Autostrafer.obj
 0001:00008360       ??0exception@std@@QAE@ABV01@@Z 10009360 f i Autowall.obj
 0001:00008390       ??0logic_error@std@@QAE@ABV01@@Z 10009390 f i Autowall.obj
 0001:000083d0       ?_Tidy_deallocate@?$basic_string@DU?$char_traits@D@std@@V?$allocator@D@2@@std@@QAEXXZ 100093d0 f i Misc.obj
 0001:000083d0       ??1?$basic_string@DU?$char_traits@D@std@@V?$allocator@D@2@@std@@QAE@XZ 100093d0 f i Autowall.obj
 0001:00008420       ??1bad_alloc@std@@UAE@XZ   10009420 f i libcpmt:xthrow.obj
 0001:00008420       ??1bad_array_new_length@std@@UAE@XZ 10009420 f i LIBCMT:throw_bad_alloc.obj
 0001:00008420       ??1runtime_error@std@@UAE@XZ 10009420 f i Misc.obj
 0001:00008420       ??1out_of_range@std@@UAE@XZ 10009420 f i libcpmt:xthrow.obj
 0001:00008420       ??1length_error@std@@UAE@XZ 10009420 f i libcpmt:xthrow.obj
 0001:00008420       ??1exception@std@@UAE@XZ   10009420 f i Autowall.obj
 0001:00008420       ??1failure@ios_base@std@@UAE@XZ 10009420 f i Misc.obj
 0001:00008420       ??1bad_exception@std@@UAE@XZ 10009420 f i libvcruntime:frame.obj
 0001:00008440       ??_Eexception@std@@UAEPAXI@Z 10009440 f i Autowall.obj
 0001:00008440       ??_Elogic_error@std@@UAEPAXI@Z 10009440 f i Autowall.obj
 0001:00008440       ??_Gruntime_error@std@@UAEPAXI@Z 10009440 f i Misc.obj
 0001:00008440       ??_Eruntime_error@std@@UAEPAXI@Z 10009440 f i Misc.obj
 0001:00008440       ??_Glogic_error@std@@UAEPAXI@Z 10009440 f i Autowall.obj
 0001:00008440       ??_Gexception@std@@UAEPAXI@Z 10009440 f i Autowall.obj
 0001:00008470       ?CalculateDamage@Autowall@RAGEBOT@FEATURES@@QAE?AUAutowall_Return_Info@123@VVector@@0PAVCBaseEntity@SDK@@1H@Z 10009470 f   Autowall.obj
 0001:00008ad0       ?CanPenetrate@Autowall@RAGEBOT@FEATURES@@AAE_NPAVCBaseEntity@SDK@@AAUAutowall_Info@123@PAUWeapon_Info@5@@Z 10009ad0 f   Autowall.obj
 0001:00008cf0       ?ScaleDamage@Autowall@RAGEBOT@FEATURES@@AAEXPAVCBaseEntity@SDK@@PAUWeapon_Info@5@HAAM@Z 10009cf0 f   Autowall.obj
 0001:00008de0       ?UTIL_TraceLine@Autowall@RAGEBOT@FEATURES@@AAEXAAVVector@@0IPAVCBaseEntity@SDK@@PAUtrace_t@6@@Z 10009de0 f i Autowall.obj
 0001:00008ed0       ?_Xlen@?$basic_string@DU?$char_traits@D@std@@V?$allocator@D@2@@std@@SAXXZ 10009ed0 f i Autowall.obj
 0001:00008ee0       ?allocate@?$allocator@D@std@@QAEPADI@Z 10009ee0 f i Autowall.obj
 0001:00008f40       ?assign@?$basic_string@DU?$char_traits@D@std@@V?$allocator@D@2@@std@@QAEAAV12@QBDI@Z 10009f40 f i Autowall.obj
 0001:00009030       ?what@exception@std@@UBEPBDXZ 1000a030 f i Autowall.obj
 0001:00009040       ??$_Emplace_reallocate@UBacktracking_Record@RAGEBOT@FEATURES@@@?$vector@UBacktracking_Record@RAGEBOT@FEATURES@@V?$allocator@UBacktracking_Record@RAGEBOT@FEATURES@@@std@@@std@@QAEPAUBacktracking_Record@RAGEBOT@FEATURES@@QAU234@$$QAU234@@Z 1000a040 f i Backtracking.obj
 0001:00009040       ??$_Emplace_reallocate@ABUBacktracking_Record@RAGEBOT@FEATURES@@@?$vector@UBacktracking_Record@RAGEBOT@FEATURES@@V?$allocator@UBacktracking_Record@RAGEBOT@FEATURES@@@std@@@std@@QAEPAUBacktracking_Record@RAGEBOT@FEATURES@@QAU234@ABU234@@Z 1000a040 f i Backtracking.obj
 0001:00009180       ??$_Move_backward_unchecked1@PAUBacktracking_Record@RAGEBOT@FEATURES@@PAU123@@std@@YAPAUBacktracking_Record@RAGEBOT@FEATURES@@PAU123@00U_General_ptr_iterator_tag@0@@Z 1000a180 f i Backtracking.obj
 0001:000093d0       ??$emplace@ABUBacktracking_Record@RAGEBOT@FEATURES@@@?$vector@UBacktracking_Record@RAGEBOT@FEATURES@@V?$allocator@UBacktracking_Record@RAGEBOT@FEATURES@@@std@@@std@@QAE?AV?$_Vector_iterator@V?$_Vector_val@U?$_Simple_types@UBacktracking_Record@RAGEBOT@FEATURES@@@std@@@std@@@1@V?$_Vector_const_iterator@V?$_Vector_val@U?$_Simple_types@UBacktracking_Record@RAGEBOT@FEATURES@@@std@@@std@@@1@ABUBacktracking_Record@RAGEBOT@FEATURES@@@Z 1000a3d0 f i Backtracking.obj
 0001:000093d0       ??$emplace@UBacktracking_Record@RAGEBOT@FEATURES@@@?$vector@UBacktracking_Record@RAGEBOT@FEATURES@@V?$allocator@UBacktracking_Record@RAGEBOT@FEATURES@@@std@@@std@@QAE?AV?$_Vector_iterator@V?$_Vector_val@U?$_Simple_types@UBacktracking_Record@RAGEBOT@FEATURES@@@std@@@std@@@1@V?$_Vector_const_iterator@V?$_Vector_val@U?$_Simple_types@UBacktracking_Record@RAGEBOT@FEATURES@@@std@@@std@@@1@$$QAUBacktracking_Record@RAGEBOT@FEATURES@@@Z 1000a3d0 f i Backtracking.obj
 0001:000094b0       ??0?$vector@UBacktracking_Record@RAGEBOT@FEATURES@@V?$allocator@UBacktracking_Record@RAGEBOT@FEATURES@@@std@@@std@@QAE@ABV01@@Z 1000a4b0 f i Backtracking.obj
 0001:00009560       ??0Backtracking_Record@RAGEBOT@FEATURES@@QAE@PAVCBaseEntity@SDK@@@Z 1000a560 f   Backtracking.obj
 0001:00009970       ??0PlayerResolveRecord@Resolver@RAGEBOT@FEATURES@@QAE@XZ 1000a970 f i Backtracking.obj
 0001:00009ac0       ??1?$deque@UIncoming_Sequence_Record@RAGEBOT@FEATURES@@V?$allocator@UIncoming_Sequence_Record@RAGEBOT@FEATURES@@@std@@@std@@QAE@XZ 1000aac0 f i Backtracking.obj
 0001:00009b70       ?ApplyRestore@CBacktracking@RAGEBOT@FEATURES@@QAEXPAVCBaseEntity@SDK@@M@Z 1000ab70 f   Backtracking.obj
 0001:00009cd0       ?GetDeltaTime@CBacktracking@RAGEBOT@FEATURES@@SAMUBacktracking_Record@23@@Z 1000acd0 f   Backtracking.obj
 0001:00009dc0       ?GetLerpTicks@CBacktracking@RAGEBOT@FEATURES@@SAHXZ 1000adc0 f   Backtracking.obj
 0001:00009fa0       ?GetPriorityRecords@CBacktracking@RAGEBOT@FEATURES@@QAE?AV?$vector@UBacktracking_Record@RAGEBOT@FEATURES@@V?$allocator@UBacktracking_Record@RAGEBOT@FEATURES@@@std@@@std@@PAVCBaseEntity@SDK@@@Z 1000afa0 f   Backtracking.obj
 0001:0000a950       ?GetRecords@CBacktracking@RAGEBOT@FEATURES@@QAE?AV?$vector@UBacktracking_Record@RAGEBOT@FEATURES@@V?$allocator@UBacktracking_Record@RAGEBOT@FEATURES@@@std@@@std@@PAVCBaseEntity@SDK@@@Z 1000b950 f   Backtracking.obj
 0001:0000a980       ?GetTickCount@CBacktracking@RAGEBOT@FEATURES@@SAHUBacktracking_Record@23@@Z 1000b980 f   Backtracking.obj
 0001:0000a9b0       ?GetValidRecords@CBacktracking@RAGEBOT@FEATURES@@QAE?AV?$vector@UBacktracking_Record@RAGEBOT@FEATURES@@V?$allocator@UBacktracking_Record@RAGEBOT@FEATURES@@@std@@@std@@PAVCBaseEntity@SDK@@@Z 1000b9b0 f   Backtracking.obj
 0001:0000aab0       ?Restore@CBacktracking@RAGEBOT@FEATURES@@QAEXPAVCBaseEntity@SDK@@UBacktracking_Record@23@H@Z 1000bab0 f   Backtracking.obj
 0001:0000aec0       ?RestoreAllToCurrentRecord@CBacktracking@RAGEBOT@FEATURES@@QAEXXZ 1000bec0 f   Backtracking.obj
 0001:0000b040       ?RestoreToCurrentRecord@CBacktracking@RAGEBOT@FEATURES@@QAEXPAVCBaseEntity@SDK@@@Z 1000c040 f   Backtracking.obj
 0001:0000b100       ?Store@CBacktracking@RAGEBOT@FEATURES@@QAEXXZ 1000c100 f   Backtracking.obj
 0001:0000b2e0       ?UpdateIncomingSequences@CBacktracking@RAGEBOT@FEATURES@@QAEXXZ 1000c2e0 f   Backtracking.obj
 0001:0000b3c0       ?_Change_array@?$vector@UBacktracking_Record@RAGEBOT@FEATURES@@V?$allocator@UBacktracking_Record@RAGEBOT@FEATURES@@@std@@@std@@AAEXQAUBacktracking_Record@RAGEBOT@FEATURES@@II@Z 1000c3c0 f i Backtracking.obj
 0001:0000b440       ?_Growmap@?$deque@UIncoming_Sequence_Record@RAGEBOT@FEATURES@@V?$allocator@UIncoming_Sequence_Record@RAGEBOT@FEATURES@@@std@@@std@@IAEXI@Z 1000c440 f i Backtracking.obj
 0001:0000b630       ?_Umove@?$vector@UBacktracking_Record@RAGEBOT@FEATURES@@V?$allocator@UBacktracking_Record@RAGEBOT@FEATURES@@@std@@@std@@AAEPAUBacktracking_Record@RAGEBOT@FEATURES@@PAU345@00@Z 1000c630 f i Backtracking.obj
 0001:0000b670       ?_Xlen@?$deque@UIncoming_Sequence_Record@RAGEBOT@FEATURES@@V?$allocator@UIncoming_Sequence_Record@RAGEBOT@FEATURES@@@std@@@std@@IBEXXZ 1000c670 f i Backtracking.obj
 0001:0000b680       ?allocate@?$allocator@UBacktracking_Record@RAGEBOT@FEATURES@@@std@@QAEPAUBacktracking_Record@RAGEBOT@FEATURES@@I@Z 1000c680 f i Backtracking.obj
 0001:0000b6f0       ??$_Destroy_range@V?$allocator@U?$pair@V?$basic_string@DU?$char_traits@D@std@@V?$allocator@D@2@@std@@VCColor@@@std@@@std@@@std@@YAXPAU?$pair@V?$basic_string@DU?$char_traits@D@std@@V?$allocator@D@2@@std@@VCColor@@@0@0AAV?$allocator@U?$pair@V?$basic_string@DU?$char_traits@D@std@@V?$allocator@D@2@@std@@VCColor@@@std@@@0@@Z 1000c6f0 f i BoxESP.obj
 0001:0000b760       ??$_Emplace_reallocate@AAY0N@$$CBDVCColor@@@?$vector@U?$pair@V?$basic_string@DU?$char_traits@D@std@@V?$allocator@D@2@@std@@VCColor@@@std@@V?$allocator@U?$pair@V?$basic_string@DU?$char_traits@D@std@@V?$allocator@D@2@@std@@VCColor@@@std@@@2@@std@@QAEPAU?$pair@V?$basic_string@DU?$char_traits@D@std@@V?$allocator@D@2@@std@@VCColor@@@1@QAU21@AAY0N@$$CBD$$QAVCColor@@@Z 1000c760 f i BoxESP.obj
 0001:0000b910       ??$_Emplace_reallocate@UVertex_t@SDK@@@?$vector@UVertex_t@SDK@@V?$allocator@UVertex_t@SDK@@@std@@@std@@QAEPAUVertex_t@SDK@@QAU23@$$QAU23@@Z 1000c910 f i BoxESP.obj
 0001:0000ba60       ??$_Emplace_reallocate@V?$basic_string@DU?$char_traits@D@std@@V?$allocator@D@2@@std@@VCColor@@@?$vector@U?$pair@V?$basic_string@DU?$char_traits@D@std@@V?$allocator@D@2@@std@@VCColor@@@std@@V?$allocator@U?$pair@V?$basic_string@DU?$char_traits@D@std@@V?$allocator@D@2@@std@@VCColor@@@std@@@2@@std@@QAEPAU?$pair@V?$basic_string@DU?$char_traits@D@std@@V?$allocator@D@2@@std@@VCColor@@@1@QAU21@$$QAV?$basic_string@DU?$char_traits@D@std@@V?$allocator@D@2@@1@$$QAVCColor@@@Z 1000ca60 f i BoxESP.obj
 0001:0000bb90       ??$_UIntegral_to_buff@DI@std@@YAPADPADI@Z 1000cb90 f i BoxESP.obj
 0001:0000bbd0       ??$_Uninitialized_move@PAU?$pair@V?$basic_string@DU?$char_traits@D@std@@V?$allocator@D@2@@std@@VCColor@@@std@@PAU12@V?$allocator@U?$pair@V?$basic_string@DU?$char_traits@D@std@@V?$allocator@D@2@@std@@VCColor@@@std@@@2@@std@@YAPAU?$pair@V?$basic_string@DU?$char_traits@D@std@@V?$allocator@D@2@@std@@VCColor@@@0@QAU10@0PAU10@AAV?$allocator@U?$pair@V?$basic_string@DU?$char_traits@D@std@@V?$allocator@D@2@@std@@VCColor@@@std@@@0@@Z 1000cbd0 f i BoxESP.obj
 0001:0000bc50       ??$emplace_back@V?$basic_string@DU?$char_traits@D@std@@V?$allocator@D@2@@std@@VCColor@@@?$vector@U?$pair@V?$basic_string@DU?$char_traits@D@std@@V?$allocator@D@2@@std@@VCColor@@@std@@V?$allocator@U?$pair@V?$basic_string@DU?$char_traits@D@std@@V?$allocator@D@2@@std@@VCColor@@@std@@@2@@std@@QAEAAU?$pair@V?$basic_string@DU?$char_traits@D@std@@V?$allocator@D@2@@std@@VCColor@@@1@$$QAV?$basic_string@DU?$char_traits@D@std@@V?$allocator@D@2@@1@$$QAVCColor@@@Z 1000cc50 f i BoxESP.obj
 0001:0000bcc0       ??0?$basic_string@DU?$char_traits@D@std@@V?$allocator@D@2@@std@@QAE@ABV01@@Z 1000ccc0 f i BoxESP.obj
 0001:0000bd50       ??0?$basic_string@DU?$char_traits@D@std@@V?$allocator@D@2@@std@@QAE@ID@Z 1000cd50 f i BoxESP.obj
 0001:0000be60       ??0?$vector@UVertex_t@SDK@@V?$allocator@UVertex_t@SDK@@@std@@@std@@QAE@ABV01@@Z 1000ce60 f i BoxESP.obj
 0001:0000bee0       ??1?$vector@U?$pair@V?$basic_string@DU?$char_traits@D@std@@V?$allocator@D@2@@std@@VCColor@@@std@@V?$allocator@U?$pair@V?$basic_string@DU?$char_traits@D@std@@V?$allocator@D@2@@std@@VCColor@@@std@@@2@@std@@QAE@XZ 1000cee0 f i BoxESP.obj
 0001:0000c2d0       ?Do@CBoxESP@VISUALS@FEATURES@@QAEXXZ 1000d2d0 f   BoxESP.obj
 0001:0000c410       ?DrawBox@CBoxESP@VISUALS@FEATURES@@AAEXPAVCBaseEntity@SDK@@VCColor@@1_N2222@Z 1000d410 f   BoxESP.obj
 0001:0000cd10       ?DrawBoxInfo@CBoxESP@VISUALS@FEATURES@@AAEXPAVCBaseEntity@SDK@@VCColor@@PAVVector@@_N33@Z 1000dd10 f   BoxESP.obj
 0001:0000d3d0       ?DrawHealthBar@CBoxESP@VISUALS@FEATURES@@AAEXPAVCBaseEntity@SDK@@PAVVector@@H@Z 1000e3d0 f   BoxESP.obj
 0001:0000d9c0       ?_Change_array@?$vector@U?$pair@V?$basic_string@DU?$char_traits@D@std@@V?$allocator@D@2@@std@@VCColor@@@std@@V?$allocator@U?$pair@V?$basic_string@DU?$char_traits@D@std@@V?$allocator@D@2@@std@@VCColor@@@std@@@2@@std@@AAEXQAU?$pair@V?$basic_string@DU?$char_traits@D@std@@V?$allocator@D@2@@std@@VCColor@@@2@II@Z 1000e9c0 f i BoxESP.obj
 0001:0000da60       ?_Destroy@?$vector@U?$pair@V?$basic_string@DU?$char_traits@D@std@@V?$allocator@D@2@@std@@VCColor@@@std@@V?$allocator@U?$pair@V?$basic_string@DU?$char_traits@D@std@@V?$allocator@D@2@@std@@VCColor@@@std@@@2@@std@@AAEXPAU?$pair@V?$basic_string@DU?$char_traits@D@std@@V?$allocator@D@2@@std@@VCColor@@@2@0@Z 1000ea60 f i BoxESP.obj
 0001:0000da80       ?_Xran@?$_String_val@U?$_Simple_types@D@std@@@std@@SAXXZ 1000ea80 f i BoxESP.obj
 0001:0000da90       ?allocate@?$allocator@U?$pair@V?$basic_string@DU?$char_traits@D@std@@V?$allocator@D@2@@std@@VCColor@@@std@@@std@@QAEPAU?$pair@V?$basic_string@DU?$char_traits@D@std@@V?$allocator@D@2@@std@@VCColor@@@2@I@Z 1000ea90 f i BoxESP.obj
 0001:0000db00       ?deallocate@?$allocator@U?$pair@V?$basic_string@DU?$char_traits@D@std@@V?$allocator@D@2@@std@@VCColor@@@std@@@std@@QAEXQAU?$pair@V?$basic_string@DU?$char_traits@D@std@@V?$allocator@D@2@@std@@VCColor@@@2@I@Z 1000eb00 f i BoxESP.obj
 0001:0000db00       ?deallocate@?$allocator@ULog@InGameLogger@MISC@FEATURES@@@std@@QAEXQAULog@InGameLogger@MISC@FEATURES@@I@Z 1000eb00 f i EventListeners.obj
 0001:0000db50       ?insert@?$basic_string@DU?$char_traits@D@std@@V?$allocator@D@2@@std@@QAEAAV12@IQBDI@Z 1000eb50 f i BoxESP.obj
 0001:0000dd30       ?to_string@std@@YA?AV?$basic_string@DU?$char_traits@D@std@@V?$allocator@D@2@@1@H@Z 1000ed30 f i BoxESP.obj
 0001:0000ddb0       ___local_stdio_printf_options 1000edb0 f i BoxESP.obj
 0001:0000ddc0       __scprintf                 1000edc0 f i BoxESP.obj
 0001:0000ddf0       _sprintf                   1000edf0 f i BoxESP.obj
 0001:0000de30       _sprintf_s                 1000ee30 f i BoxESP.obj
 0001:0000de60       ?CreateMaterial@CChams@VISUALS@FEATURES@@QAEPAVIMaterial@SDK@@_N00@Z 1000ee60 f   Chams.obj
 0001:0000e470       ?DoSceneEnd@CChams@VISUALS@FEATURES@@QAEXXZ 1000f470 f   Chams.obj
 0001:0000e4f0       ?DrawBacktrackPlayer@CChams@VISUALS@FEATURES@@AAEXPAVCBaseEntity@SDK@@@Z 1000f4f0 f   Chams.obj
 0001:0000e680       ?DrawPlayer@CChams@VISUALS@FEATURES@@AAEXPAVCBaseEntity@SDK@@@Z 1000f680 f   Chams.obj
 0001:0000e870       ?UpdateMaterials@CChams@VISUALS@FEATURES@@AAEXXZ 1000f870 f   Chams.obj
 0001:0000ed00       ?append@?$basic_string@DU?$char_traits@D@std@@V?$allocator@D@2@@std@@QAEAAV12@QBDI@Z 1000fd00 f i Chams.obj
 0001:0000f2b0       ?Do@CircleStrafer@MISC@FEATURES@@QAEXPAVCUserCmd@SDK@@@Z 100102b0 f   CircleStrafer.obj
 0001:0000f4b0       ?VerifyRotation@CircleStrafer@MISC@FEATURES@@AAEMM@Z 100104b0 f   CircleStrafer.obj
 0001:0000fa70       ?EndPrediction@EnginePrediction@MISC@FEATURES@@QBEXXZ 10010a70 f   EnginePrediction.obj
 0001:0000fad0       ?StartPrediction@EnginePrediction@MISC@FEATURES@@QAEXPAVCUserCmd@SDK@@@Z 10010ad0 f   EnginePrediction.obj
 0001:0000fbe0       ?GetEventDebugID@IGameEventListener@SDK@@UAEHXZ 10010be0 f i EventListeners.obj
 0001:0000fbf0       ??_GIGameEventListener@SDK@@UAEPAXI@Z 10010bf0 f i EventListeners.obj
 0001:0000fbf0       ??_EIGameEventListener@SDK@@UAEPAXI@Z 10010bf0 f i EventListeners.obj
 0001:0000fc20       ?FireGameEvent@ItemPurchaseListener@MISC@FEATURES@@UAEXPAVIGameEvent@SDK@@@Z 10010c20 f   EventListeners.obj
 0001:0000fe10       ??_EItemPurchaseListener@MISC@FEATURES@@UAEPAXI@Z 10010e10 f i EventListeners.obj
 0001:0000fe10       ??_GItemPurchaseListener@MISC@FEATURES@@UAEPAXI@Z 10010e10 f i EventListeners.obj
 0001:0000fe80       ?FireGameEvent@PlayerHurtListener@MISC@FEATURES@@UAEXPAVIGameEvent@SDK@@@Z 10010e80 f   EventListeners.obj
 0001:00010210       ??_GPlayerHurtListener@MISC@FEATURES@@UAEPAXI@Z 10011210 f i EventListeners.obj
 0001:00010210       ??_EPlayerHurtListener@MISC@FEATURES@@UAEPAXI@Z 10011210 f i EventListeners.obj
 0001:00010280       ?FireGameEvent@BulletImpactListener@MISC@FEATURES@@UAEXPAVIGameEvent@SDK@@@Z 10011280 f   EventListeners.obj
 0001:000104f0       ??_EBulletImpactListener@MISC@FEATURES@@UAEPAXI@Z 100114f0 f i EventListeners.obj
 0001:000104f0       ??_GBulletImpactListener@MISC@FEATURES@@UAEPAXI@Z 100114f0 f i EventListeners.obj
 0001:00010560       ?FireGameEvent@WeaponFireListener@MISC@FEATURES@@UAEXPAVIGameEvent@SDK@@@Z 10011560 f   EventListeners.obj
 0001:00010580       ??_EWeaponFireListener@MISC@FEATURES@@UAEPAXI@Z 10011580 f i EventListeners.obj
 0001:00010580       ??_GWeaponFireListener@MISC@FEATURES@@UAEPAXI@Z 10011580 f i EventListeners.obj
 0001:000105f0       ??$_Destroy_range@V?$allocator@V?$basic_string@DU?$char_traits@D@std@@V?$allocator@D@2@@std@@@std@@@std@@YAXPAV?$basic_string@DU?$char_traits@D@std@@V?$allocator@D@2@@0@0AAV?$allocator@V?$basic_string@DU?$char_traits@D@std@@V?$allocator@D@2@@std@@@0@@Z 100115f0 f i EventListeners.obj
 0001:00010660       ??$_Emplace_reallocate@ABUBulletTracer@BulletTracers@MISC@FEATURES@@@?$vector@UBulletTracer@BulletTracers@MISC@FEATURES@@V?$allocator@UBulletTracer@BulletTracers@MISC@FEATURES@@@std@@@std@@QAEPAUBulletTracer@BulletTracers@MISC@FEATURES@@QAU2345@ABU2345@@Z 10011660 f i EventListeners.obj
 0001:00010810       ??$_Emplace_reallocate@ABULog@InGameLogger@MISC@FEATURES@@@?$vector@ULog@InGameLogger@MISC@FEATURES@@V?$allocator@ULog@InGameLogger@MISC@FEATURES@@@std@@@std@@QAEPAULog@InGameLogger@MISC@FEATURES@@QAU2345@ABU2345@@Z 10011810 f i EventListeners.obj
 0001:00010a90       ??$_Emplace_reallocate@ABV?$basic_string@DU?$char_traits@D@std@@V?$allocator@D@2@@std@@@?$vector@V?$basic_string@DU?$char_traits@D@std@@V?$allocator@D@2@@std@@V?$allocator@V?$basic_string@DU?$char_traits@D@std@@V?$allocator@D@2@@std@@@2@@std@@QAEPAV?$basic_string@DU?$char_traits@D@std@@V?$allocator@D@2@@1@QAV21@ABV21@@Z 10011a90 f i EventListeners.obj
 0001:00010c60       ??$_Emplace_reallocate@ABVCColor@@@?$vector@VCColor@@V?$allocator@VCColor@@@std@@@std@@QAEPAVCColor@@QAV2@ABV2@@Z 10011c60 f i EventListeners.obj
 0001:00010dd0       ??$_Uninitialized_move@PAV?$basic_string@DU?$char_traits@D@std@@V?$allocator@D@2@@std@@PAV12@V?$allocator@V?$basic_string@DU?$char_traits@D@std@@V?$allocator@D@2@@std@@@2@@std@@YAPAV?$basic_string@DU?$char_traits@D@std@@V?$allocator@D@2@@0@QAV10@0PAV10@AAV?$allocator@V?$basic_string@DU?$char_traits@D@std@@V?$allocator@D@2@@std@@@0@@Z 10011dd0 f i EventListeners.obj
 0001:00010e40       ??$construct@ULog@InGameLogger@MISC@FEATURES@@U1234@@?$_Default_allocator_traits@V?$allocator@ULog@InGameLogger@MISC@FEATURES@@@std@@@std@@SAXAAV?$allocator@ULog@InGameLogger@MISC@FEATURES@@@1@QAULog@InGameLogger@MISC@FEATURES@@$$QAU3456@@Z 10011e40 f i EventListeners.obj
 0001:00010ed0       ??$emplace@ABULog@InGameLogger@MISC@FEATURES@@@?$vector@ULog@InGameLogger@MISC@FEATURES@@V?$allocator@ULog@InGameLogger@MISC@FEATURES@@@std@@@std@@QAE?AV?$_Vector_iterator@V?$_Vector_val@U?$_Simple_types@ULog@InGameLogger@MISC@FEATURES@@@std@@@std@@@1@V?$_Vector_const_iterator@V?$_Vector_val@U?$_Simple_types@ULog@InGameLogger@MISC@FEATURES@@@std@@@std@@@1@ABULog@InGameLogger@MISC@FEATURES@@@Z 10011ed0 f i EventListeners.obj
 0001:000110c0       ??0?$basic_string@DU?$char_traits@D@std@@V?$allocator@D@2@@std@@QAE@QBD@Z 100120c0 f i EventListeners.obj
 0001:00011100       ??0?$vector@V?$basic_string@DU?$char_traits@D@std@@V?$allocator@D@2@@std@@V?$allocator@V?$basic_string@DU?$char_traits@D@std@@V?$allocator@D@2@@std@@@2@@std@@QAE@ABV01@@Z 10012100 f i EventListeners.obj
 0001:00011200       ??0?$vector@VCColor@@V?$allocator@VCColor@@@std@@@std@@QAE@ABV01@@Z 10012200 f i EventListeners.obj
 0001:00011290       ??0Log@InGameLogger@MISC@FEATURES@@QAE@ABU0123@@Z 10012290 f i EventListeners.obj
 0001:00011300       ??0Log@InGameLogger@MISC@FEATURES@@QAE@XZ 10012300 f i EventListeners.obj
 0001:00011380       ??1?$_Uninitialized_backout_al@PAV?$basic_string@DU?$char_traits@D@std@@V?$allocator@D@2@@std@@V?$allocator@V?$basic_string@DU?$char_traits@D@std@@V?$allocator@D@2@@std@@@2@@std@@QAE@XZ 10012380 f i EventListeners.obj
 0001:000113a0       ??1?$vector@V?$basic_string@DU?$char_traits@D@std@@V?$allocator@D@2@@std@@V?$allocator@V?$basic_string@DU?$char_traits@D@std@@V?$allocator@D@2@@std@@@2@@std@@QAE@XZ 100123a0 f i EventListeners.obj
 0001:000113b0       ??1ColorLine@MISC@FEATURES@@QAE@XZ 100123b0 f i EventListeners.obj
 0001:00011410       ??1Log@InGameLogger@MISC@FEATURES@@QAE@XZ 10012410 f i EventListeners.obj
 0001:00011420       ??4Log@InGameLogger@MISC@FEATURES@@QAEAAU0123@$$QAU0123@@Z 10012420 f i EventListeners.obj
 0001:000114a0       ?AddLog@InGameLogger@MISC@FEATURES@@QAEXULog@123@@Z 100124a0 f i EventListeners.obj
 0001:00011500       ?InitializeEventListeners@MISC@FEATURES@@YAXXZ 10012500 f   EventListeners.obj
 0001:00011770       ?PushBack@ColorLine@MISC@FEATURES@@QAEXV?$basic_string@DU?$char_traits@D@std@@V?$allocator@D@2@@std@@VCColor@@@Z 10012770 f i EventListeners.obj
 0001:00011830       ?RemoveEventListeners@MISC@FEATURES@@YAXXZ 10012830 f   EventListeners.obj
 0001:00011880       ?_Destroy@?$vector@ULog@InGameLogger@MISC@FEATURES@@V?$allocator@ULog@InGameLogger@MISC@FEATURES@@@std@@@std@@AAEXPAULog@InGameLogger@MISC@FEATURES@@0@Z 10012880 f i EventListeners.obj
 0001:000118b0       ?_Destroy@?$vector@V?$basic_string@DU?$char_traits@D@std@@V?$allocator@D@2@@std@@V?$allocator@V?$basic_string@DU?$char_traits@D@std@@V?$allocator@D@2@@std@@@2@@std@@AAEXPAV?$basic_string@DU?$char_traits@D@std@@V?$allocator@D@2@@2@0@Z 100128b0 f i EventListeners.obj
 0001:000118d0       ?_Tidy@?$vector@V?$basic_string@DU?$char_traits@D@std@@V?$allocator@D@2@@std@@V?$allocator@V?$basic_string@DU?$char_traits@D@std@@V?$allocator@D@2@@std@@@2@@std@@AAEXXZ 100128d0 f i EventListeners.obj
 0001:00011950       ?_Umove@?$vector@ULog@InGameLogger@MISC@FEATURES@@V?$allocator@ULog@InGameLogger@MISC@FEATURES@@@std@@@std@@AAEPAULog@InGameLogger@MISC@FEATURES@@PAU3456@00@Z 10012950 f i EventListeners.obj
 0001:000119a0       ?deallocate@?$allocator@V?$basic_string@DU?$char_traits@D@std@@V?$allocator@D@2@@std@@@std@@QAEXQAV?$basic_string@DU?$char_traits@D@std@@V?$allocator@D@2@@2@I@Z 100129a0 f i EventListeners.obj
 0001:000119e0       ?Do@Fakewalk@RAGEBOT@FEATURES@@QAEXPAVCUserCmd@SDK@@@Z 100129e0 f   Fakewalk.obj
 0001:00011be0       ??$_Move_unchecked@PAULog@InGameLogger@MISC@FEATURES@@PAU1234@@std@@YAPAULog@InGameLogger@MISC@FEATURES@@PAU1234@00@Z 10012be0 f i InGameLogger.obj
 0001:00011ce0       ??1?$vector@ULog@InGameLogger@MISC@FEATURES@@V?$allocator@ULog@InGameLogger@MISC@FEATURES@@@std@@@std@@QAE@XZ 10012ce0 f i InGameLogger.obj
 0001:00011d70       ?Do@InGameLogger@MISC@FEATURES@@QAEXXZ 10012d70 f   InGameLogger.obj
 0001:00012070       ?Draw@ColorLine@MISC@FEATURES@@QAEXHHI@Z 10013070 f   InGameLogger.obj
 0001:00012290       ?Do@LegitAimbot@LEGITBOT@FEATURES@@QAEXPAVCUserCmd@SDK@@@Z 10013290 f   Legitbot.obj
 0001:00012390       ??$?6U?$char_traits@D@std@@@std@@YAAAV?$basic_ostream@DU?$char_traits@D@std@@@0@AAV10@PBD@Z 10013390 f i Misc.obj
 0001:00012640       ??$?8DU?$char_traits@D@std@@V?$allocator@D@1@@std@@YA_NABV?$basic_string@DU?$char_traits@D@std@@V?$allocator@D@2@@0@QBD@Z 10013640 f i Misc.obj
 0001:000126d0       ??$HookFunction@P6E_NPAXPAUmatrix3x4_t@@HHM@Z@VMTHookManager@VMT@@QAEP6E_NPAXPAUmatrix3x4_t@@HHM@ZH0@Z 100136d0 f i Misc.obj
 0001:000127b0       ??$_Buynode@ABUpiecewise_construct_t@std@@V?$tuple@ABH@2@V?$tuple@$$V@2@@?$_Tree_comp_alloc@V?$_Tmap_traits@HPAXU?$less@H@std@@V?$allocator@U?$pair@$$CBHPAX@std@@@2@$0A@@std@@@std@@QAEPAU?$_Tree_node@U?$pair@$$CBHPAX@std@@PAX@1@ABUpiecewise_construct_t@1@$$QAV?$tuple@ABH@1@$$QAV?$tuple@$$V@1@@Z 100137b0 f i Misc.obj
 0001:000127e0       ??$_Emplace_reallocate@ABV?$vector@V?$basic_string@DU?$char_traits@D@std@@V?$allocator@D@2@@std@@V?$allocator@V?$basic_string@DU?$char_traits@D@std@@V?$allocator@D@2@@std@@@2@@std@@@?$vector@V?$vector@V?$basic_string@DU?$char_traits@D@std@@V?$allocator@D@2@@std@@V?$allocator@V?$basic_string@DU?$char_traits@D@std@@V?$allocator@D@2@@std@@@2@@std@@V?$allocator@V?$vector@V?$basic_string@DU?$char_traits@D@std@@V?$allocator@D@2@@std@@V?$allocator@V?$basic_string@DU?$char_traits@D@std@@V?$allocator@D@2@@std@@@2@@std@@@2@@std@@QAEPAV?$vector@V?$basic_string@DU?$char_traits@D@std@@V?$allocator@D@2@@std@@V?$allocator@V?$basic_string@DU?$char_traits@D@std@@V?$allocator@D@2@@std@@@2@@1@QAV21@ABV21@@Z 100137e0 f i Misc.obj
 0001:00012a00       ??$_Emplace_reallocate@UHitmarker@Hitmarkers@MISC@FEATURES@@@?$vector@UHitmarker@Hitmarkers@MISC@FEATURES@@V?$allocator@UHitmarker@Hitmarkers@MISC@FEATURES@@@std@@@std@@QAEPAUHitmarker@Hitmarkers@MISC@FEATURES@@QAU2345@$$QAU2345@@Z 10013a00 f i Misc.obj
 0001:00012ba0       ??$_Fputc@D@std@@YA_NDPAU_iobuf@@@Z 10013ba0 f i Misc.obj
 0001:00012bc0       ??$_Immortalize_impl@V_Iostream_error_category@std@@@std@@YGHPAX0PAPAX@Z 10013bc0 f i Misc.obj
 0001:00012be0       ??$_Insert_at@AAU?$pair@$$CBHPAX@std@@PAU?$_Tree_node@U?$pair@$$CBHPAX@std@@PAX@2@@?$_Tree@V?$_Tmap_traits@HPAXU?$less@H@std@@V?$allocator@U?$pair@$$CBHPAX@std@@@2@$0A@@std@@@std@@IAE?AV?$_Tree_iterator@V?$_Tree_val@U?$_Tree_simple_types@U?$pair@$$CBHPAX@std@@@std@@@std@@@1@_NPAU?$_Tree_node@U?$pair@$$CBHPAX@std@@PAX@1@AAU?$pair@$$CBHPAX@1@1@Z 10013be0 f i Misc.obj
 0001:00012d40       ??$_Insert_hint@AAU?$pair@$$CBHPAX@std@@PAU?$_Tree_node@U?$pair@$$CBHPAX@std@@PAX@2@@?$_Tree@V?$_Tmap_traits@HPAXU?$less@H@std@@V?$allocator@U?$pair@$$CBHPAX@std@@@2@$0A@@std@@@std@@IAE?AV?$_Tree_iterator@V?$_Tree_val@U?$_Tree_simple_types@U?$pair@$$CBHPAX@std@@@std@@@std@@@1@V?$_Tree_const_iterator@V?$_Tree_val@U?$_Tree_simple_types@U?$pair@$$CBHPAX@std@@@std@@@std@@@1@AAU?$pair@$$CBHPAX@1@PAU?$_Tree_node@U?$pair@$$CBHPAX@std@@PAX@1@@Z 10013d40 f i Misc.obj
 0001:00012f60       ??$_Insert_nohint@AAU?$pair@$$CBHPAX@std@@PAU?$_Tree_node@U?$pair@$$CBHPAX@std@@PAX@2@@?$_Tree@V?$_Tmap_traits@HPAXU?$less@H@std@@V?$allocator@U?$pair@$$CBHPAX@std@@@2@$0A@@std@@@std@@IAE?AU?$pair@V?$_Tree_iterator@V?$_Tree_val@U?$_Tree_simple_types@U?$pair@$$CBHPAX@std@@@std@@@std@@@std@@_N@1@_NAAU?$pair@$$CBHPAX@1@PAU?$_Tree_node@U?$pair@$$CBHPAX@std@@PAX@1@@Z 10013f60 f i Misc.obj
 0001:00013080       ??$_Uninitialized_move@PAV?$vector@V?$basic_string@DU?$char_traits@D@std@@V?$allocator@D@2@@std@@V?$allocator@V?$basic_string@DU?$char_traits@D@std@@V?$allocator@D@2@@std@@@2@@std@@PAV12@V?$allocator@V?$vector@V?$basic_string@DU?$char_traits@D@std@@V?$allocator@D@2@@std@@V?$allocator@V?$basic_string@DU?$char_traits@D@std@@V?$allocator@D@2@@std@@@2@@std@@@2@@std@@YAPAV?$vector@V?$basic_string@DU?$char_traits@D@std@@V?$allocator@D@2@@std@@V?$allocator@V?$basic_string@DU?$char_traits@D@std@@V?$allocator@D@2@@std@@@2@@0@QAV10@0PAV10@AAV?$allocator@V?$vector@V?$basic_string@DU?$char_traits@D@std@@V?$allocator@D@2@@std@@V?$allocator@V?$basic_string@DU?$char_traits@D@std@@V?$allocator@D@2@@std@@@2@@std@@@0@@Z 10014080 f i Misc.obj
 0001:000130f0       ??$endl@DU?$char_traits@D@std@@@std@@YAAAV?$basic_ostream@DU?$char_traits@D@std@@@0@AAV10@@Z 100140f0 f i Misc.obj
 0001:00013120       ??$getline@DU?$char_traits@D@std@@V?$allocator@D@2@@std@@YAAAV?$basic_istream@DU?$char_traits@D@std@@@0@$$QAV10@AAV?$basic_string@DU?$char_traits@D@std@@V?$allocator@D@2@@0@D@Z 10014120 f i Misc.obj
 0001:000132d0       ??$use_facet@V?$codecvt@DDU_Mbstatet@@@std@@@std@@YAABV?$codecvt@DDU_Mbstatet@@@0@ABVlocale@0@@Z 100142d0 f i Misc.obj
 0001:00013430       ??$use_facet@V?$ctype@D@std@@@std@@YAABV?$ctype@D@0@ABVlocale@0@@Z 10014430 f i Misc.obj
 0001:000135b0       ??0?$basic_fstream@DU?$char_traits@D@std@@@std@@QAE@PBDHH@Z 100145b0 f i Misc.obj
 0001:00013930       ??0_Locinfo@std@@QAE@PBD@Z 10014930 f i Misc.obj
 0001:000139f0       ??0_System_error@std@@IAE@Verror_code@1@ABV?$basic_string@DU?$char_traits@D@std@@V?$allocator@D@2@@1@@Z 100149f0 f i Misc.obj
 0001:00013b80       ??0_System_error@std@@QAE@ABV01@@Z 10014b80 f i Misc.obj
 0001:00013bd0       ??0failure@ios_base@std@@QAE@ABV012@@Z 10014bd0 f i Misc.obj
 0001:00013c20       ??0failure@ios_base@std@@QAE@PBDABVerror_code@2@@Z 10014c20 f i Misc.obj
 0001:00013d00       ??0runtime_error@std@@QAE@ABV01@@Z 10014d00 f i Misc.obj
 0001:00013d40       ??0runtime_error@std@@QAE@PBD@Z 10014d40 f i Misc.obj
 0001:00013d90       ??0sentry@?$basic_ostream@DU?$char_traits@D@std@@@std@@QAE@AAV12@@Z 10014d90 f i Misc.obj
 0001:00013e20       ??0system_error@std@@QAE@ABV01@@Z 10014e20 f i Misc.obj
 0001:00013e70       ??1?$_Yarn@D@std@@QAE@XZ   10014e70 f i Misc.obj
 0001:00013e70       ??1?$_Yarn@_W@std@@QAE@XZ  10014e70 f i Misc.obj
 0001:00013e90       ??1?$basic_filebuf@DU?$char_traits@D@std@@@std@@UAE@XZ 10014e90 f i Misc.obj
 0001:00013f40       ??1?$basic_ios@DU?$char_traits@D@std@@@std@@UAE@XZ 10014f40 f i Misc.obj
 0001:00013f90       ??1?$basic_iostream@DU?$char_traits@D@std@@@std@@UAE@XZ 10014f90 f i Misc.obj
 0001:00013ff0       ??1?$basic_istream@DU?$char_traits@D@std@@@std@@UAE@XZ 10014ff0 f i Misc.obj
 0001:00014010       ??1?$unique_ptr@V_Facet_base@std@@U?$default_delete@V_Facet_base@std@@@2@@std@@QAE@XZ 10015010 f i Misc.obj
 0001:00014020       ??1?$vector@V?$vector@V?$basic_string@DU?$char_traits@D@std@@V?$allocator@D@2@@std@@V?$allocator@V?$basic_string@DU?$char_traits@D@std@@V?$allocator@D@2@@std@@@2@@std@@V?$allocator@V?$vector@V?$basic_string@DU?$char_traits@D@std@@V?$allocator@D@2@@std@@V?$allocator@V?$basic_string@DU?$char_traits@D@std@@V?$allocator@D@2@@std@@@2@@std@@@2@@std@@QAE@XZ 10015020 f i Misc.obj
 0001:000140a0       ??1_Locinfo@std@@QAE@XZ    100150a0 f i Misc.obj
 0001:00014170       ??1_Sentry_base@?$basic_istream@DU?$char_traits@D@std@@@std@@QAE@XZ 10015170 f i Misc.obj
 0001:00014170       ??1_Sentry_base@?$basic_ostream@DU?$char_traits@D@std@@@std@@QAE@XZ 10015170 f i Misc.obj
 0001:000141c0       ??1facet@locale@std@@MAE@XZ 100151c0 f i Misc.obj
 0001:000141d0       ??1locale@std@@QAE@XZ      100151d0 f i Misc.obj
 0001:00014220       ??1sentry@?$basic_istream@DU?$char_traits@D@std@@@std@@QAE@XZ 10015220 f i Misc.obj
 0001:00014270       ??1sentry@?$basic_ostream@DU?$char_traits@D@std@@@std@@QAE@XZ 10015270 f i Misc.obj
 0001:000142d0       ??E?$_Tree_const_iterator@V?$_Tree_val@U?$_Tree_simple_types@U?$pair@$$CBHPAX@std@@@std@@@std@@@std@@QAEAAV01@XZ 100152d0 f i Misc.obj
 0001:000142d0       ??E?$_Tree_unchecked_const_iterator@V?$_Tree_val@U?$_Tree_simple_types@U?$pair@$$CBHPAX@std@@@std@@@std@@U_Iterator_base0@2@@std@@QAEAAV01@XZ 100152d0 f i vmt.obj
 0001:00014330       ??F?$_Tree_const_iterator@V?$_Tree_val@U?$_Tree_simple_types@U?$pair@$$CBHPAX@std@@@std@@@std@@@std@@QAEAAV01@XZ 10015330 f i Misc.obj
 0001:000153f0       ??_D?$basic_fstream@DU?$char_traits@D@std@@@std@@QAEXXZ 100163f0 f i Misc.obj
 0001:000154af       ??_E?$basic_fstream@DU?$char_traits@D@std@@@std@@$4PPPPPPPM@A@AEPAXI@Z 100164af f i Misc.obj
 0001:000154b7       ??_E?$basic_iostream@DU?$char_traits@D@std@@@std@@$4PPPPPPPM@A@AEPAXI@Z 100164b7 f i Misc.obj
 0001:000154bf       ??_E?$basic_istream@DU?$char_traits@D@std@@@std@@$4PPPPPPPM@A@AEPAXI@Z 100164bf f i Misc.obj
 0001:000154c7       ??_E?$basic_ostream@DU?$char_traits@D@std@@@std@@$4PPPPPPPM@A@AEPAXI@Z 100164c7 f i Misc.obj
 0001:000154d0       ??_G?$basic_filebuf@DU?$char_traits@D@std@@@std@@UAEPAXI@Z 100164d0 f i Misc.obj
 0001:000154d0       ??_E?$basic_filebuf@DU?$char_traits@D@std@@@std@@UAEPAXI@Z 100164d0 f i Misc.obj
 0001:00015500       ??_G?$basic_fstream@DU?$char_traits@D@std@@@std@@UAEPAXI@Z 10016500 f i Misc.obj
 0001:00015500       ??_E?$basic_fstream@DU?$char_traits@D@std@@@std@@UAEPAXI@Z 10016500 f i Misc.obj
 0001:00015530       ??_G?$basic_ios@DU?$char_traits@D@std@@@std@@UAEPAXI@Z 10016530 f i Misc.obj
 0001:00015530       ??_E?$basic_ios@DU?$char_traits@D@std@@@std@@UAEPAXI@Z 10016530 f i Misc.obj
 0001:00015590       ??_G?$basic_iostream@DU?$char_traits@D@std@@@std@@UAEPAXI@Z 10016590 f i Misc.obj
 0001:00015590       ??_E?$basic_iostream@DU?$char_traits@D@std@@@std@@UAEPAXI@Z 10016590 f i Misc.obj
 0001:00015650       ??_G?$basic_istream@DU?$char_traits@D@std@@@std@@UAEPAXI@Z 10016650 f i Misc.obj
 0001:00015650       ??_E?$basic_istream@DU?$char_traits@D@std@@@std@@UAEPAXI@Z 10016650 f i Misc.obj
 0001:000156d0       ??_G?$basic_ostream@DU?$char_traits@D@std@@@std@@UAEPAXI@Z 100166d0 f i Misc.obj
 0001:000156d0       ??_E?$basic_ostream@DU?$char_traits@D@std@@@std@@UAEPAXI@Z 100166d0 f i Misc.obj
 0001:00015750       ??_E?$basic_streambuf@DU?$char_traits@D@std@@@std@@UAEPAXI@Z 10016750 f i Misc.obj
 0001:00015750       ??_G?$basic_streambuf@DU?$char_traits@D@std@@@std@@UAEPAXI@Z 10016750 f i Misc.obj
 0001:000157e0       ??_E?$num_put@DV?$ostreambuf_iterator@DU?$char_traits@D@std@@@std@@@std@@MAEPAXI@Z 100167e0 f i PPGUI_Commands.obj
 0001:000157e0       ??_G?$codecvt@DDU_Mbstatet@@@std@@MAEPAXI@Z 100167e0 f i Misc.obj
 0001:000157e0       ??_G?$num_put@DV?$ostreambuf_iterator@DU?$char_traits@D@std@@@std@@@std@@MAEPAXI@Z 100167e0 f i PPGUI_Commands.obj
 0001:000157e0       ??_E?$codecvt@DDU_Mbstatet@@@std@@MAEPAXI@Z 100167e0 f i Misc.obj
 0001:00015810       ??_E?$ctype@D@std@@MAEPAXI@Z 10016810 f i Misc.obj
 0001:00015810       ??_G?$ctype@D@std@@MAEPAXI@Z 10016810 f i Misc.obj
 0001:00015870       ??_E_Facet_base@std@@UAEPAXI@Z 10016870 f i Misc.obj
 0001:00015870       ??_G_Facet_base@std@@UAEPAXI@Z 10016870 f i Misc.obj
 0001:000158a0       ??_E_Iostream_error_category@std@@UAEPAXI@Z 100168a0 f i Misc.obj
 0001:000158a0       ??_G_Iostream_error_category@std@@UAEPAXI@Z 100168a0 f i Misc.obj
 0001:000158c0       ??_Esystem_error@std@@UAEPAXI@Z 100168c0 f i Misc.obj
 0001:000158c0       ??_Gsystem_error@std@@UAEPAXI@Z 100168c0 f i Misc.obj
 0001:000158c0       ??_Efailure@ios_base@std@@UAEPAXI@Z 100168c0 f i Misc.obj
 0001:000158c0       ??_G_System_error@std@@UAEPAXI@Z 100168c0 f i Misc.obj
 0001:000158c0       ??_E_System_error@std@@UAEPAXI@Z 100168c0 f i Misc.obj
 0001:000158c0       ??_Gfailure@ios_base@std@@UAEPAXI@Z 100168c0 f i Misc.obj
 0001:000158f0       ??_Gios_base@std@@UAEPAXI@Z 100168f0 f i Misc.obj
 0001:000158f0       ??_Eios_base@std@@UAEPAXI@Z 100168f0 f i Misc.obj
 0001:00015950       ?AddHitmarker@Hitmarkers@MISC@FEATURES@@QAEXH@Z 10016950 f   Misc.obj
 0001:000159f0       ?AutoPistol@MISC@FEATURES@@YAXPAVCUserCmd@SDK@@@Z 100169f0 f   Misc.obj
 0001:00015af0       ?AutoRevolver@MISC@FEATURES@@YAXPAVCUserCmd@SDK@@@Z 10016af0 f   Misc.obj
 0001:00015ba0       ?Bhop@MISC@FEATURES@@YAXPAVCUserCmd@SDK@@@Z 10016ba0 f   Misc.obj
 0001:00015c10       ?ClantagChanger@MISC@FEATURES@@YAXXZ 10016c10 f   Misc.obj
 0001:00015de0       ?Do@BulletTracers@MISC@FEATURES@@QAEXXZ 10016de0 f   Misc.obj
 0001:00016170       ?Do@Hitmarkers@MISC@FEATURES@@QAEXXZ 10017170 f   Misc.obj
 0001:00016460       ?DrawMisc@MISC@FEATURES@@YAXXZ 10017460 f   Misc.obj
 0001:000165b0       ?FNVHashEx@UTILS@@YAIQBDI@Z 100175b0 f i Misc.obj
 0001:000165e0       ?Fakelag@MISC@FEATURES@@YAXPAVCUserCmd@SDK@@@Z 100175e0 f   Misc.obj
 0001:00016a10       ?FixMove@MISC@FEATURES@@YAXPAVCUserCmd@SDK@@VVector@@@Z 10017a10 f   Misc.obj
 0001:00016e90       ?HookedSetupBones@MISC@FEATURES@@YI_NPAX0PAUmatrix3x4_t@@HHM@Z 10017e90 f   Misc.obj
 0001:00016f20       ?LoadUserConfig@MISC@FEATURES@@YAXXZ 10017f20 f   Misc.obj
 0001:00017390       ?Misc@MISC@FEATURES@@YAXXZ 10018390 f   Misc.obj
 0001:00017420       ?Radar@MISC@FEATURES@@YAXXZ 10018420 f   Misc.obj
 0001:00017460       ?ThirdpersonFSN@MISC@FEATURES@@YAXXZ 10018460 f   Misc.obj
 0001:00017550       ?ThirdpersonOV@MISC@FEATURES@@YAXXZ 10018550 f   Misc.obj
 0001:000178f0       ?UpdateAngles@MISC@FEATURES@@YAXPAVCUserCmd@SDK@@@Z 100188f0 f   Misc.obj
 0001:00017930       ?_Buynode0@?$_Tree_comp_alloc@V?$_Tmap_traits@HPAXU?$less@H@std@@V?$allocator@U?$pair@$$CBHPAX@std@@@2@$0A@@std@@@std@@QAEPAU?$_Tree_node@U?$pair@$$CBHPAX@std@@PAX@2@XZ 10018930 f i Misc.obj
 0001:00017950       ?_Decref@facet@locale@std@@UAEPAV_Facet_base@3@XZ 10018950 f i Misc.obj
 0001:00017970       ?_Destroy@?$vector@V?$vector@V?$basic_string@DU?$char_traits@D@std@@V?$allocator@D@2@@std@@V?$allocator@V?$basic_string@DU?$char_traits@D@std@@V?$allocator@D@2@@std@@@2@@std@@V?$allocator@V?$vector@V?$basic_string@DU?$char_traits@D@std@@V?$allocator@D@2@@std@@V?$allocator@V?$basic_string@DU?$char_traits@D@std@@V?$allocator@D@2@@std@@@2@@std@@@2@@std@@AAEXPAV?$vector@V?$basic_string@DU?$char_traits@D@std@@V?$allocator@D@2@@std@@V?$allocator@V?$basic_string@DU?$char_traits@D@std@@V?$allocator@D@2@@std@@@2@@2@0@Z 10018970 f i Misc.obj
 0001:000179a0       ?_Destroy_if_node@?$_Tree@V?$_Tmap_traits@HPAXU?$less@H@std@@V?$allocator@U?$pair@$$CBHPAX@std@@@2@$0A@@std@@@std@@IAEXPAU?$_Tree_node@U?$pair@$$CBHPAX@std@@PAX@2@@Z 100189a0 f i Misc.obj
 0001:000179c0       ?_Endwrite@?$basic_filebuf@DU?$char_traits@D@std@@@std@@IAE_NXZ 100189c0 f i Misc.obj
 0001:00017a80       ?_Gnavail@?$basic_streambuf@DU?$char_traits@D@std@@@std@@IBE_JXZ 10018a80 f i Misc.obj
 0001:00017aa0       ?_Incref@facet@locale@std@@UAEXXZ 10018aa0 f i Misc.obj
 0001:00017ab0       ?_Init@?$basic_filebuf@DU?$char_traits@D@std@@@std@@IAEXPAU_iobuf@@W4_Initfl@12@@Z 10018ab0 f i Misc.obj
 0001:00017b90       ?_Init@?$basic_streambuf@DU?$char_traits@D@std@@@std@@IAEXXZ 10018b90 f i Misc.obj
 0001:00017bf0       ?_Ipfx@?$basic_istream@DU?$char_traits@D@std@@@std@@QAE_N_N@Z 10018bf0 f i Misc.obj
 0001:00017d90       ?_Lock@?$basic_filebuf@DU?$char_traits@D@std@@@std@@UAEXXZ 10018d90 f i Misc.obj
 0001:00017da0       ?_Unlock@?$basic_streambuf@DU?$char_traits@D@std@@@std@@UAEXXZ 10018da0 f i Misc.obj
 0001:00017da0       ?Draw@PPGUI_Command@PPGUI@@UAEXXZ 10018da0 f i PPGUI_Commands.obj
 0001:00017da0       @_guard_check_icall_nop@4  10018da0 f i LIBCMT:guard_support.obj
 0001:00017da0       ?_Lock@?$basic_streambuf@DU?$char_traits@D@std@@@std@@UAEXXZ 10018da0 f i Misc.obj
 0001:00017db0       ?_Lrotate@?$_Tree_val@U?$_Tree_simple_types@U?$pair@$$CBHPAX@std@@@std@@@std@@QAEXPAU?$_Tree_node@U?$pair@$$CBHPAX@std@@PAX@2@@Z 10018db0 f i Misc.obj
 0001:00017e10       ?_Osfx@?$basic_ostream@DU?$char_traits@D@std@@@std@@QAEXXZ 10018e10 f i Misc.obj
 0001:00017ea0       ?_Pnavail@?$basic_streambuf@DU?$char_traits@D@std@@@std@@IBE_JXZ 10018ea0 f i Misc.obj
 0001:00017ec0       ?_Reset_back@?$basic_filebuf@DU?$char_traits@D@std@@@std@@AAEXXZ 10018ec0 f i Misc.obj
 0001:00017ef0       ?_Rrotate@?$_Tree_val@U?$_Tree_simple_types@U?$pair@$$CBHPAX@std@@@std@@@std@@QAEXPAU?$_Tree_node@U?$pair@$$CBHPAX@std@@PAX@2@@Z 10018ef0 f i Misc.obj
 0001:00017f50       ?_Unlock@?$basic_filebuf@DU?$char_traits@D@std@@@std@@UAEXXZ 10018f50 f i Misc.obj
 0001:00017f60       ?clear@ios_base@std@@QAEXH_N@Z 10018f60 f i Misc.obj
 0001:00017fe0       ?close@?$basic_filebuf@DU?$char_traits@D@std@@@std@@QAEPAV12@XZ 10018fe0 f i Misc.obj
 0001:000180a0       ?deallocate@?$allocator@V?$vector@V?$basic_string@DU?$char_traits@D@std@@V?$allocator@D@2@@std@@V?$allocator@V?$basic_string@DU?$char_traits@D@std@@V?$allocator@D@2@@std@@@2@@std@@@std@@QAEXQAV?$vector@V?$basic_string@DU?$char_traits@D@std@@V?$allocator@D@2@@std@@V?$allocator@V?$basic_string@DU?$char_traits@D@std@@V?$allocator@D@2@@std@@@2@@2@I@Z 100190a0 f i Misc.obj
 0001:000180e0       ?default_error_condition@error_category@std@@UBE?AVerror_condition@2@H@Z 100190e0 f i Misc.obj
 0001:00018100       ?do_always_noconv@?$codecvt@DDU_Mbstatet@@@std@@MBE_NXZ 10019100 f i Misc.obj
 0001:00018100       ___acrt_uninitialize_command_line 10019100 f i libucrt:argv_data.obj
 0001:00018110       ?do_max_length@codecvt_base@std@@MBEHXZ 10019110 f i Misc.obj
 0001:00018110       ?do_encoding@codecvt_base@std@@MBEHXZ 10019110 f i Misc.obj
 0001:00018120       ?do_in@?$codecvt@DDU_Mbstatet@@@std@@MBEHAAU_Mbstatet@@PBD1AAPBDPAD3AAPAD@Z 10019120 f i Misc.obj
 0001:00018120       ?do_out@?$codecvt@DDU_Mbstatet@@@std@@MBEHAAU_Mbstatet@@PBD1AAPBDPAD3AAPAD@Z 10019120 f i Misc.obj
 0001:00018140       ?do_length@?$codecvt@DDU_Mbstatet@@@std@@MBEHAAU_Mbstatet@@PBD1I@Z 10019140 f i Misc.obj
 0001:00018160       ?do_narrow@?$ctype@D@std@@MBEDDD@Z 10019160 f i Misc.obj
 0001:00018170       ?do_narrow@?$ctype@D@std@@MBEPBDPBD0DPAD@Z 10019170 f i Misc.obj
 0001:00018190       ?do_tolower@?$ctype@D@std@@MBEDD@Z 10019190 f i Misc.obj
 0001:000181b0       ?do_tolower@?$ctype@D@std@@MBEPBDPADPBD@Z 100191b0 f i Misc.obj
 0001:00018200       ?do_toupper@?$ctype@D@std@@MBEDD@Z 10019200 f i Misc.obj
 0001:00018220       ?do_toupper@?$ctype@D@std@@MBEPBDPADPBD@Z 10019220 f i Misc.obj
 0001:00018270       ?do_unshift@?$codecvt@DDU_Mbstatet@@@std@@MBEHAAU_Mbstatet@@PAD1AAPAD@Z 10019270 f i Misc.obj
 0001:00018290       ?do_widen@?$ctype@D@std@@MBEDD@Z 10019290 f i Misc.obj
 0001:000182a0       ?do_widen@?$ctype@D@std@@MBEPBDPBD0PAD@Z 100192a0 f i Misc.obj
 0001:000182c0       ?equivalent@error_category@std@@UBE_NABVerror_code@2@H@Z 100192c0 f i Misc.obj
 0001:000182f0       ?equivalent@error_category@std@@UBE_NHABVerror_condition@2@@Z 100192f0 f i Misc.obj
 0001:00018330       ?erase@?$basic_string@DU?$char_traits@D@std@@V?$allocator@D@2@@std@@QAE?AV?$_String_iterator@V?$_String_val@U?$_Simple_types@D@std@@@std@@@2@V?$_String_const_iterator@V?$_String_val@U?$_Simple_types@D@std@@@std@@@2@0@Z 10019330 f i Misc.obj
 0001:000183a0       ?erase@?$basic_string@DU?$char_traits@D@std@@V?$allocator@D@2@@std@@QAEAAV12@II@Z 100193a0 f i Misc.obj
 0001:000183f0       ?flush@?$basic_ostream@DU?$char_traits@D@std@@@std@@QAEAAV12@XZ 100193f0 f i Misc.obj
 0001:000184b0       ?imbue@?$basic_filebuf@DU?$char_traits@D@std@@@std@@MAEXABVlocale@2@@Z 100194b0 f i Misc.obj
 0001:000184f0       ?imbue@?$basic_streambuf@DU?$char_traits@D@std@@@std@@MAEXABVlocale@2@@Z 100194f0 f i Misc.obj
 0001:000184f0       ?TestInput@PPGUI_Command@PPGUI@@UAEXAAVPPGUI_Input@2@@Z 100194f0 f i PPGUI_Commands.obj
 0001:00018500       ?insert@?$basic_string@DU?$char_traits@D@std@@V?$allocator@D@2@@std@@QAEAAV12@IID@Z 10019500 f i Misc.obj
 0001:000186a0       ?insert@?$vector@V?$basic_string@DU?$char_traits@D@std@@V?$allocator@D@2@@std@@V?$allocator@V?$basic_string@DU?$char_traits@D@std@@V?$allocator@D@2@@std@@@2@@std@@QAE?AV?$_Vector_iterator@V?$_Vector_val@U?$_Simple_types@V?$basic_string@DU?$char_traits@D@std@@V?$allocator@D@2@@std@@@std@@@std@@@2@V?$_Vector_const_iterator@V?$_Vector_val@U?$_Simple_types@V?$basic_string@DU?$char_traits@D@std@@V?$allocator@D@2@@std@@@std@@@std@@@2@ABV?$basic_string@DU?$char_traits@D@std@@V?$allocator@D@2@@2@@Z 100196a0 f i Misc.obj
 0001:00018820       ?make_error_code@std@@YA?AVerror_code@1@W4io_errc@1@@Z 10019820 f i Misc.obj
 0001:00018860       ?message@_Iostream_error_category@std@@UBE?AV?$basic_string@DU?$char_traits@D@std@@V?$allocator@D@2@@2@H@Z 10019860 f i Misc.obj
 0001:000188e0       ?name@_Iostream_error_category@std@@UBEPBDXZ 100198e0 f i Misc.obj
 0001:000188f0       ?overflow@?$basic_filebuf@DU?$char_traits@D@std@@@std@@MAEHH@Z 100198f0 f i Misc.obj
 0001:00018a60       ?pbackfail@?$basic_streambuf@DU?$char_traits@D@std@@@std@@MAEHH@Z 10019a60 f i Misc.obj
 0001:00018a60       ?overflow@?$basic_streambuf@DU?$char_traits@D@std@@@std@@MAEHH@Z 10019a60 f i Misc.obj
 0001:00018a70       ?pbackfail@?$basic_filebuf@DU?$char_traits@D@std@@@std@@MAEHH@Z 10019a70 f i Misc.obj
 0001:00018b20       ?push_back@?$basic_string@DU?$char_traits@D@std@@V?$allocator@D@2@@std@@QAEXD@Z 10019b20 f i Misc.obj
 0001:00018c30       ?put@?$basic_ostream@DU?$char_traits@D@std@@@std@@QAEAAV12@D@Z 10019c30 f i Misc.obj
 0001:00018db0       ?seekoff@?$basic_filebuf@DU?$char_traits@D@std@@@std@@MAE?AV?$fpos@U_Mbstatet@@@2@_JHH@Z 10019db0 f i Misc.obj
 0001:00018e90       ?seekoff@?$basic_streambuf@DU?$char_traits@D@std@@@std@@MAE?AV?$fpos@U_Mbstatet@@@2@_JHH@Z 10019e90 f i Misc.obj
 0001:00018ec0       ?seekpos@?$basic_filebuf@DU?$char_traits@D@std@@@std@@MAE?AV?$fpos@U_Mbstatet@@@2@V32@H@Z 10019ec0 f i Misc.obj
 0001:00018f90       ?seekpos@?$basic_streambuf@DU?$char_traits@D@std@@@std@@MAE?AV?$fpos@U_Mbstatet@@@2@V32@H@Z 10019f90 f i Misc.obj
 0001:00018fc0       ?setbuf@?$basic_filebuf@DU?$char_traits@D@std@@@std@@MAEPAV?$basic_streambuf@DU?$char_traits@D@std@@@2@PAD_J@Z 10019fc0 f i Misc.obj
 0001:00019010       ?setbuf@?$basic_streambuf@DU?$char_traits@D@std@@@std@@MAEPAV12@PAD_J@Z 1001a010 f i Misc.obj
 0001:00019020       ?setstate@?$basic_ios@DU?$char_traits@D@std@@@std@@QAEXH_N@Z 1001a020 f i Misc.obj
 0001:00019050       ?showmanyc@?$basic_streambuf@DU?$char_traits@D@std@@@std@@MAE_JXZ 1001a050 f i Misc.obj
 0001:00019060       ?snextc@?$basic_streambuf@DU?$char_traits@D@std@@@std@@QAEHXZ 1001a060 f i Misc.obj
 0001:000190d0       ?swap@?$basic_filebuf@DU?$char_traits@D@std@@@std@@QAEXAAV12@@Z 1001a0d0 f i Misc.obj
 0001:000192b0       ?sync@?$basic_filebuf@DU?$char_traits@D@std@@@std@@MAEHXZ 1001a2b0 f i Misc.obj
 0001:000192e0       ?uflow@?$basic_filebuf@DU?$char_traits@D@std@@@std@@MAEHXZ 1001a2e0 f i Misc.obj
 0001:00019500       ?uflow@?$basic_streambuf@DU?$char_traits@D@std@@@std@@MAEHXZ 1001a500 f i Misc.obj
 0001:00019530       ?underflow@?$basic_filebuf@DU?$char_traits@D@std@@@std@@MAEHXZ 1001a530 f i Misc.obj
 0001:00019570       ?underflow@?$basic_streambuf@DU?$char_traits@D@std@@@std@@MAEHXZ 1001a570 f i Misc.obj
 0001:00019580       ?widen@?$basic_ios@DU?$char_traits@D@std@@@std@@QBEDD@Z 1001a580 f i Misc.obj
 0001:00019620       ?xsgetn@?$basic_filebuf@DU?$char_traits@D@std@@@std@@MAE_JPAD_J@Z 1001a620 f i Misc.obj
 0001:000197d0       ?xsgetn@?$basic_streambuf@DU?$char_traits@D@std@@@std@@MAE_JPAD_J@Z 1001a7d0 f i Misc.obj
 0001:000198a0       ?xsputn@?$basic_filebuf@DU?$char_traits@D@std@@@std@@MAE_JPBD_J@Z 1001a8a0 f i Misc.obj
 0001:00019a20       ?xsputn@?$basic_streambuf@DU?$char_traits@D@std@@@std@@MAE_JPBD_J@Z 1001aa20 f i Misc.obj
 0001:00019af0       ??$?HDU?$char_traits@D@std@@V?$allocator@D@1@@std@@YA?AV?$basic_string@DU?$char_traits@D@std@@V?$allocator@D@2@@0@QBDABV10@@Z 1001aaf0 f i Resolver.obj
 0001:00019cb0       ??$_Emplace_reallocate@ABUShotSnapshot@Resolver@RAGEBOT@FEATURES@@@?$vector@UShotSnapshot@Resolver@RAGEBOT@FEATURES@@V?$allocator@UShotSnapshot@Resolver@RAGEBOT@FEATURES@@@std@@@std@@QAEPAUShotSnapshot@Resolver@RAGEBOT@FEATURES@@QAU2345@ABU2345@@Z 1001acb0 f i Resolver.obj
 0001:00019eb0       ??$_Emplace_reallocate@V?$basic_string@DU?$char_traits@D@std@@V?$allocator@D@2@@std@@@?$vector@V?$basic_string@DU?$char_traits@D@std@@V?$allocator@D@2@@std@@V?$allocator@V?$basic_string@DU?$char_traits@D@std@@V?$allocator@D@2@@std@@@2@@std@@QAEPAV?$basic_string@DU?$char_traits@D@std@@V?$allocator@D@2@@1@QAV21@$$QAV21@@Z 1001aeb0 f i Resolver.obj
 0001:00019fd0       ??$_Emplace_reallocate@VVector@@@?$vector@VVector@@V?$allocator@VVector@@@std@@@std@@QAEPAVVector@@QAV2@$$QAV2@@Z 1001afd0 f i Resolver.obj
 0001:0001a1c0       ??0Log@InGameLogger@MISC@FEATURES@@QAE@V?$basic_string@DU?$char_traits@D@std@@V?$allocator@D@2@@std@@VCColor@@@Z 1001b1c0 f i Resolver.obj
 0001:0001a350       ??1?$vector@UShotSnapshot@Resolver@RAGEBOT@FEATURES@@V?$allocator@UShotSnapshot@Resolver@RAGEBOT@FEATURES@@@std@@@std@@QAE@XZ 1001b350 f i Resolver.obj
 0001:0001a3c0       ??1?$vector@VVector@@V?$allocator@VVector@@@std@@@std@@QAE@XZ 1001b3c0 f i Resolver.obj
 0001:0001a430       ??4ColorLine@MISC@FEATURES@@QAEAAV012@$$QAV012@@Z 1001b430 f i Resolver.obj
 0001:0001a4b0       ?AddShotSnapshot@Resolver@RAGEBOT@FEATURES@@QAEXPAVCBaseEntity@SDK@@VPlayerResolveRecord@123@@Z 1001b4b0 f   Resolver.obj
 0001:0001a570       ?DoCM@Resolver@RAGEBOT@FEATURES@@QAEXXZ 1001b570 f   Resolver.obj
 0001:0001ac60       ?DoFSN@Resolver@RAGEBOT@FEATURES@@QAEXXZ 1001bc60 f   Resolver.obj
 0001:0001ae20       ?EventCallback@Resolver@RAGEBOT@FEATURES@@QAEXPAVIGameEvent@SDK@@@Z 1001be20 f   Resolver.obj
 0001:0001b090       ?GetResolveColor@Resolver@RAGEBOT@FEATURES@@QAE?AVCColor@@G@Z 1001c090 f   Resolver.obj
 0001:0001b0f0       ?GetResolveTypeIndex@Resolver@RAGEBOT@FEATURES@@QAEHG@Z 1001c0f0 f   Resolver.obj
 0001:0001b180       ?IsFakingYaw@Resolver@RAGEBOT@FEATURES@@QAE_NPAVCBaseEntity@SDK@@@Z 1001c180 f   Resolver.obj
 0001:0001b210       ?ProcessSnapShots@Resolver@RAGEBOT@FEATURES@@AAEXXZ 1001c210 f   Resolver.obj
 0001:0001b640       ?ResolveYaw@Resolver@RAGEBOT@FEATURES@@AAEXPAVCBaseEntity@SDK@@@Z 1001c640 f   Resolver.obj
 0001:0001bd90       ?TranslateResolveRecord@Resolver@RAGEBOT@FEATURES@@QAE?AV?$basic_string@DU?$char_traits@D@std@@V?$allocator@D@2@@std@@G@Z 1001cd90 f   Resolver.obj
 0001:0001c480       ?UpdateResolveRecord@Resolver@RAGEBOT@FEATURES@@AAEXPAVCBaseEntity@SDK@@@Z 1001d480 f   Resolver.obj
 0001:0001cab0       ?_Become_small@?$basic_string@DU?$char_traits@D@std@@V?$allocator@D@2@@std@@QAEXXZ 1001dab0 f i Resolver.obj
 0001:0001cb00       ?_Change_array@?$vector@V?$basic_string@DU?$char_traits@D@std@@V?$allocator@D@2@@std@@V?$allocator@V?$basic_string@DU?$char_traits@D@std@@V?$allocator@D@2@@std@@@2@@std@@AAEXQAV?$basic_string@DU?$char_traits@D@std@@V?$allocator@D@2@@2@II@Z 1001db00 f i Resolver.obj
 0001:0001cb90       ?push_back@?$vector@V?$basic_string@DU?$char_traits@D@std@@V?$allocator@D@2@@std@@V?$allocator@V?$basic_string@DU?$char_traits@D@std@@V?$allocator@D@2@@std@@@2@@std@@QAEX$$QAV?$basic_string@DU?$char_traits@D@std@@V?$allocator@D@2@@2@@Z 1001db90 f i Resolver.obj
 0001:0001cbf0       ??0MainConfig@SETTINGS@@QAE@XZ 1001dbf0 f i Configurations.obj
 0001:0001ce20       ?CreateConfig@Configuration@SETTINGS@@SA_NPBD0@Z 1001de20 f   Configurations.obj
 0001:0001cf00       ?DeleteConfig@Configuration@SETTINGS@@SA_NPBD0@Z 1001df00 f   Configurations.obj
 0001:0001cf50       ?GetConfigs@Configuration@SETTINGS@@SAHPAY0BAA@DPBD@Z 1001df50 f   Configurations.obj
 0001:0001d0d0       ?Load@Configuration@SETTINGS@@QAE_NPBDI@Z 1001e0d0 f   Configurations.obj
 0001:0001d400       ?Save@Configuration@SETTINGS@@QAE_NPBDI@Z 1001e400 f   Configurations.obj
 0001:0001d560       ?Do@SkeletonESP@VISUALS@FEATURES@@QAEXXZ 1001e560 f   SkeletonESP.obj
 0001:0001d6f0       ?DrawSkeleton@SkeletonESP@VISUALS@FEATURES@@QAEXPAVCBaseEntity@SDK@@VCColor@@PBUmatrix3x4_t@@@Z 1001e6f0 f   SkeletonESP.obj
 0001:0001dbf0       ??0SkinChanger@MISC@FEATURES@@QAE@XZ 1001ebf0 f i SkinChanger.obj
 0001:00028860       ?Do@SkinChanger@MISC@FEATURES@@QAEXXZ 10029860 f   SkinChanger.obj
 0001:00028b40       ?Do@VisualizeBacktrack@VISUALS@FEATURES@@QAEXXZ 10029b40 f   VisualizeBacktrack.obj
 0001:00028ea0       ?Do@VISUALS@FEATURES@@YAXXZ 10029ea0 f   Visuals.obj
 0001:00029480       ?DisableFlashDuration@VisualsMisc@VISUALS@FEATURES@@QAEXXZ 1002a480 f   VisualsMisc.obj
 0001:000294c0       ?Do@VisualsMisc@VISUALS@FEATURES@@QAEXXZ 1002a4c0 f   VisualsMisc.obj
 0001:00029670       ?DrawAutowallCrosshair@VisualsMisc@VISUALS@FEATURES@@AAEXXZ 1002a670 f   VisualsMisc.obj
 0001:000299a0       ?DrawGrenadePrediction@VisualsMisc@VISUALS@FEATURES@@AAEXXZ 1002a9a0 f   VisualsMisc.obj
 0001:0002a9f0       ?DrawSnaplines@VisualsMisc@VISUALS@FEATURES@@AAEXXZ 1002b9f0 f   VisualsMisc.obj
 0001:0002ac60       ?DrawSpreadCircle@VisualsMisc@VISUALS@FEATURES@@AAEXXZ 1002bc60 f   VisualsMisc.obj
 0001:0002b2b0       ?NoSmoke@VisualsMisc@VISUALS@FEATURES@@QAEXXZ 1002c2b0 f   VisualsMisc.obj
 0001:0002b440       ??0WorldTextures@VISUALS@FEATURES@@QAE@XZ 1002c440 f i World Textures.obj
 0001:0002bae0       ?DoFSN@WorldTextures@VISUALS@FEATURES@@QAEXXZ 1002cae0 f   World Textures.obj
 0001:0002c030       ?Start@@YAXXZ              1002d030 f   main.obj
 0001:0002c100       _DllMain@12                1002d100 f   main.obj
 0001:0002c2a0       _printf                    1002d2a0 f i main.obj
 0001:0002c2d0       ??0exception@std@@QAE@QBD@Z 1002d2d0 f i Menu.obj
 0001:0002c8d0       ?Do@MENU@PPGUI@@YAXXZ      1002d8d0 f   Menu.obj
 0001:0002e920       ?ForceFullUpdate@IEngine@SDK@@SAXXZ 1002f920 f i Menu.obj
 0001:0002eaa0       ?Load@Configuration@SETTINGS@@QAE_NPBD0I@Z 1002faa0 f i Menu.obj
 0001:0002eb00       ?PPGUI_AlphaModulate@PPGUI@@YAXM@Z 1002fb00 f i Menu.obj
 0001:0002eb50       ?Save@Configuration@SETTINGS@@QAE_NPBD0I@Z 1002fb50 f i Menu.obj
 0001:0002ebb0       ??$_Buynode@ABUpiecewise_construct_t@std@@V?$tuple@ABI@2@V?$tuple@$$V@2@@?$_List_buy@U?$pair@$$CBITPPGUI_Command_Data@PPGUI_Command_Data_Base@PPGUI@@@std@@V?$allocator@U?$pair@$$CBITPPGUI_Command_Data@PPGUI_Command_Data_Base@PPGUI@@@std@@@2@@std@@QAEPAU?$_List_node@U?$pair@$$CBITPPGUI_Command_Data@PPGUI_Command_Data_Base@PPGUI@@@std@@PAX@1@PAU21@0ABUpiecewise_construct_t@1@$$QAV?$tuple@ABI@1@$$QAV?$tuple@$$V@1@@Z 1002fbb0 f i PPGUI.obj
 0001:0002ebd0       ??$_Emplace_reallocate@ABUPPGUI_Column@PPGUI_Command_Frame@PPGUI@@@?$vector@UPPGUI_Column@PPGUI_Command_Frame@PPGUI@@V?$allocator@UPPGUI_Column@PPGUI_Command_Frame@PPGUI@@@std@@@std@@QAEPAUPPGUI_Column@PPGUI_Command_Frame@PPGUI@@QAU234@ABU234@@Z 1002fbd0 f i PPGUI.obj
 0001:0002ed80       ??$_Emplace_reallocate@ABVPPGUI_Command_Frame@PPGUI@@@?$vector@VPPGUI_Command_Frame@PPGUI@@V?$allocator@VPPGUI_Command_Frame@PPGUI@@@std@@@std@@QAEPAVPPGUI_Command_Frame@PPGUI@@QAV23@ABV23@@Z 1002fd80 f i PPGUI.obj
 0001:0002ef80       ??$_Fill_unchecked@PAV?$_List_unchecked_iterator@V?$_List_val@U?$_List_simple_types@U?$pair@$$CBITPPGUI_Command_Data@PPGUI_Command_Data_Base@PPGUI@@@std@@@std@@@std@@@std@@V12@@std@@YAXPAV?$_List_unchecked_iterator@V?$_List_val@U?$_List_simple_types@U?$pair@$$CBITPPGUI_Command_Data@PPGUI_Command_Data_Base@PPGUI@@@std@@@std@@@std@@@0@0ABV10@@Z 1002ff80 f i PPGUI.obj
 0001:0002f000       ??$_Insert@AAU?$pair@$$CBITPPGUI_Command_Data@PPGUI_Command_Data_Base@PPGUI@@@std@@V?$_List_unchecked_iterator@V?$_List_val@U?$_List_simple_types@U?$pair@$$CBITPPGUI_Command_Data@PPGUI_Command_Data_Base@PPGUI@@@std@@@std@@@std@@@2@@?$_Hash@V?$_Umap_traits@ITPPGUI_Command_Data@PPGUI_Command_Data_Base@PPGUI@@V?$_Uhash_compare@IU?$hash@I@std@@U?$equal_to@I@2@@std@@V?$allocator@U?$pair@$$CBITPPGUI_Command_Data@PPGUI_Command_Data_Base@PPGUI@@@std@@@5@$0A@@std@@@std@@IAE?AU?$pair@V?$_List_iterator@V?$_List_val@U?$_List_simple_types@U?$pair@$$CBITPPGUI_Command_Data@PPGUI_Command_Data_Base@PPGUI@@@std@@@std@@@std@@@std@@_N@1@AAU?$pair@$$CBITPPGUI_Command_Data@PPGUI_Command_Data_Base@PPGUI@@@1@V?$_List_unchecked_iterator@V?$_List_val@U?$_List_simple_types@U?$pair@$$CBITPPGUI_Command_Data@PPGUI_Command_Data_Base@PPGUI@@@std@@@std@@@std@@@1@@Z 10030000 f i PPGUI.obj
 0001:0002f220       ??$_Uninitialized_move@PAVPPGUI_Command_Frame@PPGUI@@PAV12@V?$allocator@VPPGUI_Command_Frame@PPGUI@@@std@@@std@@YAPAVPPGUI_Command_Frame@PPGUI@@QAV12@0PAV12@AAV?$allocator@VPPGUI_Command_Frame@PPGUI@@@0@@Z 10030220 f i PPGUI.obj
 0001:0002f2b0       ??$construct@VPPGUI_Command_Frame@PPGUI@@V12@@?$_Default_allocator_traits@V?$allocator@VPPGUI_Command_Frame@PPGUI@@@std@@@std@@SAXAAV?$allocator@VPPGUI_Command_Frame@PPGUI@@@1@QAVPPGUI_Command_Frame@PPGUI@@$$QAV34@@Z 100302b0 f i PPGUI.obj
 0001:0002f320       ??$erase@V?$_List_iterator@V?$_List_val@U?$_List_simple_types@U?$pair@$$CBITPPGUI_Command_Data@PPGUI_Command_Data_Base@PPGUI@@@std@@@std@@@std@@@std@@X@?$_Hash@V?$_Umap_traits@ITPPGUI_Command_Data@PPGUI_Command_Data_Base@PPGUI@@V?$_Uhash_compare@IU?$hash@I@std@@U?$equal_to@I@2@@std@@V?$allocator@U?$pair@$$CBITPPGUI_Command_Data@PPGUI_Command_Data_Base@PPGUI@@@std@@@5@$0A@@std@@@std@@QAE?AV?$_List_iterator@V?$_List_val@U?$_List_simple_types@U?$pair@$$CBITPPGUI_Command_Data@PPGUI_Command_Data_Base@PPGUI@@@std@@@std@@@std@@@1@V21@@Z 10030320 f i PPGUI.obj
 0001:0002f3d0       ??0?$vector@UPPGUI_Column@PPGUI_Command_Frame@PPGUI@@V?$allocator@UPPGUI_Column@PPGUI_Command_Frame@PPGUI@@@std@@@std@@QAE@ABV01@@Z 100303d0 f i PPGUI.obj
 0001:0002f480       ??0PPGUI_Command_Frame@PPGUI@@QAE@PAVPPGUI_Command@1@H@Z 10030480 f   PPGUI.obj
 0001:0002f6d0       ??1?$vector@UPPGUI_Column@PPGUI_Command_Frame@PPGUI@@V?$allocator@UPPGUI_Column@PPGUI_Command_Frame@PPGUI@@@std@@@std@@QAE@XZ 100306d0 f i PPGUI.obj
 0001:0002f6e0       ??1?$vector@VPPGUI_Command_Frame@PPGUI@@V?$allocator@VPPGUI_Command_Frame@PPGUI@@@std@@@std@@QAE@XZ 100306e0 f i PPGUI.obj
 0001:0002f750       ??1PPGUI_Command_Frame@PPGUI@@QAE@XZ 10030750 f i PPGUI.obj
 0001:0002f760       ??1PPGUI_Command_List@PPGUI@@QAE@XZ 10030760 f i PPGUI.obj
 0001:0002f800       ??4PPGUI_Command_Frame@PPGUI@@QAEAAV01@$$QAV01@@Z 10030800 f i PPGUI.obj
 0001:0002f870       ??A?$unordered_map@ITPPGUI_Command_Data@PPGUI_Command_Data_Base@PPGUI@@U?$hash@I@std@@U?$equal_to@I@5@V?$allocator@U?$pair@$$CBITPPGUI_Command_Data@PPGUI_Command_Data_Base@PPGUI@@@std@@@5@@std@@QAEAATPPGUI_Command_Data@PPGUI_Command_Data_Base@PPGUI@@ABI@Z 10030870 f i PPGUI.obj
 0001:0002f900       ??R<lambda_edaebc954b53efb5b9670c2111df7194>@@QBEXAATPPGUI_Command_Data@PPGUI_Command_Data_Base@PPGUI@@ABW4PPGUI_Command_Types@3@@Z 10030900 f i PPGUI_Commands.obj
 0001:0002f900       ??R<lambda_8026473273ad38e21d271a762a48cf59>@@QBEXAATPPGUI_Command_Data@PPGUI_Command_Data_Base@PPGUI@@ABW4PPGUI_Command_Types@3@@Z 10030900 f i PPGUI_Commands.obj
 0001:0002f900       ??R<lambda_ebd3fe8d89f8826226563be13e65e40a>@@QBEXAATPPGUI_Command_Data@PPGUI_Command_Data_Base@PPGUI@@ABW4PPGUI_Command_Types@3@@Z 10030900 f i PPGUI_Commands.obj
 0001:0002f900       ??R<lambda_754a2942ec65f727641f86a744eec9ca>@@QBEXAATPPGUI_Command_Data@PPGUI_Command_Data_Base@PPGUI@@ABW4PPGUI_Command_Types@3@@Z 10030900 f i PPGUI_Commands.obj
 0001:0002f900       ??R<lambda_4736b5e46205fa413f66b35da70f91eb>@@QBEXAATPPGUI_Command_Data@PPGUI_Command_Data_Base@PPGUI@@ABW4PPGUI_Command_Types@3@@Z 10030900 f i PPGUI_Commands.obj
 0001:0002f900       ??R<lambda_c63487d0a68111f5e6930a79b22ca9cf>@@QBEXAATPPGUI_Command_Data@PPGUI_Command_Data_Base@PPGUI@@ABW4PPGUI_Command_Types@3@@Z 10030900 f i PPGUI.obj
 0001:0002f900       ??R<lambda_f72052e9904a007b22ce8dc0827c70d7>@@QBEXAATPPGUI_Command_Data@PPGUI_Command_Data_Base@PPGUI@@ABW4PPGUI_Command_Types@3@@Z 10030900 f i PPGUI_Commands.obj
 0001:0002f900       ??R<lambda_dda52d86197754781a619e9cd2a6795d>@@QBEXAATPPGUI_Command_Data@PPGUI_Command_Data_Base@PPGUI@@ABW4PPGUI_Command_Types@3@@Z 10030900 f i PPGUI_Commands.obj
 0001:0002f900       ??R<lambda_a4b7f7056c3066ba3213e3cb871fcf9f>@@QBEXAATPPGUI_Command_Data@PPGUI_Command_Data_Base@PPGUI@@ABW4PPGUI_Command_Types@3@@Z 10030900 f i PPGUI_Commands.obj
 0001:0002f900       ??R<lambda_9e77de5ae44ad38ef2ba1f6f90f70737>@@QBEXAATPPGUI_Command_Data@PPGUI_Command_Data_Base@PPGUI@@ABW4PPGUI_Command_Types@3@@Z 10030900 f i PPGUI_Commands.obj
 0001:0002f900       ??R<lambda_c1a44e165f1181c651573858c7f31a02>@@QBEXAATPPGUI_Command_Data@PPGUI_Command_Data_Base@PPGUI@@ABW4PPGUI_Command_Types@3@@Z 10030900 f i PPGUI_Commands.obj
 0001:0002fa10       ?AddCommandFrame@PPGUI_Framework@PPGUI@@QAEXAAVPPGUI_Command_Frame@2@@Z 10030a10 f i PPGUI.obj
 0001:0002fb50       ?AllocateSpace@PPGUI_Command_Frame@PPGUI@@QAE_NVPPGUI_Vector2D@HELPERS@2@AAV342@AA_N_N@Z 10030b50 f   PPGUI.obj
 0001:0002fda0       ?AllocateSpace@PPGUI_Framework@PPGUI@@QAE_NVPPGUI_Vector2D@HELPERS@2@AAV342@AA_N@Z 10030da0 f   PPGUI.obj
 0001:0002fe10       ?BeginFrame@PPGUI_Framework@PPGUI@@QAEXXZ 10030e10 f   PPGUI.obj
 0001:0002fe20       ?DrawMouse@PPGUI_Framework@PPGUI@@AAEXXZ 10030e20 f   PPGUI.obj
 0001:00030010       ?EndFrame@PPGUI_Framework@PPGUI@@QAEXXZ 10031010 f   PPGUI.obj
 0001:000301e0       ?GetCommandFrame@PPGUI_Framework@PPGUI@@QAEAAVPPGUI_Command_Frame@2@XZ 100311e0 f   PPGUI.obj
 0001:00030220       ?GetCurrentFrameSize@PPGUI_Framework@PPGUI@@QAE?AVPPGUI_Vector2D@HELPERS@2@XZ 10031220 f i PPGUI.obj
 0001:000302c0       ?PPGUI_BeginGroupbox@PPGUI@@YAXPBDHH_N@Z 100312c0 f   PPGUI.obj
 0001:000303e0       ?PPGUI_BeginWindow@PPGUI@@YAXPBDVPPGUI_Vector2D@HELPERS@1@1H@Z 100313e0 f   PPGUI.obj
 0001:000304b0       ?PPGUI_Button@PPGUI@@YA_NPBD_N@Z 100314b0 f   PPGUI.obj
 0001:00030630       ?PPGUI_Checkbox@PPGUI@@YA_NPBDAA_N_N@Z 10031630 f   PPGUI.obj
 0001:00030740       ?PPGUI_ColorPicker@PPGUI@@YAXPBDAAE111_N@Z 10031740 f   PPGUI.obj
 0001:00030850       ?PPGUI_Combobox@PPGUI@@YAHPBDHPAY0BAA@DAAH_N@Z 10031850 f   PPGUI.obj
 0001:00030960       ?PPGUI_EndGroupbox@PPGUI@@YAXXZ 10031960 f   PPGUI.obj
 0001:000309c0       ?PPGUI_EndWindow@PPGUI@@YAXXZ 100319c0 f   PPGUI.obj
 0001:00030aa0       ?PPGUI_Keybind@PPGUI@@YAHPBDAAH_N@Z 10031aa0 f   PPGUI.obj
 0001:00030bc0       ?PPGUI_MultiselectCombobox@PPGUI@@YAXPBDHPAY0BAA@DPA_N_N@Z 10031bc0 f   PPGUI.obj
 0001:00030cb0       ?PPGUI_Separator@PPGUI@@YAXPBD_N@Z 10031cb0 f   PPGUI.obj
 0001:00030d90       ?PPGUI_Slider@PPGUI@@YAMPBD0MMAAMH_N@Z 10031d90 f   PPGUI.obj
 0001:00030ed0       ?PPGUI_Tab@PPGUI@@YAHHPAY0BAA@DAAH_N@Z 10031ed0 f   PPGUI.obj
 0001:00030ff0       ?PPGUI_TextInput@PPGUI@@YAPBDPBDPAD_N@Z 10031ff0 f   PPGUI.obj
 0001:00031100       ?PPGUI_ToolTip@PPGUI@@YAXPBDHVPPGUI_Vector2D@HELPERS@1@@Z 10032100 f   PPGUI.obj
 0001:000311a0       ?RemoveCommandFrame@PPGUI_Framework@PPGUI@@QAEXXZ 100321a0 f i PPGUI.obj
 0001:000312b0       ?_Buynode0@?$_List_alloc@U?$_List_base_types@U?$pair@$$CBITPPGUI_Command_Data@PPGUI_Command_Data_Base@PPGUI@@@std@@V?$allocator@U?$pair@$$CBITPPGUI_Command_Data@PPGUI_Command_Data_Base@PPGUI@@@std@@@2@@std@@@std@@QAEPAU?$_List_node@U?$pair@$$CBITPPGUI_Command_Data@PPGUI_Command_Data_Base@PPGUI@@@std@@PAX@2@PAU32@0@Z 100322b0 f i PPGUI.obj
 0001:000312e0       ?_Destroy@?$vector@VPPGUI_Command_Frame@PPGUI@@V?$allocator@VPPGUI_Command_Frame@PPGUI@@@std@@@std@@AAEXPAVPPGUI_Command_Frame@PPGUI@@0@Z 100322e0 f i PPGUI.obj
[...]
 0002:000184b0       __sehtable$_raise          100884b0     libucrt:signal.obj
 0002:000184d0       __sehtable$??$?RV<lambda_cbab9ec6f41b0180b23cc171c22676b0>@@AAV<lambda_44731a7d0e6d81c3e6aa82d741081786>@@V<lambda_4b292cb8dd18144e164572427af410ab>@@@?$__crt_seh_guarded_call@P6AXH@Z@@QAEP6AXH@Z$$QAV<lambda_cbab9ec6f41b0180b23cc171c22676b0>@@AAV<lambda_44731a7d0e6d81c3e6aa82d741081786>@@$$QAV<lambda_4b292cb8dd18144e164572427af410ab>@@@Z 100884d0     libucrt:signal.obj
 0002:000184f0       __sehtable$?update_thread_multibyte_data_internal@@YAPAU__crt_multibyte_data@@QAU__acrt_ptd@@QAPAU1@@Z 100884f0     libucrt:mbctype.obj
 0002:00018510       __sehtable$??$?RV<lambda_ceb1ee4838e85a9d631eb091e2fbe199>@@AAV<lambda_ae742caa10f662c28703da3d2ea5e57e>@@V<lambda_cd08b5d6af4937fe54fc07d0c9bf6b37>@@@?$__crt_seh_guarded_call@X@@QAEX$$QAV<lambda_ceb1ee4838e85a9d631eb091e2fbe199>@@AAV<lambda_ae742caa10f662c28703da3d2ea5e57e>@@$$QAV<lambda_cd08b5d6af4937fe54fc07d0c9bf6b37>@@@Z 10088510     libucrt:mbctype.obj
 0002:00018530       __sehtable$___acrt_update_thread_locale_data 10088530     libucrt:locale_refcounting.obj
 0002:00018550       __sehtable$__alloc_osfhnd  10088550     libucrt:osfinfo.obj
 0002:00018570       __sehtable$___acrt_lowio_ensure_fh_exists 10088570     libucrt:osfinfo.obj
 0002:00018590       __sehtable$??$common_sopen_dispatch@D@@YAHQBDHHHQAHH@Z 10088590     libucrt:open.obj
 0002:000185b0       __sehtable$??$common_getenv_s@D@@YAHQAIQADIQBD@Z 100885b0     libucrt:getenv.obj
 0002:000185d0       __sehtable$__IsNonwritableInCurrentImage 100885d0     LIBCMT:pesect.obj
 0002:0001896e       .idata$6                   1008896e     kernel32:KERNEL32.dll
 0002:00018a14       .idata$6                   10088a14     user32:USER32.dll
 0002:00018a34       .idata$6                   10088a34     gdi32:GDI32.dll
 0002:00018a3e       .idata$6                   10088a3e     oleaut32:OLEAUT32.dll
 0002:00018a62       .idata$6                   10088a62     urlmon:urlmon.dll
 0002:00018a9c       .idata$6                   10088a9c     Winmm:WINMM.dll
 0003:00000044       ?material_update_time@?1??UpdateMaterials@CChams@VISUALS@FEATURES@@AAEXXZ@4IA 1008a044     Chams.obj
 0003:00000048       ?created@?1??CreateMaterial@CChams@VISUALS@FEATURES@@QAEPAVIMaterial@SDK@@_N00@Z@4HA 1008a048     Chams.obj
 0003:0000a490       ?main_tabs@?BE@??Do@MENU@PPGUI@@YAXXZ@4PAY0BAA@DA 10094490     Menu.obj
 0003:0000a890       ?ignore_types@?BL@??Do@MENU@PPGUI@@YAXXZ@4PAY0BAA@DA 10094890     Menu.obj
 0003:0000ad90       ?autostop_types@?BL@??Do@MENU@PPGUI@@YAXXZ@4PAY0BAA@DA 10094d90     Menu.obj
 0003:0000af90       ?delay_shot_types@?BL@??Do@MENU@PPGUI@@YAXXZ@4PAY0BAA@DA 10094f90     Menu.obj
 0003:0000b190       ?fake_latency_types@?BL@??Do@MENU@PPGUI@@YAXXZ@4PAY0BAA@DA 10095190     Menu.obj
 0003:0000b390       ?accuracy_types@?BL@??Do@MENU@PPGUI@@YAXXZ@4PAY0BAA@DA 10095390     Menu.obj
 0003:0000b690       ?hitscan_items@?BL@??Do@MENU@PPGUI@@YAXXZ@4PAY0BAA@DA 10095690     Menu.obj
 0003:0000bb90       ?antiaim_tabs@?DG@??Do@MENU@PPGUI@@YAXXZ@4PAY0BAA@DA 10095b90     Menu.obj
 0003:0000bf90       ?antiaim_real_types@?DG@??Do@MENU@PPGUI@@YAXXZ@4PAY0BAA@DA 10095f90     Menu.obj
 0003:0000c490       ?antiaim_fake_types@?DG@??Do@MENU@PPGUI@@YAXXZ@4PAY0BAA@DA 10096490     Menu.obj
 0003:0000ca90       ?antiaim_pitch_types@?DG@??Do@MENU@PPGUI@@YAXXZ@4PAY0BAA@DA 10096a90     Menu.obj
 0003:0000ce90       ?antiaim_edging_types@?EO@??Do@MENU@PPGUI@@YAXXZ@4PAY0BAA@DA 10096e90     Menu.obj
 0003:0000d190       ?thirdperson_angles@?FD@??Do@MENU@PPGUI@@YAXXZ@4PAY0BAA@DA 10097190     Menu.obj
 0003:0000d490       ?glow_types@?IJ@??Do@MENU@PPGUI@@YAXXZ@4PAY0BAA@DA 10097490     Menu.obj
 0003:0000d890       ?clan_tag_changer_styles@?NP@??Do@MENU@PPGUI@@YAXXZ@4PAY0BAA@DA 10097890     Menu.obj
 0003:0000e458       ?buf@?1??TexturedPolygon@RENDER@@YAXHV?$vector@UVertex_t@SDK@@V?$allocator@UVertex_t@SDK@@@std@@@std@@VCColor@@@Z@4PAEA 10098458     render.obj
 0003:0000e460       ?init@std@@3JA             10098460     libcpmt:xlock.obj
 0003:0000e4bc       ?atcount_cdecl@@3IA        100984bc     libcpmt:iosptrs.obj
 0003:0000e500       ?__vcrt_flsindex@@3KA      10098500     libvcruntime:per_thread_data.obj
 0003:0000e520       ?errno_no_memory@@3HA      10098520     libucrt:errno.obj
 0003:0000e524       ?doserrno_no_memory@@3KA   10098524     libucrt:errno.obj
 0003:0000e650       ?__acrt_flsindex@@3KA      10098650     libucrt:per_thread_data.obj
 0003:0000e660       __ctype_loc_style          10098660     libucrt:wsetlocale.obj
 0003:0000e870       ?tzstd_program@@3PADA      10098870     libucrt:timeset.obj
 0003:0000e8b0       ?tzdst_program@@3PADA      100988b0     libucrt:timeset.obj
 0003:0000e8f0       ?tzname_states@@3PAY01PADA 100988f0     libucrt:timeset.obj
 0003:0000e8f8       ?dststart@@3Utransitiondate@?A0x7639d0b4@@A 100988f8     libucrt:tzset.obj
 0003:0000e904       ?dstend@@3Utransitiondate@?A0x7639d0b4@@A 10098904     libucrt:tzset.obj
 0003:0000eb40       __mbctypes                 10098b40     libucrt:mbctype.obj
 0003:0000ec48       __mbcasemaps               10098c48     libucrt:mbctype.obj
 0003:0000ed48       ?__rgctypeflag@@3PADA      10098d48     libucrt:mbctype.obj
 0003:0000ed50       ?__rgcode_page_info@@3PAUcode_page_info@@A 10098d50     libucrt:mbctype.obj
 0003:0000ee40       ?__dcrt_lowio_console_output_handle@@3PAXA 10098e40     libucrt:initcon.obj
 0003:000bdc78       ?duration_spent_aiming@?1??Do@Aimbot@RAGEBOT@FEATURES@@QAEXPAVCUserCmd@SDK@@@Z@4MA 10147c78     Aimbot.obj
 0003:000bf02c       ?last_lby@?M@??UpdateLBY@Antiaim@RAGEBOT@FEATURES@@QAEXXZ@4MA 1014902c     Antiaim.obj
 0003:000bf030       ?switch_bool@?6??BreakLBY@Antiaim@RAGEBOT@FEATURES@@AAEMMM_N@Z@4_NA 10149030     Antiaim.obj
 0003:000bf040       ?HBP@?1??CanPenetrate@Autowall@RAGEBOT@FEATURES@@AAE_NPAVCBaseEntity@SDK@@AAUAutowall_Info@234@PAUWeapon_Info@6@@Z@4P6E_N0PAMPAHPADPAUtrace_t@6@PAVVector@@HMMHHM47HH3@ZA 10149040     Autowall.obj
 0003:000bf044       ?$TSS0@?1??CanPenetrate@Autowall@RAGEBOT@FEATURES@@AAE_NPAVCBaseEntity@SDK@@AAUAutowall_Info@234@PAUWeapon_Info@6@@Z@4HA 10149044     Autowall.obj
 0003:000bf3b4       ?InvalidateBoneCache@?1??0CBacktracking@RAGEBOT@FEATURES@@CAXPAVCBaseEntity@SDK@@@Z@4IA 101493b4     Backtracking.obj
 0003:000bf3b8       ?$TSS0@?1??InvalidateBoneCache@CBacktracking@RAGEBOT@FEATURES@@CAXPAVCBaseEntity@SDK@@@Z@4HA 101493b8     Backtracking.obj
 0003:000bf3bc       ?g_iModelBoneCounter@?1??InvalidateBoneCache@CBacktracking@RAGEBOT@FEATURES@@CAXPAVCBaseEntity@SDK@@@Z@4IA 101493bc     Backtracking.obj
 0003:000bf3c0       ?$TSS1@?1??InvalidateBoneCache@CBacktracking@RAGEBOT@FEATURES@@CAXPAVCBaseEntity@SDK@@@Z@4HA 101493c0     Backtracking.obj
 0003:000bf3c4       ?cl_interp_ratio@?1??GetLerpTicks@CBacktracking@RAGEBOT@FEATURES@@SAHXZ@4QAVConVar@SDK@@A 101493c4     Backtracking.obj
 0003:000bf3c8       ?$TSS0@?1??GetLerpTicks@CBacktracking@RAGEBOT@FEATURES@@SAHXZ@4HA 101493c8     Backtracking.obj
 0003:000bf3cc       ?cl_updaterate@?1??GetLerpTicks@CBacktracking@RAGEBOT@FEATURES@@SAHXZ@4QAVConVar@SDK@@A 101493cc     Backtracking.obj
 0003:000bf3d0       ?$TSS1@?1??GetLerpTicks@CBacktracking@RAGEBOT@FEATURES@@SAHXZ@4HA 101493d0     Backtracking.obj
 0003:000bf3d4       ?cl_interp@?1??GetLerpTicks@CBacktracking@RAGEBOT@FEATURES@@SAHXZ@4QAVConVar@SDK@@A 101493d4     Backtracking.obj
 0003:000bf3d8       ?$TSS2@?1??GetLerpTicks@CBacktracking@RAGEBOT@FEATURES@@SAHXZ@4HA 101493d8     Backtracking.obj
 0003:000bf404       ?initilized@?1??UpdateMaterials@CChams@VISUALS@FEATURES@@AAEXXZ@4_NA 10149404     Chams.obj
 0003:000bf405       ?last_local_wireframe@?1??UpdateMaterials@CChams@VISUALS@FEATURES@@AAEXXZ@4_NA 10149405     Chams.obj
 0003:000bf406       ?last_enemy_wireframe@?1??UpdateMaterials@CChams@VISUALS@FEATURES@@AAEXXZ@4_NA 10149406     Chams.obj
 0003:000bf407       ?last_team_wireframe@?1??UpdateMaterials@CChams@VISUALS@FEATURES@@AAEXXZ@4_NA 10149407     Chams.obj
 0003:000bf408       ?address@?1??InitKeyValues@CChams@VISUALS@FEATURES@@AAEXPAVKeyValues@SDK@@V?$basic_string@DU?$char_traits@D@std@@V?$allocator@D@2@@std@@@Z@4IA 10149408     Chams.obj
 0003:000bf40c       ?$TSS0@?1??InitKeyValues@CChams@VISUALS@FEATURES@@AAEXPAVKeyValues@SDK@@V?$basic_string@DU?$char_traits@D@std@@V?$allocator@D@2@@std@@@Z@4HA 1014940c     Chams.obj
 0003:000bf410       ?address@?1??LoadFromBuffer@CChams@VISUALS@FEATURES@@AAEXPAVKeyValues@SDK@@V?$basic_string@DU?$char_traits@D@std@@V?$allocator@D@2@@std@@1@Z@4IA 10149410     Chams.obj
 0003:000bf414       ?$TSS0@?1??LoadFromBuffer@CChams@VISUALS@FEATURES@@AAEXPAVKeyValues@SDK@@V?$basic_string@DU?$char_traits@D@std@@V?$allocator@D@2@@std@@1@Z@4HA 10149414     Chams.obj
 0003:000bf418       ?tmp@?1??CreateMaterial@CChams@VISUALS@FEATURES@@QAEPAVIMaterial@SDK@@_N00@Z@4V?$basic_string@DU?$char_traits@D@std@@V?$allocator@D@2@@std@@A 10149418     Chams.obj
 0003:000bf430       ?$TSS0@?1??CreateMaterial@CChams@VISUALS@FEATURES@@QAEPAVIMaterial@SDK@@_N00@Z@4HA 10149430     Chams.obj
 0003:000bf435       ?clock_wise@?1??Do@CircleStrafer@MISC@FEATURES@@QAEXPAVCUserCmd@SDK@@@Z@4_NA 10149435     CircleStrafer.obj
 0003:000bf4fc       ?is_initialized@?1??StartPrediction@EnginePrediction@MISC@FEATURES@@QAEXPAVCUserCmd@SDK@@@Z@4_NA 101494fc     EnginePrediction.obj
 0003:000bf510       ?last_networked_origin@?1??HookedSetupBones@MISC@FEATURES@@YI_NPAX0PAUmatrix3x4_t@@HHM@Z@4VVector@@A 10149510     Misc.obj
 0003:000bf51c       ?is_init@?6??Misc@MISC@FEATURES@@YAXXZ@4_NA 1014951c     Misc.obj
 0003:000bf520       ?delay@?1??AutoRevolver@MISC@FEATURES@@YAXPAVCUserCmd@SDK@@@Z@4MA 10149520     Misc.obj
 0003:000ff478       ?last_time@?1??Do@VISUALS@FEATURES@@YAXXZ@4IA 10189478     Visuals.obj
 0003:000ff48c       ?molotov_throw_detonate_time@?1??DrawGrenadePrediction@VisualsMisc@VISUALS@FEATURES@@AAEXXZ@4PAVConVar@SDK@@A 1018948c     VisualsMisc.obj
 0003:000ff490       ?$TSS0@?1??DrawGrenadePrediction@VisualsMisc@VISUALS@FEATURES@@AAEXXZ@4HA 10189490     VisualsMisc.obj
 0003:000ff494       ?weapon_molotov_maxdetonateslope@?1??DrawGrenadePrediction@VisualsMisc@VISUALS@FEATURES@@AAEXXZ@4PAVConVar@SDK@@A 10189494     VisualsMisc.obj
 0003:000ff498       ?$TSS1@?1??DrawGrenadePrediction@VisualsMisc@VISUALS@FEATURES@@AAEXXZ@4HA 10189498     VisualsMisc.obj
 0003:000ff49c       ?sv_gravity@?1??DrawGrenadePrediction@VisualsMisc@VISUALS@FEATURES@@AAEXXZ@4PAVConVar@SDK@@A 1018949c     VisualsMisc.obj
 0003:000ff4a0       ?$TSS2@?1??DrawGrenadePrediction@VisualsMisc@VISUALS@FEATURES@@AAEXXZ@4HA 101894a0     VisualsMisc.obj
 0003:001016bc       ?skybox_var@?1??DoFSN@WorldTextures@VISUALS@FEATURES@@QAEXXZ@4PAVConVar@SDK@@A 1018b6bc     World Textures.obj
 0003:001016c0       ?$TSS0@?1??DoFSN@WorldTextures@VISUALS@FEATURES@@QAEXXZ@4HA 1018b6c0     World Textures.obj
 0003:001016d4       ?menu_open@?1??Do@MENU@PPGUI@@YAXXZ@4_NA 1018b6d4     Menu.obj
 0003:001016d8       ?selected_weapon@?8??Do@MENU@PPGUI@@YAXXZ@4HA 1018b6d8     Menu.obj
 0003:001016dc       ?selected_main_tab@?BE@??Do@MENU@PPGUI@@YAXXZ@4HA 1018b6dc     Menu.obj
 0003:001016e0       ?selected_antiaim_tab@?DG@??Do@MENU@PPGUI@@YAXXZ@4HA 1018b6e0     Menu.obj
 0003:001016e4       ?test_bool_1@?FA@??Do@MENU@PPGUI@@YAXXZ@4_NA 1018b6e4     Menu.obj
 0003:001016e8       ?ragebot_configs@?LD@??Do@MENU@PPGUI@@YAXXZ@4PAY0BAA@DA 1018b6e8     Menu.obj
 0003:00102ae8       ?selected_ragebot_config@?LD@??Do@MENU@PPGUI@@YAXXZ@4HA 1018cae8     Menu.obj
 0003:00102af0       ?new_config_name@?LG@??Do@MENU@PPGUI@@YAXXZ@4PADA 1018caf0     Menu.obj
 0003:00102bf0       ?new_config_name@?LN@??Do@MENU@PPGUI@@YAXXZ@4PADA 1018cbf0     Menu.obj
 0003:00102cf0       ?main_configs@?MJ@??Do@MENU@PPGUI@@YAXXZ@4PAY0BAA@DA 1018ccf0     Menu.obj
 0003:001040f0       ?selected_main_config@?MJ@??Do@MENU@PPGUI@@YAXXZ@4HA 1018e0f0     Menu.obj
 0003:001040f8       ?new_config_name@?MM@??Do@MENU@PPGUI@@YAXXZ@4PADA 1018e0f8     Menu.obj
 0003:001041f8       ?new_config_name@?ND@??Do@MENU@PPGUI@@YAXXZ@4PADA 1018e1f8     Menu.obj
 0003:001042f8       ?random_num@?2??Draw@PPGUI_Window_Command@PPGUI@@UAEXXZ@4PAMA 1018e2f8     PPGUI_Commands.obj
 0003:0010435c       ?is_init@?3??Draw@PPGUI_Window_Command@PPGUI@@UAEXXZ@4_NA 1018e35c     PPGUI_Commands.obj
 0003:001045b0       ?linegoesthrusmoke@@3IA    1018e5b0     hooks.obj
 0003:00104618       ?smokecout@?4??HookedSceneEnd@HOOKS@@YIXPAX0@Z@4KA 1018e618     hooks.obj
 0003:0010461c       ?$TSS2@?4??HookedSceneEnd@HOOKS@@YIXPAX0@Z@4HA 1018e61c     hooks.obj
 0003:00104ea0       ?file_path@?1??Log@UTILS@@YAXV?$basic_string@DU?$char_traits@D@std@@V?$allocator@D@2@@std@@@Z@4PADA 1018eea0     logging.obj
 0003:00104fa4       ?is_init@?2??Log@UTILS@@YAXV?$basic_string@DU?$char_traits@D@std@@V?$allocator@D@2@@std@@@Z@4_NA 1018efa4     logging.obj
 0003:00105094       ?texture_id@?1??TexturedPolygon@RENDER@@YAXHV?$vector@UVertex_t@SDK@@V?$allocator@UVertex_t@SDK@@@std@@@std@@VCColor@@@Z@4HA 1018f094     render.obj
 0003:00105098       ?$TSS0@?1??TexturedPolygon@RENDER@@YAXHV?$vector@UVertex_t@SDK@@V?$allocator@UVertex_t@SDK@@@std@@@std@@VCColor@@@Z@4HA 1018f098     render.obj
 0003:00105144       ?old_width@?1??ShouldReloadFonts@FONTS@@YA_NXZ@4HA 1018f144     variables.obj
 0003:00105148       ?old_height@?1??ShouldReloadFonts@FONTS@@YA_NXZ@4HA 1018f148     variables.obj
 0003:0010514c       ?is_init@?1??InitFonts@FONTS@@YAXXZ@4_NA 1018f14c     variables.obj
 0003:00105150       ?initlocks@std@@3V_Init_locks@1@A 1018f150     libcpmt:xlock.obj
 0003:00105158       ?mtx@std@@3PAU_RTL_CRITICAL_SECTION@@A 1018f158     libcpmt:xlock.obj
 0003:00105234       ?classic_locale@std@@3Vlocale@1@A 1018f234     libcpmt:locale0.obj
 0003:0010523c       ?_Fac_tidy_reg@std@@3U_Fac_tidy_reg_t@1@B 1018f23c     libcpmt:locale0.obj
 0003:00105240       ?_Fac_head@std@@3PAU_Fac_node@1@A 1018f240     libcpmt:locale0.obj
 0003:00105244       _global_locale             1018f244     libcpmt:locale0.obj
 0003:00105248       ?registered@?1??_Setgloballocale@locale@std@@CAXPAX@Z@4_NA 1018f248     libcpmt:locale0.obj
 0003:00105250       ?stdstr@std@@3PAPAVios_base@1@A 1018f250     libcpmt:ios.obj
 0003:00105278       ?stdopens@std@@3PADA       1018f278     libcpmt:ios.obj
 0003:00105288       ?initlocks@@3V_Init_locks@std@@A 1018f288     libcpmt:cout.obj
 0003:00105289       ?init_cout@std@@3U_Init_cout@1@A 1018f289     libcpmt:cout.obj
 0003:001052e0       ?fout@std@@3V?$basic_filebuf@DU?$char_traits@D@std@@@1@A 1018f2e0     libcpmt:cout.obj
 0003:0010535c       ?initlocks@std@@3V_Init_locks@1@A 1018f35c     libcpmt:iosptrs.obj
 0003:0010535d       ?init_atexit@@3U_Init_atexit@@A 1018f35d     libcpmt:iosptrs.obj
 0003:00105360       ?atfuns_cdecl@@3PAP6AXXZA  1018f360     libcpmt:iosptrs.obj
 0003:001054a0       ?_Tss_mutex@@3U_RTL_CRITICAL_SECTION@@A 1018f4a0     LIBCMT:thread_safe_statics.obj
 0003:001054b8       ?_Tss_cv@@3U_RTL_CONDITION_VARIABLE@@A 1018f4b8     LIBCMT:thread_safe_statics.obj
 0003:001054bc       ?_Tss_event@@3PAXA         1018f4bc     LIBCMT:thread_safe_statics.obj
 0003:001054c0       ?encoded_sleep_condition_variable_cs@@3P6GHPAU_RTL_CONDITION_VARIABLE@@PAU_RTL_CRITICAL_SECTION@@K@ZA 1018f4c0     LIBCMT:thread_safe_statics.obj
 0003:001054c4       ?encoded_wake_all_condition_variable@@3P6GXPAU_RTL_CONDITION_VARIABLE@@@ZA 1018f4c4     LIBCMT:thread_safe_statics.obj
 0003:001054d4       ?is_initialized_as_dll@@3_NA 1018f4d4     LIBCMT:utility.obj
 0003:001054d5       ?module_local_atexit_table_initialized@@3_NA 1018f4d5     LIBCMT:utility.obj
 0003:001054d8       ?module_local_atexit_table@@3U_onexit_table_t@@A 1018f4d8     LIBCMT:utility.obj
 0003:001054e4       ?module_local_at_quick_exit_table@@3U_onexit_table_t@@A 1018f4e4     LIBCMT:utility.obj
 0003:001054f0       _GS_ExceptionRecord        1018f4f0     LIBCMT:gs_report.obj
 0003:00105540       _GS_ContextRecord          1018f540     LIBCMT:gs_report.obj
 0003:0010580c       ?__proc_attached@@3HA      1018f80c     LIBCMT:dll_dllmain.obj
 0003:00105838       ?__vcrt_startup_thread_ptd@@3U__vcrt_ptd@@A 1018f838     libvcruntime:per_thread_data.obj
 0003:00105860       ___vcrt_lock_table         1018f860     libvcruntime:locks.obj
 0003:00105878       ___vcrt_locks_initialized  1018f878     libvcruntime:locks.obj
 0003:0010587c       ?module_handles@@3PAPAUHINSTANCE__@@A 1018f87c     libvcruntime:winapi_downlevel.obj
 0003:00105888       ?encoded_function_pointers@@3PAPAXA 1018f888     libvcruntime:winapi_downlevel.obj
 0003:001058c4       ?heap@@3V_HeapManager@@A   1018f8c4     libvcruntime:undname.obj
 0003:001058d8       ?__acrt_invalid_parameter_handler@@3V?$dual_state_global@P6AXPB_W00II@Z@__crt_state_management@@A 1018f8d8     libucrt:invalid_parameter.obj
 0003:001058f0       ?__acrt_lock_table@@3PAU_RTL_CRITICAL_SECTION@@A 1018f8f0     libucrt:locks.obj
 0003:00105a40       ?__acrt_locks_initialized@@3IA 1018fa40     libucrt:locks.obj
 0003:00105a44       ?__acrt_new_handler@@3V?$dual_state_global@P6AHI@Z@__crt_state_management@@A 1018fa44     libucrt:new_handler.obj
 0003:00105a48       ?c_termination_complete@@3JA 1018fa48     libucrt:exit.obj
 0003:00105a4c       ?thread_local_exit_callback_func@@3P6GXPAXK0@ZA 1018fa4c     libucrt:exit.obj
 0003:00105a58       ?program_name@?1???$common_configure_argv@D@@YAHW4_crt_argv_mode@@@Z@4PADA 1018fa58     libucrt:argv_parsing.obj
 0003:00105b88       __pmatherr_set             1018fb88     libucrt:libm_error.obj
 0003:00105b8c       ?internal_state@?1??_mbtowc_l@@9@4U_Mbstatet@@A 1018fb8c     libucrt:mbtowc.obj
 0003:00105b94       ?enable_percent_n@@3IA     1018fb94     libucrt:printf_count_output.obj
 0003:00105db0       ?module_handles@@3PAPAUHINSTANCE__@@A 1018fdb0     libucrt:winapi_thunks.obj
 0003:00105e00       ?encoded_function_pointers@@3PAPAXA 1018fe00     libucrt:winapi_thunks.obj
 0003:00105e88       ?static_enum_proc@?1??enum_system_locales_ex_nolock@@YAHQ6GHPA_WKJ@Z@Z@4P6GH0KJ@ZA 1018fe88     libucrt:winapi_thunks.obj
 0003:00105e98       ?_tzname@@3V?$dual_state_global@PAPAD@__crt_state_management@@A 1018fe98     libucrt:timeset.obj
 0003:00105e9c       ?last_tz@@3PADA            1018fe9c     libucrt:tzset.obj
 0003:00105ea0       ?tz_api_used@@3HA          1018fea0     libucrt:tzset.obj
 0003:00105ea8       ?tz_info@@3U_TIME_ZONE_INFORMATION@@A 1018fea8     libucrt:tzset.obj
 0003:00105f54       ?first_time@?1??__tzset@@9@4JA 1018ff54     libucrt:tzset.obj
 0003:00105f5c       ?ctrlc_action@@3V?$dual_state_global@P6AXH@Z@__crt_state_management@@A 1018ff5c     libucrt:signal.obj
 0003:00105f60       ?ctrlbreak_action@@3V?$dual_state_global@P6AXH@Z@__crt_state_management@@A 1018ff60     libucrt:signal.obj
 0003:00105f64       ?abort_action@@3V?$dual_state_global@P6AXH@Z@__crt_state_management@@A 1018ff64     libucrt:signal.obj
 0003:00105f68       ?term_action@@3V?$dual_state_global@P6AXH@Z@__crt_state_management@@A 1018ff68     libucrt:signal.obj
 0003:00105f78       ?fSystemSet@@3HA           1018ff78     libucrt:mbctype.obj
 0003:00105f7c       ?initialized@?1??__acrt_initialize_multibyte@@9@4_NA 1018ff7c     libucrt:mbctype.obj
 0003:00105f9c       ?user_matherr@@3V?$dual_state_global@P6AHPAU_exception@@@Z@__crt_state_management@@A 1018ff9c     libucrt:matherr.obj
 0003:00105fa0       ?__acrt_global_new_mode@@3V?$dual_state_global@J@__crt_state_management@@A 1018ffa0     libucrt:new_mode.obj
 0003:00105fa8       ?internal_pst@?1??__mbrtoc32_utf8@__crt_mbstring@@YAIPA_UPBDIPAU_Mbstatet@@@Z@4U3@A 1018ffa8     libucrt:mbrtoc32.obj
 0003:00105fb0       ?__acrt_app_type@@3W4_crt_app_type@@A 1018ffb0     libucrt:report_runtime_error.obj
 0003:00105fb8       ?internal_pst@?1??__c16rtomb_utf8@__crt_mbstring@@YAIPAD_SPAU_Mbstatet@@@Z@4U3@A 1018ffb8     libucrt:c16rtomb.obj
 0004:00000060       $R000000                   10190060     * linker generated manifest res *

 Exports

  ordinal    name

